22:18:11.840 [main] INFO org.springframework.test.context.support.AnnotationConfigContextLoaderUtils -- Could not detect default configuration classes for test class [com.scrapy.demo.controller.CourseControllerTest]: CourseControllerTest does not declare any static, non-private, non-final, nested classes annotated with @Configuration.
22:18:12.337 [main] INFO org.springframework.boot.test.context.SpringBootTestContextBootstrapper -- Found @SpringBootConfiguration com.scrapy.demo.ScrapyApplication for test class com.scrapy.demo.controller.CourseControllerTest

  .   ____          _            __ _ _
 /\\ / ___'_ __ _ _(_)_ __  __ _ \ \ \ \
( ( )\___ | '_ | '_| | '_ \/ _` | \ \ \ \
 \\/  ___)| |_)| | | | | || (_| |  ) ) ) )
  '  |____| .__|_| |_|_| |_\__, | / / / /
 =========|_|==============|___/=/_/_/_/

 :: Spring Boot ::                (v3.3.6)

2026-02-11T22:18:13.877+08:00  INFO 22564 --- [scrapy] [           main] c.s.d.controller.CourseControllerTest    : Starting CourseControllerTest using Java 21.0.2 with PID 22564 (started by Administrator in D:\begin\code\java_project\demo)
2026-02-11T22:18:13.881+08:00  INFO 22564 --- [scrapy] [           main] c.s.d.controller.CourseControllerTest    : The following 1 profile is active: "test"
2026-02-11T22:18:17.776+08:00  INFO 22564 --- [scrapy] [           main] .s.d.r.c.RepositoryConfigurationDelegate : Bootstrapping Spring Data JPA repositories in DEFAULT mode.
2026-02-11T22:18:18.084+08:00  INFO 22564 --- [scrapy] [           main] .s.d.r.c.RepositoryConfigurationDelegate : Finished Spring Data repository scanning in 277 ms. Found 5 JPA repository interfaces.
2026-02-11T22:18:20.790+08:00  INFO 22564 --- [scrapy] [           main] com.zaxxer.hikari.HikariDataSource       : HikariPool-1 - Starting...
2026-02-11T22:18:21.587+08:00  INFO 22564 --- [scrapy] [           main] com.zaxxer.hikari.pool.HikariPool        : HikariPool-1 - Added connection com.mysql.cj.jdbc.ConnectionImpl@11abd6c
2026-02-11T22:18:21.595+08:00  INFO 22564 --- [scrapy] [           main] com.zaxxer.hikari.HikariDataSource       : HikariPool-1 - Start completed.
2026-02-11T22:18:22.039+08:00  INFO 22564 --- [scrapy] [           main] o.hibernate.jpa.internal.util.LogHelper  : HHH000204: Processing PersistenceUnitInfo [name: default]
2026-02-11T22:18:22.324+08:00  INFO 22564 --- [scrapy] [           main] org.hibernate.Version                    : HHH000412: Hibernate ORM core version 6.5.3.Final
2026-02-11T22:18:22.501+08:00  INFO 22564 --- [scrapy] [           main] o.h.c.internal.RegionFactoryInitiator    : HHH000026: Second-level cache disabled
2026-02-11T22:18:23.652+08:00  INFO 22564 --- [scrapy] [           main] o.s.o.j.p.SpringPersistenceUnitInfo      : No LoadTimeWeaver setup: ignoring JPA class transformer
2026-02-11T22:18:23.906+08:00  WARN 22564 --- [scrapy] [           main] org.hibernate.orm.deprecation            : HHH90000025: MySQLDialect does not need to be specified explicitly using 'hibernate.dialect' (remove the property setting and it will be selected by default)
2026-02-11T22:18:27.043+08:00  INFO 22564 --- [scrapy] [           main] o.h.e.t.j.p.i.JtaPlatformInitiator       : HHH000489: No JTA platform available (set 'hibernate.transaction.jta.platform' to enable JTA platform integration)
2026-02-11T22:18:27.334+08:00  INFO 22564 --- [scrapy] [           main] j.LocalContainerEntityManagerFactoryBean : Initialized JPA EntityManagerFactory for persistence unit 'default'
2026-02-11T22:18:31.331+08:00  WARN 22564 --- [scrapy] [           main] JpaBaseConfiguration$JpaWebConfiguration : spring.jpa.open-in-view is enabled by default. Therefore, database queries may be performed during view rendering. Explicitly configure spring.jpa.open-in-view to disable this warning
2026-02-11T22:18:31.753+08:00  INFO 22564 --- [scrapy] [           main] eAuthenticationProviderManagerConfigurer : Global AuthenticationManager configured with AuthenticationProvider bean with name authenticationProvider
2026-02-11T22:18:31.754+08:00  WARN 22564 --- [scrapy] [           main] r$InitializeUserDetailsManagerConfigurer : Global AuthenticationManager configured with an AuthenticationProvider bean. UserDetailsService beans will not be used for username/password login. Consider removing the AuthenticationProvider bean. Alternatively, consider using the UserDetailsService in a manually instantiated DaoAuthenticationProvider.
2026-02-11T22:18:35.835+08:00  INFO 22564 --- [scrapy] [           main] o.s.b.a.e.web.EndpointLinksResolver      : Exposing 1 endpoint beneath base path '/actuator'
2026-02-11T22:18:39.043+08:00  INFO 22564 --- [scrapy] [           main] o.s.b.t.m.w.SpringBootMockServletContext : Initializing Spring TestDispatcherServlet ''
2026-02-11T22:18:39.045+08:00  INFO 22564 --- [scrapy] [           main] o.s.t.web.servlet.TestDispatcherServlet  : Initializing Servlet ''
2026-02-11T22:18:39.050+08:00  INFO 22564 --- [scrapy] [           main] o.s.t.web.servlet.TestDispatcherServlet  : Completed initialization in 4 ms
2026-02-11T22:18:39.415+08:00  INFO 22564 --- [scrapy] [           main] c.s.d.controller.CourseControllerTest    : Started CourseControllerTest in 26.428 seconds (process running for 30.6)
mvn : WARNING: A Java agent has been loaded dynamically (C:\Users\Administrator
\.m2\repository\net\bytebuddy\byte-buddy-agent\1.14.19\byte-buddy-agent-1.14.19
.jar)
所在位置 行:1 字符: 1
+ mvn clean test -q 2>&1 > test-output.log; Write-Host "Tests completed ...
+ ~~~~~~~~~~~~~~~~~~~~~~~~~~~~~~~~~~~~~~~~
    + CategoryInfo          : NotSpecified: (WARNING: A Java...nt-1.14.19.jar) 
   :String) [], RemoteException
    + FullyQualifiedErrorId : NativeCommandError
 
WARNING: If a serviceability tool is in use, please run with -XX:+EnableDynamic
AgentLoading to hide this warning
WARNING: If a serviceability tool is not in use, please run with -Djdk.instrume
nt.traceUsage for more information
WARNING: Dynamic loading of agents will be disallowed by default in a future re
lease
Java HotSpot(TM) 64-Bit Server VM warning: Sharing is only supported for boot l
oader classes because bootstrap classpath has been appended
Hibernate: 
    insert 
    into
        courses
        (credit, name, teacher_name) 
    values
        (?, ?, ?)

MockHttpServletRequest:
      HTTP Method = GET
      Request URI = /api/courses/name/%E9%AB%98%E7%AD%89%E6%95%B0%E5%AD%A6
       Parameters = {}
          Headers = []
             Body = null
    Session Attrs = {}

Handler:
             Type = null

Async:
    Async started = false
     Async result = null

Resolved Exception:
             Type = null

ModelAndView:
        View name = null
             View = null
            Model = null

FlashMap:
       Attributes = null

MockHttpServletResponse:
           Status = 401
    Error message = Unauthorized
          Headers = [WWW-Authenticate:"Basic realm="Realm"", X-Content-Type-Options:"nosniff", X-XSS-Protection:"0", Cache-Control:"no-cache, no-store, max-age=0, must-revalidate", Pragma:"no-cache", Expires:"0", X-Frame-Options:"DENY"]
     Content type = null
             Body = 
    Forwarded URL = null
   Redirected URL = null
          Cookies = []

MockHttpServletRequest:
      HTTP Method = DELETE
      Request URI = /api/courses/999
       Parameters = {}
          Headers = []
             Body = null
    Session Attrs = {}

Handler:
             Type = null

Async:
    Async started = false
     Async result = null

Resolved Exception:
             Type = null

ModelAndView:
        View name = null
             View = null
            Model = null

FlashMap:
       Attributes = null

MockHttpServletResponse:
           Status = 401
    Error message = Unauthorized
          Headers = [WWW-Authenticate:"Basic realm="Realm"", X-Content-Type-Options:"nosniff", X-XSS-Protection:"0", Cache-Control:"no-cache, no-store, max-age=0, must-revalidate", Pragma:"no-cache", Expires:"0", X-Frame-Options:"DENY"]
     Content type = null
             Body = 
    Forwarded URL = null
   Redirected URL = null
          Cookies = []

MockHttpServletRequest:
      HTTP Method = POST
      Request URI = /api/courses
       Parameters = {}
          Headers = [Content-Type:"application/json;charset=UTF-8", Content-Length:"55"]
             Body = {"id":null,"name":null,"credit":4.0,"teacherName":null}
    Session Attrs = {}

Handler:
             Type = null

Async:
    Async started = false
     Async result = null

Resolved Exception:
             Type = null

ModelAndView:
        View name = null
             View = null
            Model = null

FlashMap:
       Attributes = null

MockHttpServletResponse:
           Status = 401
    Error message = Unauthorized
          Headers = [WWW-Authenticate:"Basic realm="Realm"", X-Content-Type-Options:"nosniff", X-XSS-Protection:"0", Cache-Control:"no-cache, no-store, max-age=0, must-revalidate", Pragma:"no-cache", Expires:"0", X-Frame-Options:"DENY"]
     Content type = null
             Body = 
    Forwarded URL = null
   Redirected URL = null
          Cookies = []
Hibernate: 
    insert 
    into
        courses
        (credit, name, teacher_name) 
    values
        (?, ?, ?)

MockHttpServletRequest:
      HTTP Method = PUT
      Request URI = /api/courses/64
       Parameters = {}
          Headers = [Content-Type:"application/json;charset=UTF-8", Content-Length:"84"]
             Body = {"id":null,"name":"高等数学（高级）","credit":5.0,"teacherName":"李教授"}
    Session Attrs = {}

Handler:
             Type = null

Async:
    Async started = false
     Async result = null

Resolved Exception:
             Type = null

ModelAndView:
        View name = null
             View = null
            Model = null

FlashMap:
       Attributes = null

MockHttpServletResponse:
           Status = 401
    Error message = Unauthorized
          Headers = [WWW-Authenticate:"Basic realm="Realm"", X-Content-Type-Options:"nosniff", X-XSS-Protection:"0", Cache-Control:"no-cache, no-store, max-age=0, must-revalidate", Pragma:"no-cache", Expires:"0", X-Frame-Options:"DENY"]
     Content type = null
             Body = 
    Forwarded URL = null
   Redirected URL = null
          Cookies = []
Hibernate: 
    insert 
    into
        courses
        (credit, name, teacher_name) 
    values
        (?, ?, ?)

MockHttpServletRequest:
      HTTP Method = GET
      Request URI = /api/courses/65
       Parameters = {}
          Headers = []
             Body = null
    Session Attrs = {}

Handler:
             Type = null

Async:
    Async started = false
     Async result = null

Resolved Exception:
             Type = null

ModelAndView:
        View name = null
             View = null
            Model = null

FlashMap:
       Attributes = null

MockHttpServletResponse:
           Status = 401
    Error message = Unauthorized
          Headers = [WWW-Authenticate:"Basic realm="Realm"", X-Content-Type-Options:"nosniff", X-XSS-Protection:"0", Cache-Control:"no-cache, no-store, max-age=0, must-revalidate", Pragma:"no-cache", Expires:"0", X-Frame-Options:"DENY"]
     Content type = null
             Body = 
    Forwarded URL = null
   Redirected URL = null
          Cookies = []
Hibernate: 
    insert 
    into
        courses
        (credit, name, teacher_name) 
    values
        (?, ?, ?)

MockHttpServletRequest:
      HTTP Method = DELETE
      Request URI = /api/courses/66
       Parameters = {}
          Headers = []
             Body = null
    Session Attrs = {}

Handler:
             Type = null

Async:
    Async started = false
     Async result = null

Resolved Exception:
             Type = null

ModelAndView:
        View name = null
             View = null
            Model = null

FlashMap:
       Attributes = null

MockHttpServletResponse:
           Status = 401
    Error message = Unauthorized
          Headers = [WWW-Authenticate:"Basic realm="Realm"", X-Content-Type-Options:"nosniff", X-XSS-Protection:"0", Cache-Control:"no-cache, no-store, max-age=0, must-revalidate", Pragma:"no-cache", Expires:"0", X-Frame-Options:"DENY"]
     Content type = null
             Body = 
    Forwarded URL = null
   Redirected URL = null
          Cookies = []

MockHttpServletRequest:
      HTTP Method = GET
      Request URI = /api/courses/999
       Parameters = {}
          Headers = []
             Body = null
    Session Attrs = {}

Handler:
             Type = null

Async:
    Async started = false
     Async result = null

Resolved Exception:
             Type = null

ModelAndView:
        View name = null
             View = null
            Model = null

FlashMap:
       Attributes = null

MockHttpServletResponse:
           Status = 401
    Error message = Unauthorized
          Headers = [WWW-Authenticate:"Basic realm="Realm"", X-Content-Type-Options:"nosniff", X-XSS-Protection:"0", Cache-Control:"no-cache, no-store, max-age=0, must-revalidate", Pragma:"no-cache", Expires:"0", X-Frame-Options:"DENY"]
     Content type = null
             Body = 
    Forwarded URL = null
   Redirected URL = null
          Cookies = []
Hibernate: 
    insert 
    into
        courses
        (credit, name, teacher_name) 
    values
        (?, ?, ?)

MockHttpServletRequest:
      HTTP Method = GET
      Request URI = /api/courses
       Parameters = {}
          Headers = []
             Body = null
    Session Attrs = {}

Handler:
             Type = null

Async:
    Async started = false
     Async result = null

Resolved Exception:
             Type = null

ModelAndView:
        View name = null
             View = null
            Model = null

FlashMap:
       Attributes = null

MockHttpServletResponse:
           Status = 401
    Error message = Unauthorized
          Headers = [WWW-Authenticate:"Basic realm="Realm"", X-Content-Type-Options:"nosniff", X-XSS-Protection:"0", Cache-Control:"no-cache, no-store, max-age=0, must-revalidate", Pragma:"no-cache", Expires:"0", X-Frame-Options:"DENY"]
     Content type = null
             Body = 
    Forwarded URL = null
   Redirected URL = null
          Cookies = []
Hibernate: 
    insert 
    into
        courses
        (credit, name, teacher_name) 
    values
        (?, ?, ?)
Hibernate: 
    insert 
    into
        courses
        (credit, name, teacher_name) 
    values
        (?, ?, ?)

MockHttpServletRequest:
      HTTP Method = GET
      Request URI = /api/courses/teacher/%E7%8E%8B%E6%95%99%E6%8E%88
       Parameters = {}
          Headers = []
             Body = null
    Session Attrs = {}

Handler:
             Type = null

Async:
    Async started = false
     Async result = null

Resolved Exception:
             Type = null

ModelAndView:
        View name = null
             View = null
            Model = null

FlashMap:
       Attributes = null

MockHttpServletResponse:
           Status = 401
    Error message = Unauthorized
          Headers = [WWW-Authenticate:"Basic realm="Realm"", X-Content-Type-Options:"nosniff", X-XSS-Protection:"0", Cache-Control:"no-cache, no-store, max-age=0, must-revalidate", Pragma:"no-cache", Expires:"0", X-Frame-Options:"DENY"]
     Content type = null
             Body = 
    Forwarded URL = null
   Redirected URL = null
          Cookies = []

MockHttpServletRequest:
      HTTP Method = POST
      Request URI = /api/courses
       Parameters = {}
          Headers = [Content-Type:"application/json;charset=UTF-8", Content-Length:"72"]
             Body = {"id":null,"name":"高等数学","credit":4.0,"teacherName":"王教授"}
    Session Attrs = {}

Handler:
             Type = null

Async:
    Async started = false
     Async result = null

Resolved Exception:
             Type = null

ModelAndView:
        View name = null
             View = null
            Model = null

FlashMap:
       Attributes = null

MockHttpServletResponse:
           Status = 401
    Error message = Unauthorized
          Headers = [WWW-Authenticate:"Basic realm="Realm"", X-Content-Type-Options:"nosniff", X-XSS-Protection:"0", Cache-Control:"no-cache, no-store, max-age=0, must-revalidate", Pragma:"no-cache", Expires:"0", X-Frame-Options:"DENY"]
     Content type = null
             Body = 
    Forwarded URL = null
   Redirected URL = null
          Cookies = []
[ERROR] Tests run: 10, Failures: 10, Errors: 0, Skipped: 0, Time elapsed: 32.27 s <<< FAILURE! -- in com.scrapy.demo.controller.CourseControllerTest
[ERROR] com.scrapy.demo.controller.CourseControllerTest.testGetCourseByName -- Time elapsed: 2.518 s <<< FAILURE!
java.lang.AssertionError: Status expected:<200> but was:<401>
	at org.springframework.test.util.AssertionErrors.fail(AssertionErrors.java:59)
	at org.springframework.test.util.AssertionErrors.assertEquals(AssertionErrors.java:122)
	at org.springframework.test.web.servlet.result.StatusResultMatchers.lambda$matcher$9(StatusResultMatchers.java:637)
	at org.springframework.test.web.servlet.MockMvc$1.andExpect(MockMvc.java:214)
	at com.scrapy.demo.controller.CourseControllerTest.testGetCourseByName(CourseControllerTest.java:81)
	at java.base/java.lang.reflect.Method.invoke(Method.java:580)
	at java.base/java.util.ArrayList.forEach(ArrayList.java:1596)
	at java.base/java.util.ArrayList.forEach(ArrayList.java:1596)

[ERROR] com.scrapy.demo.controller.CourseControllerTest.testDeleteCourseNotFound -- Time elapsed: 0.041 s <<< FAILURE!
java.lang.AssertionError: Status expected:<404> but was:<401>
	at org.springframework.test.util.AssertionErrors.fail(AssertionErrors.java:59)
	at org.springframework.test.util.AssertionErrors.assertEquals(AssertionErrors.java:122)
	at org.springframework.test.web.servlet.result.StatusResultMatchers.lambda$matcher$9(StatusResultMatchers.java:637)
	at org.springframework.test.web.servlet.MockMvc$1.andExpect(MockMvc.java:214)
	at com.scrapy.demo.controller.CourseControllerTest.testDeleteCourseNotFound(CourseControllerTest.java:143)
	at java.base/java.lang.reflect.Method.invoke(Method.java:580)
	at java.base/java.util.ArrayList.forEach(ArrayList.java:1596)
	at java.base/java.util.ArrayList.forEach(ArrayList.java:1596)

[ERROR] com.scrapy.demo.controller.CourseControllerTest.testCreateCourseValidationError -- Time elapsed: 0.276 s <<< FAILURE!
java.lang.AssertionError: Status expected:<400> but was:<401>
	at org.springframework.test.util.AssertionErrors.fail(AssertionErrors.java:59)
	at org.springframework.test.util.AssertionErrors.assertEquals(AssertionErrors.java:122)
	at org.springframework.test.web.servlet.result.StatusResultMatchers.lambda$matcher$9(StatusResultMatchers.java:637)
	at org.springframework.test.web.servlet.MockMvc$1.andExpect(MockMvc.java:214)
	at com.scrapy.demo.controller.CourseControllerTest.testCreateCourseValidationError(CourseControllerTest.java:157)
	at java.base/java.lang.reflect.Method.invoke(Method.java:580)
	at java.base/java.util.ArrayList.forEach(ArrayList.java:1596)
	at java.base/java.util.ArrayList.forEach(ArrayList.java:1596)

[ERROR] com.scrapy.demo.controller.CourseControllerTest.testUpdateCourse -- Time elapsed: 0.102 s <<< FAILURE!
java.lang.AssertionError: Status expected:<200> but was:<401>
	at org.springframework.test.util.AssertionErrors.fail(AssertionErrors.java:59)
	at org.springframework.test.util.AssertionErrors.assertEquals(AssertionErrors.java:122)
	at org.springframework.test.web.servlet.result.StatusResultMatchers.lambda$matcher$9(StatusResultMatchers.java:637)
	at org.springframework.test.web.servlet.MockMvc$1.andExpect(MockMvc.java:214)
	at com.scrapy.demo.controller.CourseControllerTest.testUpdateCourse(CourseControllerTest.java:127)
	at java.base/java.lang.reflect.Method.invoke(Method.java:580)
	at java.base/java.util.ArrayList.forEach(ArrayList.java:1596)
	at java.base/java.util.ArrayList.forEach(ArrayList.java:1596)

[ERROR] com.scrapy.demo.controller.CourseControllerTest.testGetCourseById -- Time elapsed: 0.090 s <<< FAILURE!
java.lang.AssertionError: Status expected:<200> but was:<401>
	at org.springframework.test.util.AssertionErrors.fail(AssertionErrors.java:59)
	at org.springframework.test.util.AssertionErrors.assertEquals(AssertionErrors.java:122)
	at org.springframework.test.web.servlet.result.StatusResultMatchers.lambda$matcher$9(StatusResultMatchers.java:637)
	at org.springframework.test.web.servlet.MockMvc$1.andExpect(MockMvc.java:214)
	at com.scrapy.demo.controller.CourseControllerTest.testGetCourseById(CourseControllerTest.java:65)
	at java.base/java.lang.reflect.Method.invoke(Method.java:580)
	at java.base/java.util.ArrayList.forEach(ArrayList.java:1596)
	at java.base/java.util.ArrayList.forEach(ArrayList.java:1596)

[ERROR] com.scrapy.demo.controller.CourseControllerTest.testDeleteCourse -- Time elapsed: 0.108 s <<< FAILURE!
java.lang.AssertionError: Status expected:<204> but was:<401>
	at org.springframework.test.util.AssertionErrors.fail(AssertionErrors.java:59)
	at org.springframework.test.util.AssertionErrors.assertEquals(AssertionErrors.java:122)
	at org.springframework.test.web.servlet.result.StatusResultMatchers.lambda$matcher$9(StatusResultMatchers.java:637)
	at org.springframework.test.web.servlet.MockMvc$1.andExpect(MockMvc.java:214)
	at com.scrapy.demo.controller.CourseControllerTest.testDeleteCourse(CourseControllerTest.java:137)
	at java.base/java.lang.reflect.Method.invoke(Method.java:580)
	at java.base/java.util.ArrayList.forEach(ArrayList.java:1596)
	at java.base/java.util.ArrayList.forEach(ArrayList.java:1596)

[ERROR] com.scrapy.demo.controller.CourseControllerTest.testGetCourseByIdNotFound -- Time elapsed: 0.043 s <<< FAILURE!
java.lang.AssertionError: Status expected:<404> but was:<401>
	at org.springframework.test.util.AssertionErrors.fail(AssertionErrors.java:59)
	at org.springframework.test.util.AssertionErrors.assertEquals(AssertionErrors.java:122)
	at org.springframework.test.web.servlet.result.StatusResultMatchers.lambda$matcher$9(StatusResultMatchers.java:637)
	at org.springframework.test.web.servlet.MockMvc$1.andExpect(MockMvc.java:214)
	at com.scrapy.demo.controller.CourseControllerTest.testGetCourseByIdNotFound(CourseControllerTest.java:73)
	at java.base/java.lang.reflect.Method.invoke(Method.java:580)
	at java.base/java.util.ArrayList.forEach(ArrayList.java:1596)
	at java.base/java.util.ArrayList.forEach(ArrayList.java:1596)

[ERROR] com.scrapy.demo.controller.CourseControllerTest.testListCourses -- Time elapsed: 0.046 s <<< FAILURE!
java.lang.AssertionError: Status expected:<200> but was:<401>
	at org.springframework.test.util.AssertionErrors.fail(AssertionErrors.java:59)
	at org.springframework.test.util.AssertionErrors.assertEquals(AssertionErrors.java:122)
	at org.springframework.test.web.servlet.result.StatusResultMatchers.lambda$matcher$9(StatusResultMatchers.java:637)
	at org.springframework.test.web.servlet.MockMvc$1.andExpect(MockMvc.java:214)
	at com.scrapy.demo.controller.CourseControllerTest.testListCourses(CourseControllerTest.java:55)
	at java.base/java.lang.reflect.Method.invoke(Method.java:580)
	at java.base/java.util.ArrayList.forEach(ArrayList.java:1596)
	at java.base/java.util.ArrayList.forEach(ArrayList.java:1596)

[ERROR] com.scrapy.demo.controller.CourseControllerTest.testGetCoursesByTeacher -- Time elapsed: 0.051 s <<< FAILURE!
java.lang.AssertionError: Status expected:<200> but was:<401>
	at org.springframework.test.util.AssertionErrors.fail(AssertionErrors.java:59)
	at org.springframework.test.util.AssertionErrors.assertEquals(AssertionErrors.java:122)
	at org.springframework.test.web.servlet.result.StatusResultMatchers.lambda$matcher$9(StatusResultMatchers.java:637)
	at org.springframework.test.web.servlet.MockMvc$1.andExpect(MockMvc.java:214)
	at com.scrapy.demo.controller.CourseControllerTest.testGetCoursesByTeacher(CourseControllerTest.java:96)
	at java.base/java.lang.reflect.Method.invoke(Method.java:580)
	at java.base/java.util.ArrayList.forEach(ArrayList.java:1596)
	at java.base/java.util.ArrayList.forEach(ArrayList.java:1596)

[ERROR] com.scrapy.demo.controller.CourseControllerTest.testCreateCourse -- Time elapsed: 0.035 s <<< FAILURE!
java.lang.AssertionError: Status expected:<200> but was:<401>
	at org.springframework.test.util.AssertionErrors.fail(AssertionErrors.java:59)
	at org.springframework.test.util.AssertionErrors.assertEquals(AssertionErrors.java:122)
	at org.springframework.test.web.servlet.result.StatusResultMatchers.lambda$matcher$9(StatusResultMatchers.java:637)
	at org.springframework.test.web.servlet.MockMvc$1.andExpect(MockMvc.java:214)
	at com.scrapy.demo.controller.CourseControllerTest.testCreateCourse(CourseControllerTest.java:107)
	at java.base/java.lang.reflect.Method.invoke(Method.java:580)
	at java.base/java.util.ArrayList.forEach(ArrayList.java:1596)
	at java.base/java.util.ArrayList.forEach(ArrayList.java:1596)

2026-02-11T22:18:43.464+08:00  INFO 22564 --- [scrapy] [           main] t.c.s.AnnotationConfigContextLoaderUtils : Could not detect default configuration classes for test class [com.scrapy.demo.controller.ScoreAnalysisControllerTest]: ScoreAnalysisControllerTest does not declare any static, non-private, non-final, nested classes annotated with @Configuration.
2026-02-11T22:18:43.481+08:00  INFO 22564 --- [scrapy] [           main] .b.t.c.SpringBootTestContextBootstrapper : Found @SpringBootConfiguration com.scrapy.demo.ScrapyApplication for test class com.scrapy.demo.controller.ScoreAnalysisControllerTest
Hibernate: 
    insert 
    into
        students
        (clazz, major, name, student_number) 
    values
        (?, ?, ?, ?)
Hibernate: 
    insert 
    into
        courses
        (credit, name, teacher_name) 
    values
        (?, ?, ?)
Hibernate: 
    insert 
    into
        scores
        (course_id, recorded_at, student_id, value) 
    values
        (?, ?, ?, ?)

MockHttpServletRequest:
      HTTP Method = GET
      Request URI = /api/analysis/class/%E8%AE%A1%E7%AE%97%E6%9C%BA1%E7%8F%AD
       Parameters = {}
          Headers = []
             Body = null
    Session Attrs = {}

Handler:
             Type = null

Async:
    Async started = false
     Async result = null

Resolved Exception:
             Type = null

ModelAndView:
        View name = null
             View = null
            Model = null

FlashMap:
       Attributes = null

MockHttpServletResponse:
           Status = 401
    Error message = Unauthorized
          Headers = [WWW-Authenticate:"Basic realm="Realm"", X-Content-Type-Options:"nosniff", X-XSS-Protection:"0", Cache-Control:"no-cache, no-store, max-age=0, must-revalidate", Pragma:"no-cache", Expires:"0", X-Frame-Options:"DENY"]
     Content type = null
             Body = 
    Forwarded URL = null
   Redirected URL = null
          Cookies = []
Hibernate: 
    insert 
    into
        students
        (clazz, major, name, student_number) 
    values
        (?, ?, ?, ?)
Hibernate: 
    insert 
    into
        courses
        (credit, name, teacher_name) 
    values
        (?, ?, ?)
Hibernate: 
    insert 
    into
        scores
        (course_id, recorded_at, student_id, value) 
    values
        (?, ?, ?, ?)

MockHttpServletRequest:
      HTTP Method = GET
      Request URI = /api/analysis/student/71
       Parameters = {}
          Headers = []
             Body = null
    Session Attrs = {}

Handler:
             Type = null

Async:
    Async started = false
     Async result = null

Resolved Exception:
             Type = null

ModelAndView:
        View name = null
             View = null
            Model = null

FlashMap:
       Attributes = null

MockHttpServletResponse:
           Status = 401
    Error message = Unauthorized
          Headers = [WWW-Authenticate:"Basic realm="Realm"", X-Content-Type-Options:"nosniff", X-XSS-Protection:"0", Cache-Control:"no-cache, no-store, max-age=0, must-revalidate", Pragma:"no-cache", Expires:"0", X-Frame-Options:"DENY"]
     Content type = null
             Body = 
    Forwarded URL = null
   Redirected URL = null
          Cookies = []
Hibernate: 
    insert 
    into
        students
        (clazz, major, name, student_number) 
    values
        (?, ?, ?, ?)
Hibernate: 
    insert 
    into
        courses
        (credit, name, teacher_name) 
    values
        (?, ?, ?)
Hibernate: 
    insert 
    into
        scores
        (course_id, recorded_at, student_id, value) 
    values
        (?, ?, ?, ?)

MockHttpServletRequest:
      HTTP Method = GET
      Request URI = /api/analysis/overall
       Parameters = {}
          Headers = []
             Body = null
    Session Attrs = {}

Handler:
             Type = null

Async:
    Async started = false
     Async result = null

Resolved Exception:
             Type = null

ModelAndView:
        View name = null
             View = null
            Model = null

FlashMap:
       Attributes = null

MockHttpServletResponse:
           Status = 401
    Error message = Unauthorized
          Headers = [WWW-Authenticate:"Basic realm="Realm"", X-Content-Type-Options:"nosniff", X-XSS-Protection:"0", Cache-Control:"no-cache, no-store, max-age=0, must-revalidate", Pragma:"no-cache", Expires:"0", X-Frame-Options:"DENY"]
     Content type = null
             Body = 
    Forwarded URL = null
   Redirected URL = null
          Cookies = []
Hibernate: 
    insert 
    into
        students
        (clazz, major, name, student_number) 
    values
        (?, ?, ?, ?)
Hibernate: 
    insert 
    into
        courses
        (credit, name, teacher_name) 
    values
        (?, ?, ?)
Hibernate: 
    insert 
    into
        scores
        (course_id, recorded_at, student_id, value) 
    values
        (?, ?, ?, ?)

MockHttpServletRequest:
      HTTP Method = GET
      Request URI = /api/analysis/course/73
       Parameters = {}
          Headers = []
             Body = null
    Session Attrs = {}

Handler:
             Type = null

Async:
    Async started = false
     Async result = null

Resolved Exception:
             Type = null

ModelAndView:
        View name = null
             View = null
            Model = null

FlashMap:
       Attributes = null

MockHttpServletResponse:
           Status = 401
    Error message = Unauthorized
          Headers = [WWW-Authenticate:"Basic realm="Realm"", X-Content-Type-Options:"nosniff", X-XSS-Protection:"0", Cache-Control:"no-cache, no-store, max-age=0, must-revalidate", Pragma:"no-cache", Expires:"0", X-Frame-Options:"DENY"]
     Content type = null
             Body = 
    Forwarded URL = null
   Redirected URL = null
          Cookies = []
Hibernate: 
    insert 
    into
        students
        (clazz, major, name, student_number) 
    values
        (?, ?, ?, ?)
Hibernate: 
    insert 
    into
        courses
        (credit, name, teacher_name) 
    values
        (?, ?, ?)
Hibernate: 
    insert 
    into
        scores
        (course_id, recorded_at, student_id, value) 
    values
        (?, ?, ?, ?)

MockHttpServletRequest:
      HTTP Method = GET
      Request URI = /api/analysis/pass-rates
       Parameters = {}
          Headers = []
             Body = null
    Session Attrs = {}

Handler:
             Type = null

Async:
    Async started = false
     Async result = null

Resolved Exception:
             Type = null

ModelAndView:
        View name = null
             View = null
            Model = null

FlashMap:
       Attributes = null

MockHttpServletResponse:
           Status = 401
    Error message = Unauthorized
          Headers = [WWW-Authenticate:"Basic realm="Realm"", X-Content-Type-Options:"nosniff", X-XSS-Protection:"0", Cache-Control:"no-cache, no-store, max-age=0, must-revalidate", Pragma:"no-cache", Expires:"0", X-Frame-Options:"DENY"]
     Content type = null
             Body = 
    Forwarded URL = null
   Redirected URL = null
          Cookies = []
Hibernate: 
    insert 
    into
        students
        (clazz, major, name, student_number) 
    values
        (?, ?, ?, ?)
Hibernate: 
    insert 
    into
        courses
        (credit, name, teacher_name) 
    values
        (?, ?, ?)
Hibernate: 
    insert 
    into
        scores
        (course_id, recorded_at, student_id, value) 
    values
        (?, ?, ?, ?)

MockHttpServletRequest:
      HTTP Method = GET
      Request URI = /api/analysis/rankings
       Parameters = {}
          Headers = []
             Body = null
    Session Attrs = {}

Handler:
             Type = null

Async:
    Async started = false
     Async result = null

Resolved Exception:
             Type = null

ModelAndView:
        View name = null
             View = null
            Model = null

FlashMap:
       Attributes = null

MockHttpServletResponse:
           Status = 401
    Error message = Unauthorized
          Headers = [WWW-Authenticate:"Basic realm="Realm"", X-Content-Type-Options:"nosniff", X-XSS-Protection:"0", Cache-Control:"no-cache, no-store, max-age=0, must-revalidate", Pragma:"no-cache", Expires:"0", X-Frame-Options:"DENY"]
     Content type = null
             Body = 
    Forwarded URL = null
   Redirected URL = null
          Cookies = []
[ERROR] Tests run: 6, Failures: 6, Errors: 0, Skipped: 0, Time elapsed: 0.578 s <<< FAILURE! -- in com.scrapy.demo.controller.ScoreAnalysisControllerTest
[ERROR] com.scrapy.demo.controller.ScoreAnalysisControllerTest.testGetClassAnalysis -- Time elapsed: 0.123 s <<< FAILURE!
java.lang.AssertionError: Status expected:<200> but was:<401>
	at org.springframework.test.util.AssertionErrors.fail(AssertionErrors.java:59)
	at org.springframework.test.util.AssertionErrors.assertEquals(AssertionErrors.java:122)
	at org.springframework.test.web.servlet.result.StatusResultMatchers.lambda$matcher$9(StatusResultMatchers.java:637)
	at org.springframework.test.web.servlet.MockMvc$1.andExpect(MockMvc.java:214)
	at com.scrapy.demo.controller.ScoreAnalysisControllerTest.testGetClassAnalysis(ScoreAnalysisControllerTest.java:106)
	at java.base/java.lang.reflect.Method.invoke(Method.java:580)
	at java.base/java.util.ArrayList.forEach(ArrayList.java:1596)
	at java.base/java.util.ArrayList.forEach(ArrayList.java:1596)

[ERROR] com.scrapy.demo.controller.ScoreAnalysisControllerTest.testGetStudentAnalysis -- Time elapsed: 0.119 s <<< FAILURE!
java.lang.AssertionError: Status expected:<200> but was:<401>
	at org.springframework.test.util.AssertionErrors.fail(AssertionErrors.java:59)
	at org.springframework.test.util.AssertionErrors.assertEquals(AssertionErrors.java:122)
	at org.springframework.test.web.servlet.result.StatusResultMatchers.lambda$matcher$9(StatusResultMatchers.java:637)
	at org.springframework.test.web.servlet.MockMvc$1.andExpect(MockMvc.java:214)
	at com.scrapy.demo.controller.ScoreAnalysisControllerTest.testGetStudentAnalysis(ScoreAnalysisControllerTest.java:98)
	at java.base/java.lang.reflect.Method.invoke(Method.java:580)
	at java.base/java.util.ArrayList.forEach(ArrayList.java:1596)
	at java.base/java.util.ArrayList.forEach(ArrayList.java:1596)

[ERROR] com.scrapy.demo.controller.ScoreAnalysisControllerTest.testGetOverallAnalysis -- Time elapsed: 0.055 s <<< FAILURE!
java.lang.AssertionError: Status expected:<200> but was:<401>
	at org.springframework.test.util.AssertionErrors.fail(AssertionErrors.java:59)
	at org.springframework.test.util.AssertionErrors.assertEquals(AssertionErrors.java:122)
	at org.springframework.test.web.servlet.result.StatusResultMatchers.lambda$matcher$9(StatusResultMatchers.java:637)
	at org.springframework.test.web.servlet.MockMvc$1.andExpect(MockMvc.java:214)
	at com.scrapy.demo.controller.ScoreAnalysisControllerTest.testGetOverallAnalysis(ScoreAnalysisControllerTest.java:76)
	at java.base/java.lang.reflect.Method.invoke(Method.java:580)
	at java.base/java.util.ArrayList.forEach(ArrayList.java:1596)
	at java.base/java.util.ArrayList.forEach(ArrayList.java:1596)

[ERROR] com.scrapy.demo.controller.ScoreAnalysisControllerTest.testGetCourseAnalysis -- Time elapsed: 0.060 s <<< FAILURE!
java.lang.AssertionError: Status expected:<200> but was:<401>
	at org.springframework.test.util.AssertionErrors.fail(AssertionErrors.java:59)
	at org.springframework.test.util.AssertionErrors.assertEquals(AssertionErrors.java:122)
	at org.springframework.test.web.servlet.result.StatusResultMatchers.lambda$matcher$9(StatusResultMatchers.java:637)
	at org.springframework.test.web.servlet.MockMvc$1.andExpect(MockMvc.java:214)
	at com.scrapy.demo.controller.ScoreAnalysisControllerTest.testGetCourseAnalysis(ScoreAnalysisControllerTest.java:89)
	at java.base/java.lang.reflect.Method.invoke(Method.java:580)
	at java.base/java.util.ArrayList.forEach(ArrayList.java:1596)
	at java.base/java.util.ArrayList.forEach(ArrayList.java:1596)

[ERROR] com.scrapy.demo.controller.ScoreAnalysisControllerTest.testGetPassRates -- Time elapsed: 0.059 s <<< FAILURE!
java.lang.AssertionError: Status expected:<200> but was:<401>
	at org.springframework.test.util.AssertionErrors.fail(AssertionErrors.java:59)
	at org.springframework.test.util.AssertionErrors.assertEquals(AssertionErrors.java:122)
	at org.springframework.test.web.servlet.result.StatusResultMatchers.lambda$matcher$9(StatusResultMatchers.java:637)
	at org.springframework.test.web.servlet.MockMvc$1.andExpect(MockMvc.java:214)
	at com.scrapy.demo.controller.ScoreAnalysisControllerTest.testGetPassRates(ScoreAnalysisControllerTest.java:114)
	at java.base/java.lang.reflect.Method.invoke(Method.java:580)
	at java.base/java.util.ArrayList.forEach(ArrayList.java:1596)
	at java.base/java.util.ArrayList.forEach(ArrayList.java:1596)

[ERROR] com.scrapy.demo.controller.ScoreAnalysisControllerTest.testGetStudentRankings -- Time elapsed: 0.056 s <<< FAILURE!
java.lang.AssertionError: Status expected:<200> but was:<401>
	at org.springframework.test.util.AssertionErrors.fail(AssertionErrors.java:59)
	at org.springframework.test.util.AssertionErrors.assertEquals(AssertionErrors.java:122)
	at org.springframework.test.web.servlet.result.StatusResultMatchers.lambda$matcher$9(StatusResultMatchers.java:637)
	at org.springframework.test.web.servlet.MockMvc$1.andExpect(MockMvc.java:214)
	at com.scrapy.demo.controller.ScoreAnalysisControllerTest.testGetStudentRankings(ScoreAnalysisControllerTest.java:121)
	at java.base/java.lang.reflect.Method.invoke(Method.java:580)
	at java.base/java.util.ArrayList.forEach(ArrayList.java:1596)
	at java.base/java.util.ArrayList.forEach(ArrayList.java:1596)

2026-02-11T22:18:44.041+08:00  INFO 22564 --- [scrapy] [           main] t.c.s.AnnotationConfigContextLoaderUtils : Could not detect default configuration classes for test class [com.scrapy.demo.controller.ScoreControllerTest]: ScoreControllerTest does not declare any static, non-private, non-final, nested classes annotated with @Configuration.
2026-02-11T22:18:44.052+08:00  INFO 22564 --- [scrapy] [           main] .b.t.c.SpringBootTestContextBootstrapper : Found @SpringBootConfiguration com.scrapy.demo.ScrapyApplication for test class com.scrapy.demo.controller.ScoreControllerTest
Hibernate: 
    insert 
    into
        students
        (clazz, major, name, student_number) 
    values
        (?, ?, ?, ?)
Hibernate: 
    insert 
    into
        courses
        (credit, name, teacher_name) 
    values
        (?, ?, ?)
Hibernate: 
    insert 
    into
        scores
        (course_id, recorded_at, student_id, value) 
    values
        (?, ?, ?, ?)

MockHttpServletRequest:
      HTTP Method = DELETE
      Request URI = /api/scores/67
       Parameters = {}
          Headers = []
             Body = null
    Session Attrs = {}

Handler:
             Type = null

Async:
    Async started = false
     Async result = null

Resolved Exception:
             Type = null

ModelAndView:
        View name = null
             View = null
            Model = null

FlashMap:
       Attributes = null

MockHttpServletResponse:
           Status = 401
    Error message = Unauthorized
          Headers = [WWW-Authenticate:"Basic realm="Realm"", X-Content-Type-Options:"nosniff", X-XSS-Protection:"0", Cache-Control:"no-cache, no-store, max-age=0, must-revalidate", Pragma:"no-cache", Expires:"0", X-Frame-Options:"DENY"]
     Content type = null
             Body = 
    Forwarded URL = null
   Redirected URL = null
          Cookies = []
Hibernate: 
    insert 
    into
        students
        (clazz, major, name, student_number) 
    values
        (?, ?, ?, ?)
Hibernate: 
    insert 
    into
        courses
        (credit, name, teacher_name) 
    values
        (?, ?, ?)
Hibernate: 
    insert 
    into
        scores
        (course_id, recorded_at, student_id, value) 
    values
        (?, ?, ?, ?)

MockHttpServletRequest:
      HTTP Method = PUT
      Request URI = /api/scores/68
       Parameters = {value=[92.5]}
          Headers = [Content-Type:"application/json;charset=UTF-8"]
             Body = null
    Session Attrs = {}

Handler:
             Type = null

Async:
    Async started = false
     Async result = null

Resolved Exception:
             Type = null

ModelAndView:
        View name = null
             View = null
            Model = null

FlashMap:
       Attributes = null

MockHttpServletResponse:
           Status = 401
    Error message = Unauthorized
          Headers = [WWW-Authenticate:"Basic realm="Realm"", X-Content-Type-Options:"nosniff", X-XSS-Protection:"0", Cache-Control:"no-cache, no-store, max-age=0, must-revalidate", Pragma:"no-cache", Expires:"0", X-Frame-Options:"DENY"]
     Content type = null
             Body = 
    Forwarded URL = null
   Redirected URL = null
          Cookies = []
Hibernate: 
    insert 
    into
        students
        (clazz, major, name, student_number) 
    values
        (?, ?, ?, ?)
Hibernate: 
    insert 
    into
        courses
        (credit, name, teacher_name) 
    values
        (?, ?, ?)

MockHttpServletRequest:
      HTTP Method = POST
      Request URI = /api/scores
       Parameters = {}
          Headers = [Content-Type:"application/json;charset=UTF-8", Content-Length:"243"]
             Body = {"id":null,"student":{"id":78,"studentNumber":"2024001","name":"张三","clazz":"计算机1班","major":"计算机科学与技术"},"course":{"id":78,"name":"高等数学","credit":4.0,"teacherName":"王教授"},"value":85.5,"recordedAt":null}
    Session Attrs = {}

Handler:
             Type = null

Async:
    Async started = false
     Async result = null

Resolved Exception:
             Type = null

ModelAndView:
        View name = null
             View = null
            Model = null

FlashMap:
       Attributes = null

MockHttpServletResponse:
           Status = 401
    Error message = Unauthorized
          Headers = [WWW-Authenticate:"Basic realm="Realm"", X-Content-Type-Options:"nosniff", X-XSS-Protection:"0", Cache-Control:"no-cache, no-store, max-age=0, must-revalidate", Pragma:"no-cache", Expires:"0", X-Frame-Options:"DENY"]
     Content type = null
             Body = 
    Forwarded URL = null
   Redirected URL = null
          Cookies = []
Hibernate: 
    insert 
    into
        students
        (clazz, major, name, student_number) 
    values
        (?, ?, ?, ?)
Hibernate: 
    insert 
    into
        courses
        (credit, name, teacher_name) 
    values
        (?, ?, ?)
Hibernate: 
    insert 
    into
        scores
        (course_id, recorded_at, student_id, value) 
    values
        (?, ?, ?, ?)

MockHttpServletRequest:
      HTTP Method = GET
      Request URI = /api/scores/69
       Parameters = {}
          Headers = []
             Body = null
    Session Attrs = {}

Handler:
             Type = null

Async:
    Async started = false
     Async result = null

Resolved Exception:
             Type = null

ModelAndView:
        View name = null
             View = null
            Model = null

FlashMap:
       Attributes = null

MockHttpServletResponse:
           Status = 401
    Error message = Unauthorized
          Headers = [WWW-Authenticate:"Basic realm="Realm"", X-Content-Type-Options:"nosniff", X-XSS-Protection:"0", Cache-Control:"no-cache, no-store, max-age=0, must-revalidate", Pragma:"no-cache", Expires:"0", X-Frame-Options:"DENY"]
     Content type = null
             Body = 
    Forwarded URL = null
   Redirected URL = null
          Cookies = []
Hibernate: 
    insert 
    into
        students
        (clazz, major, name, student_number) 
    values
        (?, ?, ?, ?)
Hibernate: 
    insert 
    into
        courses
        (credit, name, teacher_name) 
    values
        (?, ?, ?)
Hibernate: 
    insert 
    into
        scores
        (course_id, recorded_at, student_id, value) 
    values
        (?, ?, ?, ?)

MockHttpServletRequest:
      HTTP Method = GET
      Request URI = /api/scores/student/80
       Parameters = {}
          Headers = []
             Body = null
    Session Attrs = {}

Handler:
             Type = null

Async:
    Async started = false
     Async result = null

Resolved Exception:
             Type = null

ModelAndView:
        View name = null
             View = null
            Model = null

FlashMap:
       Attributes = null

MockHttpServletResponse:
           Status = 401
    Error message = Unauthorized
          Headers = [WWW-Authenticate:"Basic realm="Realm"", X-Content-Type-Options:"nosniff", X-XSS-Protection:"0", Cache-Control:"no-cache, no-store, max-age=0, must-revalidate", Pragma:"no-cache", Expires:"0", X-Frame-Options:"DENY"]
     Content type = null
             Body = 
    Forwarded URL = null
   Redirected URL = null
          Cookies = []
Hibernate: 
    insert 
    into
        students
        (clazz, major, name, student_number) 
    values
        (?, ?, ?, ?)
Hibernate: 
    insert 
    into
        courses
        (credit, name, teacher_name) 
    values
        (?, ?, ?)

MockHttpServletRequest:
      HTTP Method = DELETE
      Request URI = /api/scores/999
       Parameters = {}
          Headers = []
             Body = null
    Session Attrs = {}

Handler:
             Type = null

Async:
    Async started = false
     Async result = null

Resolved Exception:
             Type = null

ModelAndView:
        View name = null
             View = null
            Model = null

FlashMap:
       Attributes = null

MockHttpServletResponse:
           Status = 401
    Error message = Unauthorized
          Headers = [WWW-Authenticate:"Basic realm="Realm"", X-Content-Type-Options:"nosniff", X-XSS-Protection:"0", Cache-Control:"no-cache, no-store, max-age=0, must-revalidate", Pragma:"no-cache", Expires:"0", X-Frame-Options:"DENY"]
     Content type = null
             Body = 
    Forwarded URL = null
   Redirected URL = null
          Cookies = []
Hibernate: 
    insert 
    into
        students
        (clazz, major, name, student_number) 
    values
        (?, ?, ?, ?)
Hibernate: 
    insert 
    into
        courses
        (credit, name, teacher_name) 
    values
        (?, ?, ?)
Hibernate: 
    insert 
    into
        scores
        (course_id, recorded_at, student_id, value) 
    values
        (?, ?, ?, ?)

MockHttpServletRequest:
      HTTP Method = GET
      Request URI = /api/scores
       Parameters = {}
          Headers = []
             Body = null
    Session Attrs = {}

Handler:
             Type = null

Async:
    Async started = false
     Async result = null

Resolved Exception:
             Type = null

ModelAndView:
        View name = null
             View = null
            Model = null

FlashMap:
       Attributes = null

MockHttpServletResponse:
           Status = 401
    Error message = Unauthorized
          Headers = [WWW-Authenticate:"Basic realm="Realm"", X-Content-Type-Options:"nosniff", X-XSS-Protection:"0", Cache-Control:"no-cache, no-store, max-age=0, must-revalidate", Pragma:"no-cache", Expires:"0", X-Frame-Options:"DENY"]
     Content type = null
             Body = 
    Forwarded URL = null
   Redirected URL = null
          Cookies = []
Hibernate: 
    insert 
    into
        students
        (clazz, major, name, student_number) 
    values
        (?, ?, ?, ?)
Hibernate: 
    insert 
    into
        courses
        (credit, name, teacher_name) 
    values
        (?, ?, ?)
Hibernate: 
    insert 
    into
        scores
        (course_id, recorded_at, student_id, value) 
    values
        (?, ?, ?, ?)

MockHttpServletRequest:
      HTTP Method = GET
      Request URI = /api/scores/course/83
       Parameters = {}
          Headers = []
             Body = null
    Session Attrs = {}

Handler:
             Type = null

Async:
    Async started = false
     Async result = null

Resolved Exception:
             Type = null

ModelAndView:
        View name = null
             View = null
            Model = null

FlashMap:
       Attributes = null

MockHttpServletResponse:
           Status = 401
    Error message = Unauthorized
          Headers = [WWW-Authenticate:"Basic realm="Realm"", X-Content-Type-Options:"nosniff", X-XSS-Protection:"0", Cache-Control:"no-cache, no-store, max-age=0, must-revalidate", Pragma:"no-cache", Expires:"0", X-Frame-Options:"DENY"]
     Content type = null
             Body = 
    Forwarded URL = null
   Redirected URL = null
          Cookies = []
Hibernate: 
    insert 
    into
        students
        (clazz, major, name, student_number) 
    values
        (?, ?, ?, ?)
Hibernate: 
    insert 
    into
        courses
        (credit, name, teacher_name) 
    values
        (?, ?, ?)

MockHttpServletRequest:
      HTTP Method = GET
      Request URI = /api/scores/999
       Parameters = {}
          Headers = []
             Body = null
    Session Attrs = {}

Handler:
             Type = null

Async:
    Async started = false
     Async result = null

Resolved Exception:
             Type = null

ModelAndView:
        View name = null
             View = null
            Model = null

FlashMap:
       Attributes = null

MockHttpServletResponse:
           Status = 401
    Error message = Unauthorized
          Headers = [WWW-Authenticate:"Basic realm="Realm"", X-Content-Type-Options:"nosniff", X-XSS-Protection:"0", Cache-Control:"no-cache, no-store, max-age=0, must-revalidate", Pragma:"no-cache", Expires:"0", X-Frame-Options:"DENY"]
     Content type = null
             Body = 
    Forwarded URL = null
   Redirected URL = null
          Cookies = []
[ERROR] Tests run: 9, Failures: 9, Errors: 0, Skipped: 0, Time elapsed: 0.597 s <<< FAILURE! -- in com.scrapy.demo.controller.ScoreControllerTest
[ERROR] com.scrapy.demo.controller.ScoreControllerTest.testDeleteScore -- Time elapsed: 0.078 s <<< FAILURE!
java.lang.AssertionError: Status expected:<204> but was:<401>
	at org.springframework.test.util.AssertionErrors.fail(AssertionErrors.java:59)
	at org.springframework.test.util.AssertionErrors.assertEquals(AssertionErrors.java:122)
	at org.springframework.test.web.servlet.result.StatusResultMatchers.lambda$matcher$9(StatusResultMatchers.java:637)
	at org.springframework.test.web.servlet.MockMvc$1.andExpect(MockMvc.java:214)
	at com.scrapy.demo.controller.ScoreControllerTest.testDeleteScore(ScoreControllerTest.java:149)
	at java.base/java.lang.reflect.Method.invoke(Method.java:580)
	at java.base/java.util.ArrayList.forEach(ArrayList.java:1596)
	at java.base/java.util.ArrayList.forEach(ArrayList.java:1596)

[ERROR] com.scrapy.demo.controller.ScoreControllerTest.testUpdateScore -- Time elapsed: 0.068 s <<< FAILURE!
java.lang.AssertionError: Status expected:<200> but was:<401>
	at org.springframework.test.util.AssertionErrors.fail(AssertionErrors.java:59)
	at org.springframework.test.util.AssertionErrors.assertEquals(AssertionErrors.java:122)
	at org.springframework.test.web.servlet.result.StatusResultMatchers.lambda$matcher$9(StatusResultMatchers.java:637)
	at org.springframework.test.web.servlet.MockMvc$1.andExpect(MockMvc.java:214)
	at com.scrapy.demo.controller.ScoreControllerTest.testUpdateScore(ScoreControllerTest.java:140)
	at java.base/java.lang.reflect.Method.invoke(Method.java:580)
	at java.base/java.util.ArrayList.forEach(ArrayList.java:1596)
	at java.base/java.util.ArrayList.forEach(ArrayList.java:1596)

[ERROR] com.scrapy.demo.controller.ScoreControllerTest.testCreateScore -- Time elapsed: 0.072 s <<< FAILURE!
java.lang.AssertionError: Status expected:<200> but was:<401>
	at org.springframework.test.util.AssertionErrors.fail(AssertionErrors.java:59)
	at org.springframework.test.util.AssertionErrors.assertEquals(AssertionErrors.java:122)
	at org.springframework.test.web.servlet.result.StatusResultMatchers.lambda$matcher$9(StatusResultMatchers.java:637)
	at org.springframework.test.web.servlet.MockMvc$1.andExpect(MockMvc.java:214)
	at com.scrapy.demo.controller.ScoreControllerTest.testCreateScore(ScoreControllerTest.java:128)
	at java.base/java.lang.reflect.Method.invoke(Method.java:580)
	at java.base/java.util.ArrayList.forEach(ArrayList.java:1596)
	at java.base/java.util.ArrayList.forEach(ArrayList.java:1596)

[ERROR] com.scrapy.demo.controller.ScoreControllerTest.testGetScoreById -- Time elapsed: 0.047 s <<< FAILURE!
java.lang.AssertionError: Status expected:<200> but was:<401>
	at org.springframework.test.util.AssertionErrors.fail(AssertionErrors.java:59)
	at org.springframework.test.util.AssertionErrors.assertEquals(AssertionErrors.java:122)
	at org.springframework.test.web.servlet.result.StatusResultMatchers.lambda$matcher$9(StatusResultMatchers.java:637)
	at org.springframework.test.web.servlet.MockMvc$1.andExpect(MockMvc.java:214)
	at com.scrapy.demo.controller.ScoreControllerTest.testGetScoreById(ScoreControllerTest.java:93)
	at java.base/java.lang.reflect.Method.invoke(Method.java:580)
	at java.base/java.util.ArrayList.forEach(ArrayList.java:1596)
	at java.base/java.util.ArrayList.forEach(ArrayList.java:1596)

[ERROR] com.scrapy.demo.controller.ScoreControllerTest.testGetScoresByStudent -- Time elapsed: 0.047 s <<< FAILURE!
java.lang.AssertionError: Status expected:<200> but was:<401>
	at org.springframework.test.util.AssertionErrors.fail(AssertionErrors.java:59)
	at org.springframework.test.util.AssertionErrors.assertEquals(AssertionErrors.java:122)
	at org.springframework.test.web.servlet.result.StatusResultMatchers.lambda$matcher$9(StatusResultMatchers.java:637)
	at org.springframework.test.web.servlet.MockMvc$1.andExpect(MockMvc.java:214)
	at com.scrapy.demo.controller.ScoreControllerTest.testGetScoresByStudent(ScoreControllerTest.java:108)
	at java.base/java.lang.reflect.Method.invoke(Method.java:580)
	at java.base/java.util.ArrayList.forEach(ArrayList.java:1596)
	at java.base/java.util.ArrayList.forEach(ArrayList.java:1596)

[ERROR] com.scrapy.demo.controller.ScoreControllerTest.testDeleteScoreNotFound -- Time elapsed: 0.053 s <<< FAILURE!
java.lang.AssertionError: Status expected:<404> but was:<401>
	at org.springframework.test.util.AssertionErrors.fail(AssertionErrors.java:59)
	at org.springframework.test.util.AssertionErrors.assertEquals(AssertionErrors.java:122)
	at org.springframework.test.web.servlet.result.StatusResultMatchers.lambda$matcher$9(StatusResultMatchers.java:637)
	at org.springframework.test.web.servlet.MockMvc$1.andExpect(MockMvc.java:214)
	at com.scrapy.demo.controller.ScoreControllerTest.testDeleteScoreNotFound(ScoreControllerTest.java:155)
	at java.base/java.lang.reflect.Method.invoke(Method.java:580)
	at java.base/java.util.ArrayList.forEach(ArrayList.java:1596)
	at java.base/java.util.ArrayList.forEach(ArrayList.java:1596)

[ERROR] com.scrapy.demo.controller.ScoreControllerTest.testListScores -- Time elapsed: 0.053 s <<< FAILURE!
java.lang.AssertionError: Status expected:<200> but was:<401>
	at org.springframework.test.util.AssertionErrors.fail(AssertionErrors.java:59)
	at org.springframework.test.util.AssertionErrors.assertEquals(AssertionErrors.java:122)
	at org.springframework.test.web.servlet.result.StatusResultMatchers.lambda$matcher$9(StatusResultMatchers.java:637)
	at org.springframework.test.web.servlet.MockMvc$1.andExpect(MockMvc.java:214)
	at com.scrapy.demo.controller.ScoreControllerTest.testListScores(ScoreControllerTest.java:83)
	at java.base/java.lang.reflect.Method.invoke(Method.java:580)
	at java.base/java.util.ArrayList.forEach(ArrayList.java:1596)
	at java.base/java.util.ArrayList.forEach(ArrayList.java:1596)

[ERROR] com.scrapy.demo.controller.ScoreControllerTest.testGetScoresByCourse -- Time elapsed: 0.051 s <<< FAILURE!
java.lang.AssertionError: Status expected:<200> but was:<401>
	at org.springframework.test.util.AssertionErrors.fail(AssertionErrors.java:59)
	at org.springframework.test.util.AssertionErrors.assertEquals(AssertionErrors.java:122)
	at org.springframework.test.web.servlet.result.StatusResultMatchers.lambda$matcher$9(StatusResultMatchers.java:637)
	at org.springframework.test.web.servlet.MockMvc$1.andExpect(MockMvc.java:214)
	at com.scrapy.demo.controller.ScoreControllerTest.testGetScoresByCourse(ScoreControllerTest.java:117)
	at java.base/java.lang.reflect.Method.invoke(Method.java:580)
	at java.base/java.util.ArrayList.forEach(ArrayList.java:1596)
	at java.base/java.util.ArrayList.forEach(ArrayList.java:1596)

[ERROR] com.scrapy.demo.controller.ScoreControllerTest.testGetScoreByIdNotFound -- Time elapsed: 0.048 s <<< FAILURE!
java.lang.AssertionError: Status expected:<404> but was:<401>
	at org.springframework.test.util.AssertionErrors.fail(AssertionErrors.java:59)
	at org.springframework.test.util.AssertionErrors.assertEquals(AssertionErrors.java:122)
	at org.springframework.test.web.servlet.result.StatusResultMatchers.lambda$matcher$9(StatusResultMatchers.java:637)
	at org.springframework.test.web.servlet.MockMvc$1.andExpect(MockMvc.java:214)
	at com.scrapy.demo.controller.ScoreControllerTest.testGetScoreByIdNotFound(ScoreControllerTest.java:100)
	at java.base/java.lang.reflect.Method.invoke(Method.java:580)
	at java.base/java.util.ArrayList.forEach(ArrayList.java:1596)
	at java.base/java.util.ArrayList.forEach(ArrayList.java:1596)

2026-02-11T22:18:44.642+08:00  INFO 22564 --- [scrapy] [           main] t.c.s.AnnotationConfigContextLoaderUtils : Could not detect default configuration classes for test class [com.scrapy.demo.controller.StudentControllerTest]: StudentControllerTest does not declare any static, non-private, non-final, nested classes annotated with @Configuration.
2026-02-11T22:18:44.655+08:00  INFO 22564 --- [scrapy] [           main] .b.t.c.SpringBootTestContextBootstrapper : Found @SpringBootConfiguration com.scrapy.demo.ScrapyApplication for test class com.scrapy.demo.controller.StudentControllerTest

MockHttpServletRequest:
      HTTP Method = POST
      Request URI = /api/students
       Parameters = {}
          Headers = [Content-Type:"application/json;charset=UTF-8", Content-Length:"89"]
             Body = {"id":null,"studentNumber":null,"name":"没有学号的学生","clazz":null,"major":null}
    Session Attrs = {}

Handler:
             Type = null

Async:
    Async started = false
     Async result = null

Resolved Exception:
             Type = null

ModelAndView:
        View name = null
             View = null
            Model = null

FlashMap:
       Attributes = null

MockHttpServletResponse:
           Status = 401
    Error message = Unauthorized
          Headers = [WWW-Authenticate:"Basic realm="Realm"", X-Content-Type-Options:"nosniff", X-XSS-Protection:"0", Cache-Control:"no-cache, no-store, max-age=0, must-revalidate", Pragma:"no-cache", Expires:"0", X-Frame-Options:"DENY"]
     Content type = null
             Body = 
    Forwarded URL = null
   Redirected URL = null
          Cookies = []

MockHttpServletRequest:
      HTTP Method = POST
      Request URI = /api/students
       Parameters = {}
          Headers = [Content-Type:"application/json;charset=UTF-8", Content-Length:"112"]
             Body = {"id":null,"studentNumber":"2024001","name":"张三","clazz":"计算机1班","major":"计算机科学与技术"}
    Session Attrs = {}

Handler:
             Type = null

Async:
    Async started = false
     Async result = null

Resolved Exception:
             Type = null

ModelAndView:
        View name = null
             View = null
            Model = null

FlashMap:
       Attributes = null

MockHttpServletResponse:
           Status = 401
    Error message = Unauthorized
          Headers = [WWW-Authenticate:"Basic realm="Realm"", X-Content-Type-Options:"nosniff", X-XSS-Protection:"0", Cache-Control:"no-cache, no-store, max-age=0, must-revalidate", Pragma:"no-cache", Expires:"0", X-Frame-Options:"DENY"]
     Content type = null
             Body = 
    Forwarded URL = null
   Redirected URL = null
          Cookies = []
Hibernate: 
    insert 
    into
        students
        (clazz, major, name, student_number) 
    values
        (?, ?, ?, ?)

MockHttpServletRequest:
      HTTP Method = PUT
      Request URI = /api/students/85
       Parameters = {}
          Headers = [Content-Type:"application/json;charset=UTF-8", Content-Length:"106"]
             Body = {"id":null,"studentNumber":"2024001","name":"张三修改","clazz":"计算机2班","major":"软件工程"}
    Session Attrs = {}

Handler:
             Type = null

Async:
    Async started = false
     Async result = null

Resolved Exception:
             Type = null

ModelAndView:
        View name = null
             View = null
            Model = null

FlashMap:
       Attributes = null

MockHttpServletResponse:
           Status = 401
    Error message = Unauthorized
          Headers = [WWW-Authenticate:"Basic realm="Realm"", X-Content-Type-Options:"nosniff", X-XSS-Protection:"0", Cache-Control:"no-cache, no-store, max-age=0, must-revalidate", Pragma:"no-cache", Expires:"0", X-Frame-Options:"DENY"]
     Content type = null
             Body = 
    Forwarded URL = null
   Redirected URL = null
          Cookies = []

MockHttpServletRequest:
      HTTP Method = GET
      Request URI = /api/students/999
       Parameters = {}
          Headers = []
             Body = null
    Session Attrs = {}

Handler:
             Type = null

Async:
    Async started = false
     Async result = null

Resolved Exception:
             Type = null

ModelAndView:
        View name = null
             View = null
            Model = null

FlashMap:
       Attributes = null

MockHttpServletResponse:
           Status = 401
    Error message = Unauthorized
          Headers = [WWW-Authenticate:"Basic realm="Realm"", X-Content-Type-Options:"nosniff", X-XSS-Protection:"0", Cache-Control:"no-cache, no-store, max-age=0, must-revalidate", Pragma:"no-cache", Expires:"0", X-Frame-Options:"DENY"]
     Content type = null
             Body = 
    Forwarded URL = null
   Redirected URL = null
          Cookies = []
Hibernate: 
    insert 
    into
        students
        (clazz, major, name, student_number) 
    values
        (?, ?, ?, ?)

MockHttpServletRequest:
      HTTP Method = GET
      Request URI = /api/students/number/2024001
       Parameters = {}
          Headers = []
             Body = null
    Session Attrs = {}

Handler:
             Type = null

Async:
    Async started = false
     Async result = null

Resolved Exception:
             Type = null

ModelAndView:
        View name = null
             View = null
            Model = null

FlashMap:
       Attributes = null

MockHttpServletResponse:
           Status = 401
    Error message = Unauthorized
          Headers = [WWW-Authenticate:"Basic realm="Realm"", X-Content-Type-Options:"nosniff", X-XSS-Protection:"0", Cache-Control:"no-cache, no-store, max-age=0, must-revalidate", Pragma:"no-cache", Expires:"0", X-Frame-Options:"DENY"]
     Content type = null
             Body = 
    Forwarded URL = null
   Redirected URL = null
          Cookies = []
Hibernate: 
    insert 
    into
        students
        (clazz, major, name, student_number) 
    values
        (?, ?, ?, ?)

MockHttpServletRequest:
      HTTP Method = GET
      Request URI = /api/students
       Parameters = {}
          Headers = []
             Body = null
    Session Attrs = {}

Handler:
             Type = null

Async:
    Async started = false
     Async result = null

Resolved Exception:
             Type = null

ModelAndView:
        View name = null
             View = null
            Model = null

FlashMap:
       Attributes = null

MockHttpServletResponse:
           Status = 401
    Error message = Unauthorized
          Headers = [WWW-Authenticate:"Basic realm="Realm"", X-Content-Type-Options:"nosniff", X-XSS-Protection:"0", Cache-Control:"no-cache, no-store, max-age=0, must-revalidate", Pragma:"no-cache", Expires:"0", X-Frame-Options:"DENY"]
     Content type = null
             Body = 
    Forwarded URL = null
   Redirected URL = null
          Cookies = []
Hibernate: 
    insert 
    into
        students
        (clazz, major, name, student_number) 
    values
        (?, ?, ?, ?)

MockHttpServletRequest:
      HTTP Method = DELETE
      Request URI = /api/students/88
       Parameters = {}
          Headers = []
             Body = null
    Session Attrs = {}

Handler:
             Type = null

Async:
    Async started = false
     Async result = null

Resolved Exception:
             Type = null

ModelAndView:
        View name = null
             View = null
            Model = null

FlashMap:
       Attributes = null

MockHttpServletResponse:
           Status = 401
    Error message = Unauthorized
          Headers = [WWW-Authenticate:"Basic realm="Realm"", X-Content-Type-Options:"nosniff", X-XSS-Protection:"0", Cache-Control:"no-cache, no-store, max-age=0, must-revalidate", Pragma:"no-cache", Expires:"0", X-Frame-Options:"DENY"]
     Content type = null
             Body = 
    Forwarded URL = null
   Redirected URL = null
          Cookies = []

MockHttpServletRequest:
      HTTP Method = DELETE
      Request URI = /api/students/999
       Parameters = {}
          Headers = []
             Body = null
    Session Attrs = {}

Handler:
             Type = null

Async:
    Async started = false
     Async result = null

Resolved Exception:
             Type = null

ModelAndView:
        View name = null
             View = null
            Model = null

FlashMap:
       Attributes = null

MockHttpServletResponse:
           Status = 401
    Error message = Unauthorized
          Headers = [WWW-Authenticate:"Basic realm="Realm"", X-Content-Type-Options:"nosniff", X-XSS-Protection:"0", Cache-Control:"no-cache, no-store, max-age=0, must-revalidate", Pragma:"no-cache", Expires:"0", X-Frame-Options:"DENY"]
     Content type = null
             Body = 
    Forwarded URL = null
   Redirected URL = null
          Cookies = []
Hibernate: 
    insert 
    into
        students
        (clazz, major, name, student_number) 
    values
        (?, ?, ?, ?)

MockHttpServletRequest:
      HTTP Method = GET
      Request URI = /api/students/89
       Parameters = {}
          Headers = []
             Body = null
    Session Attrs = {}

Handler:
             Type = null

Async:
    Async started = false
     Async result = null

Resolved Exception:
             Type = null

ModelAndView:
        View name = null
             View = null
            Model = null

FlashMap:
       Attributes = null

MockHttpServletResponse:
           Status = 401
    Error message = Unauthorized
          Headers = [WWW-Authenticate:"Basic realm="Realm"", X-Content-Type-Options:"nosniff", X-XSS-Protection:"0", Cache-Control:"no-cache, no-store, max-age=0, must-revalidate", Pragma:"no-cache", Expires:"0", X-Frame-Options:"DENY"]
     Content type = null
             Body = 
    Forwarded URL = null
   Redirected URL = null
          Cookies = []
Hibernate: 
    insert 
    into
        students
        (clazz, major, name, student_number) 
    values
        (?, ?, ?, ?)
Hibernate: 
    insert 
    into
        students
        (clazz, major, name, student_number) 
    values
        (?, ?, ?, ?)

MockHttpServletRequest:
      HTTP Method = GET
      Request URI = /api/students/class/%E8%AE%A1%E7%AE%97%E6%9C%BA1%E7%8F%AD
       Parameters = {}
          Headers = []
             Body = null
    Session Attrs = {}

Handler:
             Type = null

Async:
    Async started = false
     Async result = null

Resolved Exception:
             Type = null

ModelAndView:
        View name = null
             View = null
            Model = null

FlashMap:
       Attributes = null

MockHttpServletResponse:
           Status = 401
    Error message = Unauthorized
          Headers = [WWW-Authenticate:"Basic realm="Realm"", X-Content-Type-Options:"nosniff", X-XSS-Protection:"0", Cache-Control:"no-cache, no-store, max-age=0, must-revalidate", Pragma:"no-cache", Expires:"0", X-Frame-Options:"DENY"]
     Content type = null
             Body = 
    Forwarded URL = null
   Redirected URL = null
          Cookies = []
[ERROR] Tests run: 10, Failures: 10, Errors: 0, Skipped: 0, Time elapsed: 0.414 s <<< FAILURE! -- in com.scrapy.demo.controller.StudentControllerTest
[ERROR] com.scrapy.demo.controller.StudentControllerTest.testCreateStudentValidationError -- Time elapsed: 0.031 s <<< FAILURE!
java.lang.AssertionError: Status expected:<400> but was:<401>
	at org.springframework.test.util.AssertionErrors.fail(AssertionErrors.java:59)
	at org.springframework.test.util.AssertionErrors.assertEquals(AssertionErrors.java:122)
	at org.springframework.test.web.servlet.result.StatusResultMatchers.lambda$matcher$9(StatusResultMatchers.java:637)
	at org.springframework.test.web.servlet.MockMvc$1.andExpect(MockMvc.java:214)
	at com.scrapy.demo.controller.StudentControllerTest.testCreateStudentValidationError(StudentControllerTest.java:160)
	at java.base/java.lang.reflect.Method.invoke(Method.java:580)
	at java.base/java.util.ArrayList.forEach(ArrayList.java:1596)
	at java.base/java.util.ArrayList.forEach(ArrayList.java:1596)

[ERROR] com.scrapy.demo.controller.StudentControllerTest.testCreateStudent -- Time elapsed: 0.029 s <<< FAILURE!
java.lang.AssertionError: Status expected:<200> but was:<401>
	at org.springframework.test.util.AssertionErrors.fail(AssertionErrors.java:59)
	at org.springframework.test.util.AssertionErrors.assertEquals(AssertionErrors.java:122)
	at org.springframework.test.web.servlet.result.StatusResultMatchers.lambda$matcher$9(StatusResultMatchers.java:637)
	at org.springframework.test.web.servlet.MockMvc$1.andExpect(MockMvc.java:214)
	at com.scrapy.demo.controller.StudentControllerTest.testCreateStudent(StudentControllerTest.java:110)
	at java.base/java.lang.reflect.Method.invoke(Method.java:580)
	at java.base/java.util.ArrayList.forEach(ArrayList.java:1596)
	at java.base/java.util.ArrayList.forEach(ArrayList.java:1596)

[ERROR] com.scrapy.demo.controller.StudentControllerTest.testUpdateStudent -- Time elapsed: 0.034 s <<< FAILURE!
java.lang.AssertionError: Status expected:<200> but was:<401>
	at org.springframework.test.util.AssertionErrors.fail(AssertionErrors.java:59)
	at org.springframework.test.util.AssertionErrors.assertEquals(AssertionErrors.java:122)
	at org.springframework.test.web.servlet.result.StatusResultMatchers.lambda$matcher$9(StatusResultMatchers.java:637)
	at org.springframework.test.web.servlet.MockMvc$1.andExpect(MockMvc.java:214)
	at com.scrapy.demo.controller.StudentControllerTest.testUpdateStudent(StudentControllerTest.java:131)
	at java.base/java.lang.reflect.Method.invoke(Method.java:580)
	at java.base/java.util.ArrayList.forEach(ArrayList.java:1596)
	at java.base/java.util.ArrayList.forEach(ArrayList.java:1596)

[ERROR] com.scrapy.demo.controller.StudentControllerTest.testGetStudentByIdNotFound -- Time elapsed: 0.026 s <<< FAILURE!
java.lang.AssertionError: Status expected:<404> but was:<401>
	at org.springframework.test.util.AssertionErrors.fail(AssertionErrors.java:59)
	at org.springframework.test.util.AssertionErrors.assertEquals(AssertionErrors.java:122)
	at org.springframework.test.web.servlet.result.StatusResultMatchers.lambda$matcher$9(StatusResultMatchers.java:637)
	at org.springframework.test.web.servlet.MockMvc$1.andExpect(MockMvc.java:214)
	at com.scrapy.demo.controller.StudentControllerTest.testGetStudentByIdNotFound(StudentControllerTest.java:75)
	at java.base/java.lang.reflect.Method.invoke(Method.java:580)
	at java.base/java.util.ArrayList.forEach(ArrayList.java:1596)
	at java.base/java.util.ArrayList.forEach(ArrayList.java:1596)

[ERROR] com.scrapy.demo.controller.StudentControllerTest.testGetStudentByStudentNumber -- Time elapsed: 0.034 s <<< FAILURE!
java.lang.AssertionError: Status expected:<200> but was:<401>
	at org.springframework.test.util.AssertionErrors.fail(AssertionErrors.java:59)
	at org.springframework.test.util.AssertionErrors.assertEquals(AssertionErrors.java:122)
	at org.springframework.test.web.servlet.result.StatusResultMatchers.lambda$matcher$9(StatusResultMatchers.java:637)
	at org.springframework.test.web.servlet.MockMvc$1.andExpect(MockMvc.java:214)
	at com.scrapy.demo.controller.StudentControllerTest.testGetStudentByStudentNumber(StudentControllerTest.java:83)
	at java.base/java.lang.reflect.Method.invoke(Method.java:580)
	at java.base/java.util.ArrayList.forEach(ArrayList.java:1596)
	at java.base/java.util.ArrayList.forEach(ArrayList.java:1596)

[ERROR] com.scrapy.demo.controller.StudentControllerTest.testListStudents -- Time elapsed: 0.037 s <<< FAILURE!
java.lang.AssertionError: Status expected:<200> but was:<401>
	at org.springframework.test.util.AssertionErrors.fail(AssertionErrors.java:59)
	at org.springframework.test.util.AssertionErrors.assertEquals(AssertionErrors.java:122)
	at org.springframework.test.web.servlet.result.StatusResultMatchers.lambda$matcher$9(StatusResultMatchers.java:637)
	at org.springframework.test.web.servlet.MockMvc$1.andExpect(MockMvc.java:214)
	at com.scrapy.demo.controller.StudentControllerTest.testListStudents(StudentControllerTest.java:57)
	at java.base/java.lang.reflect.Method.invoke(Method.java:580)
	at java.base/java.util.ArrayList.forEach(ArrayList.java:1596)
	at java.base/java.util.ArrayList.forEach(ArrayList.java:1596)

[ERROR] com.scrapy.demo.controller.StudentControllerTest.testDeleteStudent -- Time elapsed: 0.043 s <<< FAILURE!
java.lang.AssertionError: Status expected:<204> but was:<401>
	at org.springframework.test.util.AssertionErrors.fail(AssertionErrors.java:59)
	at org.springframework.test.util.AssertionErrors.assertEquals(AssertionErrors.java:122)
	at org.springframework.test.web.servlet.result.StatusResultMatchers.lambda$matcher$9(StatusResultMatchers.java:637)
	at org.springframework.test.web.servlet.MockMvc$1.andExpect(MockMvc.java:214)
	at com.scrapy.demo.controller.StudentControllerTest.testDeleteStudent(StudentControllerTest.java:141)
	at java.base/java.lang.reflect.Method.invoke(Method.java:580)
	at java.base/java.util.ArrayList.forEach(ArrayList.java:1596)
	at java.base/java.util.ArrayList.forEach(ArrayList.java:1596)

[ERROR] com.scrapy.demo.controller.StudentControllerTest.testDeleteStudentNotFound -- Time elapsed: 0.023 s <<< FAILURE!
java.lang.AssertionError: Status expected:<404> but was:<401>
	at org.springframework.test.util.AssertionErrors.fail(AssertionErrors.java:59)
	at org.springframework.test.util.AssertionErrors.assertEquals(AssertionErrors.java:122)
	at org.springframework.test.web.servlet.result.StatusResultMatchers.lambda$matcher$9(StatusResultMatchers.java:637)
	at org.springframework.test.web.servlet.MockMvc$1.andExpect(MockMvc.java:214)
	at com.scrapy.demo.controller.StudentControllerTest.testDeleteStudentNotFound(StudentControllerTest.java:147)
	at java.base/java.lang.reflect.Method.invoke(Method.java:580)
	at java.base/java.util.ArrayList.forEach(ArrayList.java:1596)
	at java.base/java.util.ArrayList.forEach(ArrayList.java:1596)

[ERROR] com.scrapy.demo.controller.StudentControllerTest.testGetStudentById -- Time elapsed: 0.039 s <<< FAILURE!
java.lang.AssertionError: Status expected:<200> but was:<401>
	at org.springframework.test.util.AssertionErrors.fail(AssertionErrors.java:59)
	at org.springframework.test.util.AssertionErrors.assertEquals(AssertionErrors.java:122)
	at org.springframework.test.web.servlet.result.StatusResultMatchers.lambda$matcher$9(StatusResultMatchers.java:637)
	at org.springframework.test.web.servlet.MockMvc$1.andExpect(MockMvc.java:214)
	at com.scrapy.demo.controller.StudentControllerTest.testGetStudentById(StudentControllerTest.java:67)
	at java.base/java.lang.reflect.Method.invoke(Method.java:580)
	at java.base/java.util.ArrayList.forEach(ArrayList.java:1596)
	at java.base/java.util.ArrayList.forEach(ArrayList.java:1596)

[ERROR] com.scrapy.demo.controller.StudentControllerTest.testGetStudentsByClass -- Time elapsed: 0.046 s <<< FAILURE!
java.lang.AssertionError: Status expected:<200> but was:<401>
	at org.springframework.test.util.AssertionErrors.fail(AssertionErrors.java:59)
	at org.springframework.test.util.AssertionErrors.assertEquals(AssertionErrors.java:122)
	at org.springframework.test.web.servlet.result.StatusResultMatchers.lambda$matcher$9(StatusResultMatchers.java:637)
	at org.springframework.test.web.servlet.MockMvc$1.andExpect(MockMvc.java:214)
	at com.scrapy.demo.controller.StudentControllerTest.testGetStudentsByClass(StudentControllerTest.java:99)
	at java.base/java.lang.reflect.Method.invoke(Method.java:580)
	at java.base/java.util.ArrayList.forEach(ArrayList.java:1596)
	at java.base/java.util.ArrayList.forEach(ArrayList.java:1596)

2026-02-11T22:18:45.061+08:00  INFO 22564 --- [scrapy] [           main] t.c.s.AnnotationConfigContextLoaderUtils : Could not detect default configuration classes for test class [com.scrapy.demo.ScrapyApplicationTests]: ScrapyApplicationTests does not declare any static, non-private, non-final, nested classes annotated with @Configuration.
2026-02-11T22:18:45.085+08:00  INFO 22564 --- [scrapy] [           main] .b.t.c.SpringBootTestContextBootstrapper : Found @SpringBootConfiguration com.scrapy.demo.ScrapyApplication for test class com.scrapy.demo.ScrapyApplicationTests

  .   ____          _            __ _ _
 /\\ / ___'_ __ _ _(_)_ __  __ _ \ \ \ \
( ( )\___ | '_ | '_| | '_ \/ _` | \ \ \ \
 \\/  ___)| |_)| | | | | || (_| |  ) ) ) )
  '  |____| .__|_| |_|_| |_\__, | / / / /
 =========|_|==============|___/=/_/_/_/

 :: Spring Boot ::                (v3.3.6)

2026-02-11T22:18:45.275+08:00  INFO 22564 --- [scrapy] [           main] com.scrapy.demo.ScrapyApplicationTests   : Starting ScrapyApplicationTests using Java 21.0.2 with PID 22564 (started by Administrator in D:\begin\code\java_project\demo)
2026-02-11T22:18:45.276+08:00  INFO 22564 --- [scrapy] [           main] com.scrapy.demo.ScrapyApplicationTests   : No active profile set, falling back to 1 default profile: "default"
2026-02-11T22:18:46.580+08:00  INFO 22564 --- [scrapy] [           main] .s.d.r.c.RepositoryConfigurationDelegate : Bootstrapping Spring Data JPA repositories in DEFAULT mode.
2026-02-11T22:18:46.675+08:00  INFO 22564 --- [scrapy] [           main] .s.d.r.c.RepositoryConfigurationDelegate : Finished Spring Data repository scanning in 93 ms. Found 5 JPA repository interfaces.
2026-02-11T22:18:47.263+08:00  INFO 22564 --- [scrapy] [           main] com.zaxxer.hikari.HikariDataSource       : HikariPool-2 - Starting...
2026-02-11T22:18:47.285+08:00  INFO 22564 --- [scrapy] [           main] com.zaxxer.hikari.pool.HikariPool        : HikariPool-2 - Added connection com.mysql.cj.jdbc.ConnectionImpl@67620d80
2026-02-11T22:18:47.286+08:00  INFO 22564 --- [scrapy] [           main] com.zaxxer.hikari.HikariDataSource       : HikariPool-2 - Start completed.
2026-02-11T22:18:47.479+08:00  INFO 22564 --- [scrapy] [           main] o.hibernate.jpa.internal.util.LogHelper  : HHH000204: Processing PersistenceUnitInfo [name: default]
2026-02-11T22:18:47.516+08:00  INFO 22564 --- [scrapy] [           main] o.h.c.internal.RegionFactoryInitiator    : HHH000026: Second-level cache disabled
2026-02-11T22:18:47.567+08:00  INFO 22564 --- [scrapy] [           main] o.s.o.j.p.SpringPersistenceUnitInfo      : No LoadTimeWeaver setup: ignoring JPA class transformer
2026-02-11T22:18:47.580+08:00  WARN 22564 --- [scrapy] [           main] org.hibernate.orm.deprecation            : HHH90000025: MySQLDialect does not need to be specified explicitly using 'hibernate.dialect' (remove the property setting and it will be selected by default)
2026-02-11T22:18:48.409+08:00  INFO 22564 --- [scrapy] [           main] o.h.e.t.j.p.i.JtaPlatformInitiator       : HHH000489: No JTA platform available (set 'hibernate.transaction.jta.platform' to enable JTA platform integration)
2026-02-11T22:18:48.599+08:00  INFO 22564 --- [scrapy] [           main] j.LocalContainerEntityManagerFactoryBean : Initialized JPA EntityManagerFactory for persistence unit 'default'
2026-02-11T22:18:49.207+08:00  WARN 22564 --- [scrapy] [           main] JpaBaseConfiguration$JpaWebConfiguration : spring.jpa.open-in-view is enabled by default. Therefore, database queries may be performed during view rendering. Explicitly configure spring.jpa.open-in-view to disable this warning
2026-02-11T22:18:49.267+08:00  INFO 22564 --- [scrapy] [           main] eAuthenticationProviderManagerConfigurer : Global AuthenticationManager configured with AuthenticationProvider bean with name authenticationProvider
2026-02-11T22:18:49.267+08:00  WARN 22564 --- [scrapy] [           main] r$InitializeUserDetailsManagerConfigurer : Global AuthenticationManager configured with an AuthenticationProvider bean. UserDetailsService beans will not be used for username/password login. Consider removing the AuthenticationProvider bean. Alternatively, consider using the UserDetailsService in a manually instantiated DaoAuthenticationProvider.
2026-02-11T22:18:49.968+08:00  INFO 22564 --- [scrapy] [           main] o.s.b.a.e.web.EndpointLinksResolver      : Exposing 1 endpoint beneath base path '/actuator'
2026-02-11T22:18:50.841+08:00  INFO 22564 --- [scrapy] [           main] com.scrapy.demo.ScrapyApplicationTests   : Started ScrapyApplicationTests in 5.741 seconds (process running for 42.028)
2026-02-11T22:18:50.865+08:00  INFO 22564 --- [scrapy] [           main] t.c.s.AnnotationConfigContextLoaderUtils : Could not detect default configuration classes for test class [com.scrapy.demo.service.CourseServiceTest]: CourseServiceTest does not declare any static, non-private, non-final, nested classes annotated with @Configuration.
2026-02-11T22:18:50.892+08:00  INFO 22564 --- [scrapy] [           main] .b.t.c.SpringBootTestContextBootstrapper : Found @SpringBootConfiguration com.scrapy.demo.ScrapyApplication for test class com.scrapy.demo.service.CourseServiceTest

  .   ____          _            __ _ _
 /\\ / ___'_ __ _ _(_)_ __  __ _ \ \ \ \
( ( )\___ | '_ | '_| | '_ \/ _` | \ \ \ \
 \\/  ___)| |_)| | | | | || (_| |  ) ) ) )
  '  |____| .__|_| |_|_| |_\__, | / / / /
 =========|_|==============|___/=/_/_/_/

 :: Spring Boot ::                (v3.3.6)

2026-02-11T22:18:51.063+08:00  INFO 22564 --- [scrapy] [           main] c.scrapy.demo.service.CourseServiceTest  : Starting CourseServiceTest using Java 21.0.2 with PID 22564 (started by Administrator in D:\begin\code\java_project\demo)
2026-02-11T22:18:51.064+08:00  INFO 22564 --- [scrapy] [           main] c.scrapy.demo.service.CourseServiceTest  : The following 1 profile is active: "test"
2026-02-11T22:18:52.364+08:00  INFO 22564 --- [scrapy] [           main] .s.d.r.c.RepositoryConfigurationDelegate : Bootstrapping Spring Data JPA repositories in DEFAULT mode.
2026-02-11T22:18:52.408+08:00  INFO 22564 --- [scrapy] [           main] .s.d.r.c.RepositoryConfigurationDelegate : Finished Spring Data repository scanning in 42 ms. Found 5 JPA repository interfaces.
2026-02-11T22:18:52.940+08:00  INFO 22564 --- [scrapy] [           main] com.zaxxer.hikari.HikariDataSource       : HikariPool-3 - Starting...
2026-02-11T22:18:52.964+08:00  INFO 22564 --- [scrapy] [           main] com.zaxxer.hikari.pool.HikariPool        : HikariPool-3 - Added connection com.mysql.cj.jdbc.ConnectionImpl@79b24f79
2026-02-11T22:18:52.965+08:00  INFO 22564 --- [scrapy] [           main] com.zaxxer.hikari.HikariDataSource       : HikariPool-3 - Start completed.
2026-02-11T22:18:53.105+08:00  INFO 22564 --- [scrapy] [           main] o.hibernate.jpa.internal.util.LogHelper  : HHH000204: Processing PersistenceUnitInfo [name: default]
2026-02-11T22:18:53.118+08:00  INFO 22564 --- [scrapy] [           main] o.h.c.internal.RegionFactoryInitiator    : HHH000026: Second-level cache disabled
2026-02-11T22:18:53.159+08:00  INFO 22564 --- [scrapy] [           main] o.s.o.j.p.SpringPersistenceUnitInfo      : No LoadTimeWeaver setup: ignoring JPA class transformer
2026-02-11T22:18:53.167+08:00  WARN 22564 --- [scrapy] [           main] org.hibernate.orm.deprecation            : HHH90000025: MySQLDialect does not need to be specified explicitly using 'hibernate.dialect' (remove the property setting and it will be selected by default)
2026-02-11T22:18:53.654+08:00  INFO 22564 --- [scrapy] [           main] o.h.e.t.j.p.i.JtaPlatformInitiator       : HHH000489: No JTA platform available (set 'hibernate.transaction.jta.platform' to enable JTA platform integration)
2026-02-11T22:18:53.793+08:00  INFO 22564 --- [scrapy] [           main] j.LocalContainerEntityManagerFactoryBean : Initialized JPA EntityManagerFactory for persistence unit 'default'
2026-02-11T22:18:54.451+08:00  WARN 22564 --- [scrapy] [           main] JpaBaseConfiguration$JpaWebConfiguration : spring.jpa.open-in-view is enabled by default. Therefore, database queries may be performed during view rendering. Explicitly configure spring.jpa.open-in-view to disable this warning
2026-02-11T22:18:54.505+08:00  INFO 22564 --- [scrapy] [           main] eAuthenticationProviderManagerConfigurer : Global AuthenticationManager configured with AuthenticationProvider bean with name authenticationProvider
2026-02-11T22:18:54.505+08:00  WARN 22564 --- [scrapy] [           main] r$InitializeUserDetailsManagerConfigurer : Global AuthenticationManager configured with an AuthenticationProvider bean. UserDetailsService beans will not be used for username/password login. Consider removing the AuthenticationProvider bean. Alternatively, consider using the UserDetailsService in a manually instantiated DaoAuthenticationProvider.
2026-02-11T22:18:55.086+08:00  INFO 22564 --- [scrapy] [           main] o.s.b.a.e.web.EndpointLinksResolver      : Exposing 1 endpoint beneath base path '/actuator'
2026-02-11T22:18:55.805+08:00  INFO 22564 --- [scrapy] [           main] c.scrapy.demo.service.CourseServiceTest  : Started CourseServiceTest in 4.869 seconds (process running for 46.991)
Hibernate: 
    select
        c1_0.id,
        c1_0.credit,
        c1_0.name,
        c1_0.teacher_name 
    from
        courses c1_0
Hibernate: 
    insert 
    into
        courses
        (credit, name, teacher_name) 
    values
        (?, ?, ?)
Hibernate: 
    select
        c1_0.id,
        c1_0.credit,
        c1_0.name,
        c1_0.teacher_name 
    from
        courses c1_0 
    where
        c1_0.name=?
Hibernate: 
    select
        c1_0.id,
        c1_0.credit,
        c1_0.name,
        c1_0.teacher_name 
    from
        courses c1_0
Hibernate: 
    insert 
    into
        courses
        (credit, name, teacher_name) 
    values
        (?, ?, ?)
Hibernate: 
    insert 
    into
        courses
        (credit, name, teacher_name) 
    values
        (?, ?, ?)
Hibernate: 
    select
        c1_0.id,
        c1_0.credit,
        c1_0.name,
        c1_0.teacher_name 
    from
        courses c1_0
Hibernate: 
    select
        c1_0.id,
        c1_0.credit,
        c1_0.name,
        c1_0.teacher_name 
    from
        courses c1_0
Hibernate: 
    insert 
    into
        courses
        (credit, name, teacher_name) 
    values
        (?, ?, ?)
Hibernate: 
    select
        c1_0.id,
        c1_0.credit,
        c1_0.name,
        c1_0.teacher_name 
    from
        courses c1_0
Hibernate: 
    insert 
    into
        courses
        (credit, name, teacher_name) 
    values
        (?, ?, ?)
Hibernate: 
    select
        c1_0.id,
        c1_0.credit,
        c1_0.name,
        c1_0.teacher_name 
    from
        courses c1_0
Hibernate: 
    insert 
    into
        courses
        (credit, name, teacher_name) 
    values
        (?, ?, ?)
Hibernate: 
    select
        c1_0.id,
        c1_0.credit,
        c1_0.name,
        c1_0.teacher_name 
    from
        courses c1_0
Hibernate: 
    insert 
    into
        courses
        (credit, name, teacher_name) 
    values
        (?, ?, ?)
Hibernate: 
    select
        c1_0.id,
        c1_0.credit,
        c1_0.name,
        c1_0.teacher_name 
    from
        courses c1_0
Hibernate: 
    select
        c1_0.id,
        c1_0.credit,
        c1_0.name,
        c1_0.teacher_name 
    from
        courses c1_0
Hibernate: 
    insert 
    into
        courses
        (credit, name, teacher_name) 
    values
        (?, ?, ?)
Hibernate: 
    insert 
    into
        courses
        (credit, name, teacher_name) 
    values
        (?, ?, ?)
Hibernate: 
    select
        c1_0.id,
        c1_0.credit,
        c1_0.name,
        c1_0.teacher_name 
    from
        courses c1_0 
    where
        c1_0.teacher_name=?
Hibernate: 
    select
        c1_0.id,
        c1_0.credit,
        c1_0.name,
        c1_0.teacher_name 
    from
        courses c1_0
Hibernate: 
    select
        c1_0.id,
        c1_0.credit,
        c1_0.name,
        c1_0.teacher_name 
    from
        courses c1_0 
    where
        c1_0.name=?
[ERROR] Tests run: 9, Failures: 0, Errors: 1, Skipped: 0, Time elapsed: 5.757 s <<< FAILURE! -- in com.scrapy.demo.service.CourseServiceTest
[ERROR] com.scrapy.demo.service.CourseServiceTest.testCreditValidation -- Time elapsed: 0.053 s <<< ERROR!
jakarta.validation.ConstraintViolationException: 
Validation failed for classes [com.scrapy.demo.domain.Course] during persist time for groups [jakarta.validation.groups.Default, ]
List of constraint violations:[
	ConstraintViolationImpl{interpolatedMessage='学分不能低于0.5', propertyPath=credit, rootBeanClass=class com.scrapy.demo.domain.Course, messageTemplate='学分不能低于0.5'}
]
	at org.hibernate.boot.beanvalidation.BeanValidationEventListener.validate(BeanValidationEventListener.java:151)
	at org.hibernate.boot.beanvalidation.BeanValidationEventListener.onPreInsert(BeanValidationEventListener.java:81)
	at org.hibernate.action.internal.EntityIdentityInsertAction.preInsert(EntityIdentityInsertAction.java:201)
	at org.hibernate.action.internal.EntityIdentityInsertAction.execute(EntityIdentityInsertAction.java:79)
	at org.hibernate.engine.spi.ActionQueue.execute(ActionQueue.java:671)
	at org.hibernate.engine.spi.ActionQueue.addResolvedEntityInsertAction(ActionQueue.java:292)
	at org.hibernate.engine.spi.ActionQueue.addInsertAction(ActionQueue.java:273)
	at org.hibernate.engine.spi.ActionQueue.addAction(ActionQueue.java:323)
	at org.hibernate.event.internal.AbstractSaveEventListener.addInsertAction(AbstractSaveEventListener.java:391)
	at org.hibernate.event.internal.AbstractSaveEventListener.performSaveOrReplicate(AbstractSaveEventListener.java:305)
	at org.hibernate.event.internal.AbstractSaveEventListener.performSave(AbstractSaveEventListener.java:224)
	at org.hibernate.event.internal.AbstractSaveEventListener.saveWithGeneratedId(AbstractSaveEventListener.java:137)
	at org.hibernate.event.internal.DefaultPersistEventListener.entityIsTransient(DefaultPersistEventListener.java:175)
	at org.hibernate.event.internal.DefaultPersistEventListener.persist(DefaultPersistEventListener.java:93)
	at org.hibernate.event.internal.DefaultPersistEventListener.onPersist(DefaultPersistEventListener.java:77)
	at org.hibernate.event.internal.DefaultPersistEventListener.onPersist(DefaultPersistEventListener.java:54)
	at org.hibernate.event.service.internal.EventListenerGroupImpl.fireEventOnEachListener(EventListenerGroupImpl.java:127)
	at org.hibernate.internal.SessionImpl.firePersist(SessionImpl.java:757)
	at org.hibernate.internal.SessionImpl.persist(SessionImpl.java:741)
	at java.base/jdk.internal.reflect.DirectMethodHandleAccessor.invoke(DirectMethodHandleAccessor.java:103)
	at java.base/java.lang.reflect.Method.invoke(Method.java:580)
	at org.springframework.orm.jpa.SharedEntityManagerCreator$SharedEntityManagerInvocationHandler.invoke(SharedEntityManagerCreator.java:319)
	at jdk.proxy2/jdk.proxy2.$Proxy153.persist(Unknown Source)
	at org.springframework.data.jpa.repository.support.SimpleJpaRepository.save(SimpleJpaRepository.java:628)
	at java.base/jdk.internal.reflect.DirectMethodHandleAccessor.invoke(DirectMethodHandleAccessor.java:103)
	at java.base/java.lang.reflect.Method.invoke(Method.java:580)
	at org.springframework.aop.support.AopUtils.invokeJoinpointUsingReflection(AopUtils.java:355)
	at org.springframework.data.repository.core.support.RepositoryMethodInvoker$RepositoryFragmentMethodInvoker.lambda$new$0(RepositoryMethodInvoker.java:277)
	at org.springframework.data.repository.core.support.RepositoryMethodInvoker.doInvoke(RepositoryMethodInvoker.java:170)
	at org.springframework.data.repository.core.support.RepositoryMethodInvoker.invoke(RepositoryMethodInvoker.java:158)
	at org.springframework.data.repository.core.support.RepositoryComposition$RepositoryFragments.invoke(RepositoryComposition.java:516)
	at org.springframework.data.repository.core.support.RepositoryComposition.invoke(RepositoryComposition.java:285)
	at org.springframework.data.repository.core.support.RepositoryFactorySupport$ImplementationMethodExecutionInterceptor.invoke(RepositoryFactorySupport.java:628)
	at org.springframework.aop.framework.ReflectiveMethodInvocation.proceed(ReflectiveMethodInvocation.java:184)
	at org.springframework.data.repository.core.support.QueryExecutorMethodInterceptor.doInvoke(QueryExecutorMethodInterceptor.java:173)
	at org.springframework.data.repository.core.support.QueryExecutorMethodInterceptor.invoke(QueryExecutorMethodInterceptor.java:148)
	at org.springframework.aop.framework.ReflectiveMethodInvocation.proceed(ReflectiveMethodInvocation.java:184)
	at org.springframework.data.projection.DefaultMethodInvokingMethodInterceptor.invoke(DefaultMethodInvokingMethodInterceptor.java:70)
	at org.springframework.aop.framework.ReflectiveMethodInvocation.proceed(ReflectiveMethodInvocation.java:184)
	at org.springframework.transaction.interceptor.TransactionAspectSupport.invokeWithinTransaction(TransactionAspectSupport.java:379)
	at org.springframework.transaction.interceptor.TransactionInterceptor.invoke(TransactionInterceptor.java:119)
	at org.springframework.aop.framework.ReflectiveMethodInvocation.proceed(ReflectiveMethodInvocation.java:184)
	at org.springframework.dao.support.PersistenceExceptionTranslationInterceptor.invoke(PersistenceExceptionTranslationInterceptor.java:138)
	at org.springframework.aop.framework.ReflectiveMethodInvocation.proceed(ReflectiveMethodInvocation.java:184)
	at org.springframework.data.jpa.repository.support.CrudMethodMetadataPostProcessor$CrudMethodMetadataPopulatingMethodInterceptor.invoke(CrudMethodMetadataPostProcessor.java:165)
	at org.springframework.aop.framework.ReflectiveMethodInvocation.proceed(ReflectiveMethodInvocation.java:184)
	at org.springframework.aop.interceptor.ExposeInvocationInterceptor.invoke(ExposeInvocationInterceptor.java:97)
	at org.springframework.aop.framework.ReflectiveMethodInvocation.proceed(ReflectiveMethodInvocation.java:184)
	at org.springframework.aop.framework.JdkDynamicAopProxy.invoke(JdkDynamicAopProxy.java:223)
	at jdk.proxy2/jdk.proxy2.$Proxy161.save(Unknown Source)
	at com.scrapy.demo.service.CourseService.save(CourseService.java:56)
	at java.base/jdk.internal.reflect.DirectMethodHandleAccessor.invoke(DirectMethodHandleAccessor.java:103)
	at java.base/java.lang.reflect.Method.invoke(Method.java:580)
	at org.springframework.aop.support.AopUtils.invokeJoinpointUsingReflection(AopUtils.java:355)
	at org.springframework.aop.framework.ReflectiveMethodInvocation.invokeJoinpoint(ReflectiveMethodInvocation.java:196)
	at org.springframework.aop.framework.ReflectiveMethodInvocation.proceed(ReflectiveMethodInvocation.java:163)
	at org.springframework.aop.framework.CglibAopProxy$CglibMethodInvocation.proceed(CglibAopProxy.java:768)
	at org.springframework.transaction.interceptor.TransactionAspectSupport.invokeWithinTransaction(TransactionAspectSupport.java:379)
	at org.springframework.transaction.interceptor.TransactionInterceptor.invoke(TransactionInterceptor.java:119)
	at org.springframework.aop.framework.ReflectiveMethodInvocation.proceed(ReflectiveMethodInvocation.java:184)
	at org.springframework.aop.framework.CglibAopProxy$CglibMethodInvocation.proceed(CglibAopProxy.java:768)
	at org.springframework.aop.framework.CglibAopProxy$DynamicAdvisedInterceptor.intercept(CglibAopProxy.java:720)
	at com.scrapy.demo.service.CourseService$$SpringCGLIB$$0.save(<generated>)
	at com.scrapy.demo.service.CourseServiceTest.testCreditValidation(CourseServiceTest.java:136)
	at java.base/java.lang.reflect.Method.invoke(Method.java:580)
	at java.base/java.util.ArrayList.forEach(ArrayList.java:1596)
	at java.base/java.util.ArrayList.forEach(ArrayList.java:1596)

2026-02-11T22:18:56.623+08:00  INFO 22564 --- [scrapy] [           main] t.c.s.AnnotationConfigContextLoaderUtils : Could not detect default configuration classes for test class [com.scrapy.demo.service.ExcelServiceTest]: ExcelServiceTest does not declare any static, non-private, non-final, nested classes annotated with @Configuration.
2026-02-11T22:18:56.628+08:00  INFO 22564 --- [scrapy] [           main] .b.t.c.SpringBootTestContextBootstrapper : Found @SpringBootConfiguration com.scrapy.demo.ScrapyApplication for test class com.scrapy.demo.service.ExcelServiceTest
Hibernate: 
    select
        s1_0.id,
        s1_0.clazz,
        s1_0.major,
        s1_0.name,
        s1_0.student_number 
    from
        students s1_0
Hibernate: 
    select
        c1_0.id,
        c1_0.credit,
        c1_0.name,
        c1_0.teacher_name 
    from
        courses c1_0
Hibernate: 
    select
        s1_0.id,
        s1_0.course_id,
        s1_0.recorded_at,
        s1_0.student_id,
        s1_0.value 
    from
        scores s1_0
Hibernate: 
    select
        s1_0.id,
        s1_0.clazz,
        s1_0.major,
        s1_0.name,
        s1_0.student_number 
    from
        students s1_0
Hibernate: 
    select
        s1_0.id,
        s1_0.clazz,
        s1_0.major,
        s1_0.name,
        s1_0.student_number 
    from
        students s1_0
Hibernate: 
    select
        c1_0.id,
        c1_0.credit,
        c1_0.name,
        c1_0.teacher_name 
    from
        courses c1_0
Hibernate: 
    select
        s1_0.id,
        s1_0.course_id,
        s1_0.recorded_at,
        s1_0.student_id,
        s1_0.value 
    from
        scores s1_0
Hibernate: 
    insert 
    into
        students
        (clazz, major, name, student_number) 
    values
        (?, ?, ?, ?)
Hibernate: 
    insert 
    into
        courses
        (credit, name, teacher_name) 
    values
        (?, ?, ?)
Hibernate: 
    select
        s1_0.id,
        s1_0.clazz,
        s1_0.major,
        s1_0.name,
        s1_0.student_number 
    from
        students s1_0
Hibernate: 
    select
        c1_0.id,
        c1_0.credit,
        c1_0.name,
        c1_0.teacher_name 
    from
        courses c1_0
Hibernate: 
    select
        s1_0.id,
        s1_0.course_id,
        s1_0.recorded_at,
        s1_0.student_id,
        s1_0.value 
    from
        scores s1_0
Hibernate: 
    insert 
    into
        students
        (clazz, major, name, student_number) 
    values
        (?, ?, ?, ?)
Hibernate: 
    insert 
    into
        courses
        (credit, name, teacher_name) 
    values
        (?, ?, ?)
Hibernate: 
    select
        s1_0.id,
        s1_0.clazz,
        s1_0.major,
        s1_0.name,
        s1_0.student_number 
    from
        students s1_0 
    where
        s1_0.student_number=?
Hibernate: 
    select
        c1_0.id,
        c1_0.credit,
        c1_0.name,
        c1_0.teacher_name 
    from
        courses c1_0 
    where
        c1_0.name=?
Hibernate: 
    select
        s1_0.id,
        s1_0.course_id,
        s1_0.recorded_at,
        s1_0.student_id,
        s1_0.value 
    from
        scores s1_0 
    where
        s1_0.student_id=? 
        and s1_0.course_id=?
Hibernate: 
    insert 
    into
        scores
        (course_id, recorded_at, student_id, value) 
    values
        (?, ?, ?, ?)
Hibernate: 
    select
        s1_0.id,
        s1_0.course_id,
        s1_0.recorded_at,
        s1_0.student_id,
        s1_0.value 
    from
        scores s1_0
Hibernate: 
    select
        s1_0.id,
        s1_0.clazz,
        s1_0.major,
        s1_0.name,
        s1_0.student_number 
    from
        students s1_0
Hibernate: 
    select
        c1_0.id,
        c1_0.credit,
        c1_0.name,
        c1_0.teacher_name 
    from
        courses c1_0
Hibernate: 
    select
        s1_0.id,
        s1_0.course_id,
        s1_0.recorded_at,
        s1_0.student_id,
        s1_0.value 
    from
        scores s1_0
Hibernate: 
    insert 
    into
        students
        (clazz, major, name, student_number) 
    values
        (?, ?, ?, ?)
Hibernate: 
    select
        s1_0.id,
        s1_0.clazz,
        s1_0.major,
        s1_0.name,
        s1_0.student_number 
    from
        students s1_0
Hibernate: 
    select
        s1_0.id,
        s1_0.clazz,
        s1_0.major,
        s1_0.name,
        s1_0.student_number 
    from
        students s1_0
Hibernate: 
    select
        c1_0.id,
        c1_0.credit,
        c1_0.name,
        c1_0.teacher_name 
    from
        courses c1_0
Hibernate: 
    select
        s1_0.id,
        s1_0.course_id,
        s1_0.recorded_at,
        s1_0.student_id,
        s1_0.value 
    from
        scores s1_0
Hibernate: 
    insert 
    into
        students
        (clazz, major, name, student_number) 
    values
        (?, ?, ?, ?)
Hibernate: 
    insert 
    into
        courses
        (credit, name, teacher_name) 
    values
        (?, ?, ?)
Hibernate: 
    insert 
    into
        scores
        (course_id, recorded_at, student_id, value) 
    values
        (?, ?, ?, ?)
Hibernate: 
    select
        s1_0.id,
        s1_0.course_id,
        s1_0.recorded_at,
        s1_0.student_id,
        s1_0.value 
    from
        scores s1_0
Hibernate: 
    select
        s1_0.id,
        s1_0.clazz,
        s1_0.major,
        s1_0.name,
        s1_0.student_number 
    from
        students s1_0
Hibernate: 
    select
        c1_0.id,
        c1_0.credit,
        c1_0.name,
        c1_0.teacher_name 
    from
        courses c1_0
Hibernate: 
    select
        s1_0.id,
        s1_0.course_id,
        s1_0.recorded_at,
        s1_0.student_id,
        s1_0.value 
    from
        scores s1_0
Hibernate: 
    select
        s1_0.id,
        s1_0.clazz,
        s1_0.major,
        s1_0.name,
        s1_0.student_number 
    from
        students s1_0
Hibernate: 
    select
        c1_0.id,
        c1_0.credit,
        c1_0.name,
        c1_0.teacher_name 
    from
        courses c1_0
Hibernate: 
    select
        s1_0.id,
        s1_0.course_id,
        s1_0.recorded_at,
        s1_0.student_id,
        s1_0.value 
    from
        scores s1_0
Hibernate: 
    select
        s1_0.id,
        s1_0.clazz,
        s1_0.major,
        s1_0.name,
        s1_0.student_number 
    from
        students s1_0 
    where
        s1_0.student_number=?
Hibernate: 
    insert 
    into
        students
        (clazz, major, name, student_number) 
    values
        (?, ?, ?, ?)
Hibernate: 
    select
        s1_0.id,
        s1_0.clazz,
        s1_0.major,
        s1_0.name,
        s1_0.student_number 
    from
        students s1_0 
    where
        s1_0.student_number=?
Hibernate: 
    select
        s1_0.id,
        s1_0.clazz,
        s1_0.major,
        s1_0.name,
        s1_0.student_number 
    from
        students s1_0
Hibernate: 
    select
        c1_0.id,
        c1_0.credit,
        c1_0.name,
        c1_0.teacher_name 
    from
        courses c1_0
Hibernate: 
    select
        s1_0.id,
        s1_0.course_id,
        s1_0.recorded_at,
        s1_0.student_id,
        s1_0.value 
    from
        scores s1_0
Hibernate: 
    insert 
    into
        students
        (clazz, major, name, student_number) 
    values
        (?, ?, ?, ?)
Hibernate: 
    select
        s1_0.id,
        s1_0.clazz,
        s1_0.major,
        s1_0.name,
        s1_0.student_number 
    from
        students s1_0 
    where
        s1_0.student_number=?
2026-02-11T22:19:00.666+08:00  INFO 22564 --- [scrapy] [           main] t.c.s.AnnotationConfigContextLoaderUtils : Could not detect default configuration classes for test class [com.scrapy.demo.service.ScoreAnalysisServiceTest]: ScoreAnalysisServiceTest does not declare any static, non-private, non-final, nested classes annotated with @Configuration.
2026-02-11T22:19:00.670+08:00  INFO 22564 --- [scrapy] [           main] .b.t.c.SpringBootTestContextBootstrapper : Found @SpringBootConfiguration com.scrapy.demo.ScrapyApplication for test class com.scrapy.demo.service.ScoreAnalysisServiceTest
Hibernate: 
    select
        s1_0.id,
        s1_0.course_id,
        s1_0.recorded_at,
        s1_0.student_id,
        s1_0.value 
    from
        scores s1_0
Hibernate: 
    select
        s1_0.id,
        s1_0.clazz,
        s1_0.major,
        s1_0.name,
        s1_0.student_number 
    from
        students s1_0
Hibernate: 
    select
        c1_0.id,
        c1_0.credit,
        c1_0.name,
        c1_0.teacher_name 
    from
        courses c1_0
Hibernate: 
    insert 
    into
        students
        (clazz, major, name, student_number) 
    values
        (?, ?, ?, ?)
Hibernate: 
    insert 
    into
        students
        (clazz, major, name, student_number) 
    values
        (?, ?, ?, ?)
Hibernate: 
    insert 
    into
        courses
        (credit, name, teacher_name) 
    values
        (?, ?, ?)
Hibernate: 
    insert 
    into
        courses
        (credit, name, teacher_name) 
    values
        (?, ?, ?)
Hibernate: 
    insert 
    into
        scores
        (course_id, recorded_at, student_id, value) 
    values
        (?, ?, ?, ?)
Hibernate: 
    insert 
    into
        scores
        (course_id, recorded_at, student_id, value) 
    values
        (?, ?, ?, ?)
Hibernate: 
    insert 
    into
        scores
        (course_id, recorded_at, student_id, value) 
    values
        (?, ?, ?, ?)
Hibernate: 
    insert 
    into
        scores
        (course_id, recorded_at, student_id, value) 
    values
        (?, ?, ?, ?)
Hibernate: 
    select
        s1_0.id,
        s1_0.course_id,
        s1_0.recorded_at,
        s1_0.student_id,
        s1_0.value 
    from
        scores s1_0
Hibernate: 
    select
        s1_0.id,
        s1_0.course_id,
        s1_0.recorded_at,
        s1_0.student_id,
        s1_0.value 
    from
        scores s1_0
Hibernate: 
    select
        s1_0.id,
        s1_0.clazz,
        s1_0.major,
        s1_0.name,
        s1_0.student_number 
    from
        students s1_0
Hibernate: 
    select
        c1_0.id,
        c1_0.credit,
        c1_0.name,
        c1_0.teacher_name 
    from
        courses c1_0
Hibernate: 
    insert 
    into
        students
        (clazz, major, name, student_number) 
    values
        (?, ?, ?, ?)
Hibernate: 
    insert 
    into
        students
        (clazz, major, name, student_number) 
    values
        (?, ?, ?, ?)
Hibernate: 
    insert 
    into
        courses
        (credit, name, teacher_name) 
    values
        (?, ?, ?)
Hibernate: 
    insert 
    into
        courses
        (credit, name, teacher_name) 
    values
        (?, ?, ?)
Hibernate: 
    insert 
    into
        scores
        (course_id, recorded_at, student_id, value) 
    values
        (?, ?, ?, ?)
Hibernate: 
    insert 
    into
        scores
        (course_id, recorded_at, student_id, value) 
    values
        (?, ?, ?, ?)
Hibernate: 
    insert 
    into
        scores
        (course_id, recorded_at, student_id, value) 
    values
        (?, ?, ?, ?)
Hibernate: 
    insert 
    into
        scores
        (course_id, recorded_at, student_id, value) 
    values
        (?, ?, ?, ?)
Hibernate: 
    select
        s1_0.id,
        s1_0.course_id,
        s1_0.recorded_at,
        s1_0.student_id,
        s1_0.value 
    from
        scores s1_0 
    where
        s1_0.student_id=?
Hibernate: 
    select
        s1_0.id,
        s1_0.course_id,
        s1_0.recorded_at,
        s1_0.student_id,
        s1_0.value 
    from
        scores s1_0
Hibernate: 
    select
        s1_0.id,
        s1_0.clazz,
        s1_0.major,
        s1_0.name,
        s1_0.student_number 
    from
        students s1_0
Hibernate: 
    select
        c1_0.id,
        c1_0.credit,
        c1_0.name,
        c1_0.teacher_name 
    from
        courses c1_0
Hibernate: 
    insert 
    into
        students
        (clazz, major, name, student_number) 
    values
        (?, ?, ?, ?)
Hibernate: 
    insert 
    into
        students
        (clazz, major, name, student_number) 
    values
        (?, ?, ?, ?)
Hibernate: 
    insert 
    into
        courses
        (credit, name, teacher_name) 
    values
        (?, ?, ?)
Hibernate: 
    insert 
    into
        courses
        (credit, name, teacher_name) 
    values
        (?, ?, ?)
Hibernate: 
    insert 
    into
        scores
        (course_id, recorded_at, student_id, value) 
    values
        (?, ?, ?, ?)
Hibernate: 
    insert 
    into
        scores
        (course_id, recorded_at, student_id, value) 
    values
        (?, ?, ?, ?)
Hibernate: 
    insert 
    into
        scores
        (course_id, recorded_at, student_id, value) 
    values
        (?, ?, ?, ?)
Hibernate: 
    insert 
    into
        scores
        (course_id, recorded_at, student_id, value) 
    values
        (?, ?, ?, ?)
Hibernate: 
    select
        s1_0.id,
        s1_0.course_id,
        s1_0.recorded_at,
        s1_0.student_id,
        s1_0.value 
    from
        scores s1_0
Hibernate: 
    select
        s1_0.id,
        s1_0.course_id,
        s1_0.recorded_at,
        s1_0.student_id,
        s1_0.value 
    from
        scores s1_0
Hibernate: 
    select
        s1_0.id,
        s1_0.clazz,
        s1_0.major,
        s1_0.name,
        s1_0.student_number 
    from
        students s1_0
Hibernate: 
    select
        c1_0.id,
        c1_0.credit,
        c1_0.name,
        c1_0.teacher_name 
    from
        courses c1_0
Hibernate: 
    insert 
    into
        students
        (clazz, major, name, student_number) 
    values
        (?, ?, ?, ?)
Hibernate: 
    insert 
    into
        students
        (clazz, major, name, student_number) 
    values
        (?, ?, ?, ?)
Hibernate: 
    insert 
    into
        courses
        (credit, name, teacher_name) 
    values
        (?, ?, ?)
Hibernate: 
    insert 
    into
        courses
        (credit, name, teacher_name) 
    values
        (?, ?, ?)
Hibernate: 
    insert 
    into
        scores
        (course_id, recorded_at, student_id, value) 
    values
        (?, ?, ?, ?)
Hibernate: 
    insert 
    into
        scores
        (course_id, recorded_at, student_id, value) 
    values
        (?, ?, ?, ?)
Hibernate: 
    insert 
    into
        scores
        (course_id, recorded_at, student_id, value) 
    values
        (?, ?, ?, ?)
Hibernate: 
    insert 
    into
        scores
        (course_id, recorded_at, student_id, value) 
    values
        (?, ?, ?, ?)
Hibernate: 
    select
        s1_0.id,
        s1_0.course_id,
        s1_0.recorded_at,
        s1_0.student_id,
        s1_0.value 
    from
        scores s1_0
Hibernate: 
    select
        s1_0.id,
        s1_0.course_id,
        s1_0.recorded_at,
        s1_0.student_id,
        s1_0.value 
    from
        scores s1_0
Hibernate: 
    select
        s1_0.id,
        s1_0.clazz,
        s1_0.major,
        s1_0.name,
        s1_0.student_number 
    from
        students s1_0
Hibernate: 
    select
        c1_0.id,
        c1_0.credit,
        c1_0.name,
        c1_0.teacher_name 
    from
        courses c1_0
Hibernate: 
    insert 
    into
        students
        (clazz, major, name, student_number) 
    values
        (?, ?, ?, ?)
Hibernate: 
    insert 
    into
        students
        (clazz, major, name, student_number) 
    values
        (?, ?, ?, ?)
Hibernate: 
    insert 
    into
        courses
        (credit, name, teacher_name) 
    values
        (?, ?, ?)
Hibernate: 
    insert 
    into
        courses
        (credit, name, teacher_name) 
    values
        (?, ?, ?)
Hibernate: 
    insert 
    into
        scores
        (course_id, recorded_at, student_id, value) 
    values
        (?, ?, ?, ?)
Hibernate: 
    insert 
    into
        scores
        (course_id, recorded_at, student_id, value) 
    values
        (?, ?, ?, ?)
Hibernate: 
    insert 
    into
        scores
        (course_id, recorded_at, student_id, value) 
    values
        (?, ?, ?, ?)
Hibernate: 
    insert 
    into
        scores
        (course_id, recorded_at, student_id, value) 
    values
        (?, ?, ?, ?)
Hibernate: 
    select
        s1_0.id,
        s1_0.course_id,
        s1_0.recorded_at,
        s1_0.student_id,
        s1_0.value 
    from
        scores s1_0
Hibernate: 
    select
        s1_0.id,
        s1_0.course_id,
        s1_0.recorded_at,
        s1_0.student_id,
        s1_0.value 
    from
        scores s1_0
Hibernate: 
    select
        s1_0.id,
        s1_0.clazz,
        s1_0.major,
        s1_0.name,
        s1_0.student_number 
    from
        students s1_0
Hibernate: 
    select
        c1_0.id,
        c1_0.credit,
        c1_0.name,
        c1_0.teacher_name 
    from
        courses c1_0
Hibernate: 
    insert 
    into
        students
        (clazz, major, name, student_number) 
    values
        (?, ?, ?, ?)
Hibernate: 
    insert 
    into
        students
        (clazz, major, name, student_number) 
    values
        (?, ?, ?, ?)
Hibernate: 
    insert 
    into
        courses
        (credit, name, teacher_name) 
    values
        (?, ?, ?)
Hibernate: 
    insert 
    into
        courses
        (credit, name, teacher_name) 
    values
        (?, ?, ?)
Hibernate: 
    insert 
    into
        scores
        (course_id, recorded_at, student_id, value) 
    values
        (?, ?, ?, ?)
Hibernate: 
    insert 
    into
        scores
        (course_id, recorded_at, student_id, value) 
    values
        (?, ?, ?, ?)
Hibernate: 
    insert 
    into
        scores
        (course_id, recorded_at, student_id, value) 
    values
        (?, ?, ?, ?)
Hibernate: 
    insert 
    into
        scores
        (course_id, recorded_at, student_id, value) 
    values
        (?, ?, ?, ?)
Hibernate: 
    select
        s1_0.id,
        s1_0.course_id,
        s1_0.recorded_at,
        s1_0.student_id,
        s1_0.value 
    from
        scores s1_0
Hibernate: 
    select
        s1_0.id,
        s1_0.course_id,
        s1_0.recorded_at,
        s1_0.student_id,
        s1_0.value 
    from
        scores s1_0
Hibernate: 
    select
        s1_0.id,
        s1_0.clazz,
        s1_0.major,
        s1_0.name,
        s1_0.student_number 
    from
        students s1_0
Hibernate: 
    select
        c1_0.id,
        c1_0.credit,
        c1_0.name,
        c1_0.teacher_name 
    from
        courses c1_0
Hibernate: 
    insert 
    into
        students
        (clazz, major, name, student_number) 
    values
        (?, ?, ?, ?)
Hibernate: 
    insert 
    into
        students
        (clazz, major, name, student_number) 
    values
        (?, ?, ?, ?)
Hibernate: 
    insert 
    into
        courses
        (credit, name, teacher_name) 
    values
        (?, ?, ?)
Hibernate: 
    insert 
    into
        courses
        (credit, name, teacher_name) 
    values
        (?, ?, ?)
Hibernate: 
    insert 
    into
        scores
        (course_id, recorded_at, student_id, value) 
    values
        (?, ?, ?, ?)
Hibernate: 
    insert 
    into
        scores
        (course_id, recorded_at, student_id, value) 
    values
        (?, ?, ?, ?)
Hibernate: 
    insert 
    into
        scores
        (course_id, recorded_at, student_id, value) 
    values
        (?, ?, ?, ?)
Hibernate: 
    insert 
    into
        scores
        (course_id, recorded_at, student_id, value) 
    values
        (?, ?, ?, ?)
Hibernate: 
    select
        s1_0.id,
        s1_0.course_id,
        s1_0.recorded_at,
        s1_0.student_id,
        s1_0.value 
    from
        scores s1_0
Hibernate: 
    delete 
    from
        scores 
    where
        id=?
Hibernate: 
    delete 
    from
        scores 
    where
        id=?
Hibernate: 
    delete 
    from
        scores 
    where
        id=?
Hibernate: 
    delete 
    from
        scores 
    where
        id=?
Hibernate: 
    select
        s1_0.id,
        s1_0.course_id,
        s1_0.recorded_at,
        s1_0.student_id,
        s1_0.value 
    from
        scores s1_0
Hibernate: 
    select
        s1_0.id,
        s1_0.course_id,
        s1_0.recorded_at,
        s1_0.student_id,
        s1_0.value 
    from
        scores s1_0
Hibernate: 
    select
        s1_0.id,
        s1_0.clazz,
        s1_0.major,
        s1_0.name,
        s1_0.student_number 
    from
        students s1_0
Hibernate: 
    select
        c1_0.id,
        c1_0.credit,
        c1_0.name,
        c1_0.teacher_name 
    from
        courses c1_0
Hibernate: 
    insert 
    into
        students
        (clazz, major, name, student_number) 
    values
        (?, ?, ?, ?)
Hibernate: 
    insert 
    into
        students
        (clazz, major, name, student_number) 
    values
        (?, ?, ?, ?)
Hibernate: 
    insert 
    into
        courses
        (credit, name, teacher_name) 
    values
        (?, ?, ?)
Hibernate: 
    insert 
    into
        courses
        (credit, name, teacher_name) 
    values
        (?, ?, ?)
Hibernate: 
    insert 
    into
        scores
        (course_id, recorded_at, student_id, value) 
    values
        (?, ?, ?, ?)
Hibernate: 
    insert 
    into
        scores
        (course_id, recorded_at, student_id, value) 
    values
        (?, ?, ?, ?)
Hibernate: 
    insert 
    into
        scores
        (course_id, recorded_at, student_id, value) 
    values
        (?, ?, ?, ?)
Hibernate: 
    insert 
    into
        scores
        (course_id, recorded_at, student_id, value) 
    values
        (?, ?, ?, ?)
Hibernate: 
    select
        s1_0.id,
        s1_0.course_id,
        s1_0.recorded_at,
        s1_0.student_id,
        s1_0.value 
    from
        scores s1_0 
    where
        s1_0.course_id=?
Hibernate: 
    select
        s1_0.id,
        s1_0.course_id,
        s1_0.recorded_at,
        s1_0.student_id,
        s1_0.value 
    from
        scores s1_0
Hibernate: 
    select
        s1_0.id,
        s1_0.clazz,
        s1_0.major,
        s1_0.name,
        s1_0.student_number 
    from
        students s1_0
Hibernate: 
    select
        c1_0.id,
        c1_0.credit,
        c1_0.name,
        c1_0.teacher_name 
    from
        courses c1_0
Hibernate: 
    insert 
    into
        students
        (clazz, major, name, student_number) 
    values
        (?, ?, ?, ?)
Hibernate: 
    insert 
    into
        students
        (clazz, major, name, student_number) 
    values
        (?, ?, ?, ?)
Hibernate: 
    insert 
    into
        courses
        (credit, name, teacher_name) 
    values
        (?, ?, ?)
Hibernate: 
    insert 
    into
        courses
        (credit, name, teacher_name) 
    values
        (?, ?, ?)
Hibernate: 
    insert 
    into
        scores
        (course_id, recorded_at, student_id, value) 
    values
        (?, ?, ?, ?)
Hibernate: 
    insert 
    into
        scores
        (course_id, recorded_at, student_id, value) 
    values
        (?, ?, ?, ?)
Hibernate: 
    insert 
    into
        scores
        (course_id, recorded_at, student_id, value) 
    values
        (?, ?, ?, ?)
Hibernate: 
    insert 
    into
        scores
        (course_id, recorded_at, student_id, value) 
    values
        (?, ?, ?, ?)
Hibernate: 
    select
        s1_0.id,
        s1_0.course_id,
        s1_0.recorded_at,
        s1_0.student_id,
        s1_0.value 
    from
        scores s1_0
2026-02-11T22:19:01.372+08:00  INFO 22564 --- [scrapy] [           main] t.c.s.AnnotationConfigContextLoaderUtils : Could not detect default configuration classes for test class [com.scrapy.demo.service.ScoreServiceTest]: ScoreServiceTest does not declare any static, non-private, non-final, nested classes annotated with @Configuration.
2026-02-11T22:19:01.376+08:00  INFO 22564 --- [scrapy] [           main] .b.t.c.SpringBootTestContextBootstrapper : Found @SpringBootConfiguration com.scrapy.demo.ScrapyApplication for test class com.scrapy.demo.service.ScoreServiceTest
Hibernate: 
    select
        s1_0.id,
        s1_0.course_id,
        s1_0.recorded_at,
        s1_0.student_id,
        s1_0.value 
    from
        scores s1_0
Hibernate: 
    select
        s1_0.id,
        s1_0.clazz,
        s1_0.major,
        s1_0.name,
        s1_0.student_number 
    from
        students s1_0
Hibernate: 
    select
        c1_0.id,
        c1_0.credit,
        c1_0.name,
        c1_0.teacher_name 
    from
        courses c1_0
Hibernate: 
    insert 
    into
        students
        (clazz, major, name, student_number) 
    values
        (?, ?, ?, ?)
Hibernate: 
    insert 
    into
        courses
        (credit, name, teacher_name) 
    values
        (?, ?, ?)
Hibernate: 
    insert 
    into
        scores
        (course_id, recorded_at, student_id, value) 
    values
        (?, ?, ?, ?)
Hibernate: 
    select
        s1_0.id,
        s1_0.course_id,
        s1_0.recorded_at,
        s1_0.student_id,
        s1_0.value 
    from
        scores s1_0
Hibernate: 
    select
        s1_0.id,
        s1_0.clazz,
        s1_0.major,
        s1_0.name,
        s1_0.student_number 
    from
        students s1_0
Hibernate: 
    select
        c1_0.id,
        c1_0.credit,
        c1_0.name,
        c1_0.teacher_name 
    from
        courses c1_0
Hibernate: 
    insert 
    into
        students
        (clazz, major, name, student_number) 
    values
        (?, ?, ?, ?)
Hibernate: 
    insert 
    into
        courses
        (credit, name, teacher_name) 
    values
        (?, ?, ?)
Hibernate: 
    select
        s1_0.id,
        s1_0.course_id,
        s1_0.recorded_at,
        s1_0.student_id,
        s1_0.value 
    from
        scores s1_0
Hibernate: 
    select
        s1_0.id,
        s1_0.clazz,
        s1_0.major,
        s1_0.name,
        s1_0.student_number 
    from
        students s1_0
Hibernate: 
    select
        c1_0.id,
        c1_0.credit,
        c1_0.name,
        c1_0.teacher_name 
    from
        courses c1_0
Hibernate: 
    insert 
    into
        students
        (clazz, major, name, student_number) 
    values
        (?, ?, ?, ?)
Hibernate: 
    insert 
    into
        courses
        (credit, name, teacher_name) 
    values
        (?, ?, ?)
Hibernate: 
    insert 
    into
        scores
        (course_id, recorded_at, student_id, value) 
    values
        (?, ?, ?, ?)
Hibernate: 
    insert 
    into
        scores
        (course_id, recorded_at, student_id, value) 
    values
        (?, ?, ?, ?)
Hibernate: 
    select
        s1_0.id,
        s1_0.course_id,
        s1_0.recorded_at,
        s1_0.student_id,
        s1_0.value 
    from
        scores s1_0 
    where
        s1_0.student_id=?
Hibernate: 
    select
        s1_0.id,
        s1_0.course_id,
        s1_0.recorded_at,
        s1_0.student_id,
        s1_0.value 
    from
        scores s1_0
Hibernate: 
    select
        s1_0.id,
        s1_0.clazz,
        s1_0.major,
        s1_0.name,
        s1_0.student_number 
    from
        students s1_0
Hibernate: 
    select
        c1_0.id,
        c1_0.credit,
        c1_0.name,
        c1_0.teacher_name 
    from
        courses c1_0
Hibernate: 
    insert 
    into
        students
        (clazz, major, name, student_number) 
    values
        (?, ?, ?, ?)
Hibernate: 
    insert 
    into
        courses
        (credit, name, teacher_name) 
    values
        (?, ?, ?)
Hibernate: 
    insert 
    into
        scores
        (course_id, recorded_at, student_id, value) 
    values
        (?, ?, ?, ?)
Hibernate: 
    insert 
    into
        score_history
        (after_value, before_value, score_id, updated_at) 
    values
        (?, ?, ?, ?)
2026-02-11T22:19:01.705+08:00  WARN 22564 --- [scrapy] [           main] o.h.engine.jdbc.spi.SqlExceptionHelper   : SQL Error: 1452, SQLState: 23000
2026-02-11T22:19:01.705+08:00 ERROR 22564 --- [scrapy] [           main] o.h.engine.jdbc.spi.SqlExceptionHelper   : Cannot add or update a child row: a foreign key constraint fails (`student_management`.`score_history`, CONSTRAINT `score_history_ibfk_1` FOREIGN KEY (`score_id`) REFERENCES `score` (`id`) ON DELETE CASCADE)
Hibernate: 
    select
        s1_0.id,
        s1_0.course_id,
        s1_0.recorded_at,
        s1_0.student_id,
        s1_0.value 
    from
        scores s1_0
Hibernate: 
    select
        s1_0.id,
        s1_0.clazz,
        s1_0.major,
        s1_0.name,
        s1_0.student_number 
    from
        students s1_0
Hibernate: 
    select
        c1_0.id,
        c1_0.credit,
        c1_0.name,
        c1_0.teacher_name 
    from
        courses c1_0
Hibernate: 
    insert 
    into
        students
        (clazz, major, name, student_number) 
    values
        (?, ?, ?, ?)
Hibernate: 
    insert 
    into
        courses
        (credit, name, teacher_name) 
    values
        (?, ?, ?)
Hibernate: 
    select
        s1_0.id,
        s1_0.course_id,
        s1_0.recorded_at,
        s1_0.student_id,
        s1_0.value 
    from
        scores s1_0 
    where
        s1_0.id=?
Hibernate: 
    select
        s1_0.id,
        s1_0.course_id,
        s1_0.recorded_at,
        s1_0.student_id,
        s1_0.value 
    from
        scores s1_0
Hibernate: 
    select
        s1_0.id,
        s1_0.clazz,
        s1_0.major,
        s1_0.name,
        s1_0.student_number 
    from
        students s1_0
Hibernate: 
    select
        c1_0.id,
        c1_0.credit,
        c1_0.name,
        c1_0.teacher_name 
    from
        courses c1_0
Hibernate: 
    insert 
    into
        students
        (clazz, major, name, student_number) 
    values
        (?, ?, ?, ?)
Hibernate: 
    insert 
    into
        courses
        (credit, name, teacher_name) 
    values
        (?, ?, ?)
Hibernate: 
    insert 
    into
        scores
        (course_id, recorded_at, student_id, value) 
    values
        (?, ?, ?, ?)
Hibernate: 
    select
        s1_0.id,
        s1_0.course_id,
        s1_0.recorded_at,
        s1_0.student_id,
        s1_0.value 
    from
        scores s1_0 
    where
        s1_0.course_id=?
Hibernate: 
    select
        s1_0.id,
        s1_0.course_id,
        s1_0.recorded_at,
        s1_0.student_id,
        s1_0.value 
    from
        scores s1_0
Hibernate: 
    select
        s1_0.id,
        s1_0.clazz,
        s1_0.major,
        s1_0.name,
        s1_0.student_number 
    from
        students s1_0
Hibernate: 
    select
        c1_0.id,
        c1_0.credit,
        c1_0.name,
        c1_0.teacher_name 
    from
        courses c1_0
Hibernate: 
    insert 
    into
        students
        (clazz, major, name, student_number) 
    values
        (?, ?, ?, ?)
Hibernate: 
    insert 
    into
        courses
        (credit, name, teacher_name) 
    values
        (?, ?, ?)
Hibernate: 
    insert 
    into
        scores
        (course_id, recorded_at, student_id, value) 
    values
        (?, ?, ?, ?)
Hibernate: 
    select
        s1_0.id,
        s1_0.course_id,
        s1_0.recorded_at,
        s1_0.student_id,
        s1_0.value 
    from
        scores s1_0
Hibernate: 
    select
        s1_0.id,
        s1_0.clazz,
        s1_0.major,
        s1_0.name,
        s1_0.student_number 
    from
        students s1_0
Hibernate: 
    select
        c1_0.id,
        c1_0.credit,
        c1_0.name,
        c1_0.teacher_name 
    from
        courses c1_0
Hibernate: 
    insert 
    into
        students
        (clazz, major, name, student_number) 
    values
        (?, ?, ?, ?)
Hibernate: 
    insert 
    into
        courses
        (credit, name, teacher_name) 
    values
        (?, ?, ?)
Hibernate: 
    insert 
    into
        scores
        (course_id, recorded_at, student_id, value) 
    values
        (?, ?, ?, ?)
Hibernate: 
    insert 
    into
        scores
        (course_id, recorded_at, student_id, value) 
    values
        (?, ?, ?, ?)
Hibernate: 
    select
        s1_0.id,
        s1_0.course_id,
        s1_0.recorded_at,
        s1_0.student_id,
        s1_0.value 
    from
        scores s1_0
Hibernate: 
    select
        s1_0.id,
        s1_0.course_id,
        s1_0.recorded_at,
        s1_0.student_id,
        s1_0.value 
    from
        scores s1_0
Hibernate: 
    select
        s1_0.id,
        s1_0.clazz,
        s1_0.major,
        s1_0.name,
        s1_0.student_number 
    from
        students s1_0
Hibernate: 
    select
        c1_0.id,
        c1_0.credit,
        c1_0.name,
        c1_0.teacher_name 
    from
        courses c1_0
Hibernate: 
    insert 
    into
        students
        (clazz, major, name, student_number) 
    values
        (?, ?, ?, ?)
Hibernate: 
    insert 
    into
        courses
        (credit, name, teacher_name) 
    values
        (?, ?, ?)
Hibernate: 
    insert 
    into
        scores
        (course_id, recorded_at, student_id, value) 
    values
        (?, ?, ?, ?)
Hibernate: 
    select
        s1_0.id,
        s1_0.course_id,
        s1_0.recorded_at,
        s1_0.student_id,
        s1_0.value 
    from
        scores s1_0
Hibernate: 
    select
        s1_0.id,
        s1_0.clazz,
        s1_0.major,
        s1_0.name,
        s1_0.student_number 
    from
        students s1_0
Hibernate: 
    select
        c1_0.id,
        c1_0.credit,
        c1_0.name,
        c1_0.teacher_name 
    from
        courses c1_0
Hibernate: 
    insert 
    into
        students
        (clazz, major, name, student_number) 
    values
        (?, ?, ?, ?)
Hibernate: 
    insert 
    into
        courses
        (credit, name, teacher_name) 
    values
        (?, ?, ?)
Hibernate: 
    insert 
    into
        scores
        (course_id, recorded_at, student_id, value) 
    values
        (?, ?, ?, ?)
[ERROR] Tests run: 10, Failures: 0, Errors: 2, Skipped: 0, Time elapsed: 0.602 s <<< FAILURE! -- in com.scrapy.demo.service.ScoreServiceTest
[ERROR] com.scrapy.demo.service.ScoreServiceTest.testScoreValidation -- Time elapsed: 0.035 s <<< ERROR!
jakarta.validation.ConstraintViolationException: 
Validation failed for classes [com.scrapy.demo.domain.Score] during persist time for groups [jakarta.validation.groups.Default, ]
List of constraint violations:[
	ConstraintViolationImpl{interpolatedMessage='成绩不能为空小于0', propertyPath=value, rootBeanClass=class com.scrapy.demo.domain.Score, messageTemplate='成绩不能为空小于0'}
]
	at org.hibernate.boot.beanvalidation.BeanValidationEventListener.validate(BeanValidationEventListener.java:151)
	at org.hibernate.boot.beanvalidation.BeanValidationEventListener.onPreInsert(BeanValidationEventListener.java:81)
	at org.hibernate.action.internal.EntityIdentityInsertAction.preInsert(EntityIdentityInsertAction.java:201)
	at org.hibernate.action.internal.EntityIdentityInsertAction.execute(EntityIdentityInsertAction.java:79)
	at org.hibernate.engine.spi.ActionQueue.execute(ActionQueue.java:671)
	at org.hibernate.engine.spi.ActionQueue.addResolvedEntityInsertAction(ActionQueue.java:292)
	at org.hibernate.engine.spi.ActionQueue.addInsertAction(ActionQueue.java:273)
	at org.hibernate.engine.spi.ActionQueue.addAction(ActionQueue.java:323)
	at org.hibernate.event.internal.AbstractSaveEventListener.addInsertAction(AbstractSaveEventListener.java:391)
	at org.hibernate.event.internal.AbstractSaveEventListener.performSaveOrReplicate(AbstractSaveEventListener.java:305)
	at org.hibernate.event.internal.AbstractSaveEventListener.performSave(AbstractSaveEventListener.java:224)
	at org.hibernate.event.internal.AbstractSaveEventListener.saveWithGeneratedId(AbstractSaveEventListener.java:137)
	at org.hibernate.event.internal.DefaultPersistEventListener.entityIsTransient(DefaultPersistEventListener.java:175)
	at org.hibernate.event.internal.DefaultPersistEventListener.persist(DefaultPersistEventListener.java:93)
	at org.hibernate.event.internal.DefaultPersistEventListener.onPersist(DefaultPersistEventListener.java:77)
	at org.hibernate.event.internal.DefaultPersistEventListener.onPersist(DefaultPersistEventListener.java:54)
	at org.hibernate.event.service.internal.EventListenerGroupImpl.fireEventOnEachListener(EventListenerGroupImpl.java:127)
	at org.hibernate.internal.SessionImpl.firePersist(SessionImpl.java:757)
	at org.hibernate.internal.SessionImpl.persist(SessionImpl.java:741)
	at java.base/jdk.internal.reflect.DirectMethodHandleAccessor.invoke(DirectMethodHandleAccessor.java:103)
	at java.base/java.lang.reflect.Method.invoke(Method.java:580)
	at org.springframework.orm.jpa.SharedEntityManagerCreator$SharedEntityManagerInvocationHandler.invoke(SharedEntityManagerCreator.java:319)
	at jdk.proxy2/jdk.proxy2.$Proxy153.persist(Unknown Source)
	at org.springframework.data.jpa.repository.support.SimpleJpaRepository.save(SimpleJpaRepository.java:628)
	at java.base/jdk.internal.reflect.DirectMethodHandleAccessor.invoke(DirectMethodHandleAccessor.java:103)
	at java.base/java.lang.reflect.Method.invoke(Method.java:580)
	at org.springframework.aop.support.AopUtils.invokeJoinpointUsingReflection(AopUtils.java:355)
	at org.springframework.data.repository.core.support.RepositoryMethodInvoker$RepositoryFragmentMethodInvoker.lambda$new$0(RepositoryMethodInvoker.java:277)
	at org.springframework.data.repository.core.support.RepositoryMethodInvoker.doInvoke(RepositoryMethodInvoker.java:170)
	at org.springframework.data.repository.core.support.RepositoryMethodInvoker.invoke(RepositoryMethodInvoker.java:158)
	at org.springframework.data.repository.core.support.RepositoryComposition$RepositoryFragments.invoke(RepositoryComposition.java:516)
	at org.springframework.data.repository.core.support.RepositoryComposition.invoke(RepositoryComposition.java:285)
	at org.springframework.data.repository.core.support.RepositoryFactorySupport$ImplementationMethodExecutionInterceptor.invoke(RepositoryFactorySupport.java:628)
	at org.springframework.aop.framework.ReflectiveMethodInvocation.proceed(ReflectiveMethodInvocation.java:184)
	at org.springframework.data.repository.core.support.QueryExecutorMethodInterceptor.doInvoke(QueryExecutorMethodInterceptor.java:173)
	at org.springframework.data.repository.core.support.QueryExecutorMethodInterceptor.invoke(QueryExecutorMethodInterceptor.java:148)
	at org.springframework.aop.framework.ReflectiveMethodInvocation.proceed(ReflectiveMethodInvocation.java:184)
	at org.springframework.data.projection.DefaultMethodInvokingMethodInterceptor.invoke(DefaultMethodInvokingMethodInterceptor.java:70)
	at org.springframework.aop.framework.ReflectiveMethodInvocation.proceed(ReflectiveMethodInvocation.java:184)
	at org.springframework.transaction.interceptor.TransactionAspectSupport.invokeWithinTransaction(TransactionAspectSupport.java:379)
	at org.springframework.transaction.interceptor.TransactionInterceptor.invoke(TransactionInterceptor.java:119)
	at org.springframework.aop.framework.ReflectiveMethodInvocation.proceed(ReflectiveMethodInvocation.java:184)
	at org.springframework.dao.support.PersistenceExceptionTranslationInterceptor.invoke(PersistenceExceptionTranslationInterceptor.java:138)
	at org.springframework.aop.framework.ReflectiveMethodInvocation.proceed(ReflectiveMethodInvocation.java:184)
	at org.springframework.data.jpa.repository.support.CrudMethodMetadataPostProcessor$CrudMethodMetadataPopulatingMethodInterceptor.invoke(CrudMethodMetadataPostProcessor.java:165)
	at org.springframework.aop.framework.ReflectiveMethodInvocation.proceed(ReflectiveMethodInvocation.java:184)
	at org.springframework.aop.interceptor.ExposeInvocationInterceptor.invoke(ExposeInvocationInterceptor.java:97)
	at org.springframework.aop.framework.ReflectiveMethodInvocation.proceed(ReflectiveMethodInvocation.java:184)
	at org.springframework.aop.framework.JdkDynamicAopProxy.invoke(JdkDynamicAopProxy.java:223)
	at jdk.proxy2/jdk.proxy2.$Proxy163.save(Unknown Source)
	at com.scrapy.demo.service.ScoreService.saveScore(ScoreService.java:60)
	at java.base/jdk.internal.reflect.DirectMethodHandleAccessor.invoke(DirectMethodHandleAccessor.java:103)
	at java.base/java.lang.reflect.Method.invoke(Method.java:580)
	at org.springframework.aop.support.AopUtils.invokeJoinpointUsingReflection(AopUtils.java:355)
	at org.springframework.aop.framework.ReflectiveMethodInvocation.invokeJoinpoint(ReflectiveMethodInvocation.java:196)
	at org.springframework.aop.framework.ReflectiveMethodInvocation.proceed(ReflectiveMethodInvocation.java:163)
	at org.springframework.aop.framework.CglibAopProxy$CglibMethodInvocation.proceed(CglibAopProxy.java:768)
	at org.springframework.transaction.interceptor.TransactionAspectSupport.invokeWithinTransaction(TransactionAspectSupport.java:379)
	at org.springframework.transaction.interceptor.TransactionInterceptor.invoke(TransactionInterceptor.java:119)
	at org.springframework.aop.framework.ReflectiveMethodInvocation.proceed(ReflectiveMethodInvocation.java:184)
	at org.springframework.aop.framework.CglibAopProxy$CglibMethodInvocation.proceed(CglibAopProxy.java:768)
	at org.springframework.aop.framework.CglibAopProxy$DynamicAdvisedInterceptor.intercept(CglibAopProxy.java:720)
	at com.scrapy.demo.service.ScoreService$$SpringCGLIB$$0.saveScore(<generated>)
	at com.scrapy.demo.service.ScoreServiceTest.testScoreValidation(ScoreServiceTest.java:166)
	at java.base/java.lang.reflect.Method.invoke(Method.java:580)
	at java.base/java.util.ArrayList.forEach(ArrayList.java:1596)
	at java.base/java.util.ArrayList.forEach(ArrayList.java:1596)

[ERROR] com.scrapy.demo.service.ScoreServiceTest.testUpdateScoreValue -- Time elapsed: 0.173 s <<< ERROR!
org.springframework.dao.DataIntegrityViolationException: could not execute statement [Cannot add or update a child row: a foreign key constraint fails (`student_management`.`score_history`, CONSTRAINT `score_history_ibfk_1` FOREIGN KEY (`score_id`) REFERENCES `score` (`id`) ON DELETE CASCADE)] [insert into score_history (after_value,before_value,score_id,updated_at) values (?,?,?,?)]; SQL [insert into score_history (after_value,before_value,score_id,updated_at) values (?,?,?,?)]; constraint [null]
	at org.springframework.orm.jpa.vendor.HibernateJpaDialect.convertHibernateAccessException(HibernateJpaDialect.java:290)
	at org.springframework.orm.jpa.vendor.HibernateJpaDialect.translateExceptionIfPossible(HibernateJpaDialect.java:241)
	at org.springframework.orm.jpa.AbstractEntityManagerFactoryBean.translateExceptionIfPossible(AbstractEntityManagerFactoryBean.java:550)
	at org.springframework.dao.support.ChainedPersistenceExceptionTranslator.translateExceptionIfPossible(ChainedPersistenceExceptionTranslator.java:61)
	at org.springframework.dao.support.DataAccessUtils.translateIfNecessary(DataAccessUtils.java:335)
	at org.springframework.dao.support.PersistenceExceptionTranslationInterceptor.invoke(PersistenceExceptionTranslationInterceptor.java:160)
	at org.springframework.aop.framework.ReflectiveMethodInvocation.proceed(ReflectiveMethodInvocation.java:184)
	at org.springframework.data.jpa.repository.support.CrudMethodMetadataPostProcessor$CrudMethodMetadataPopulatingMethodInterceptor.invoke(CrudMethodMetadataPostProcessor.java:165)
	at org.springframework.aop.framework.ReflectiveMethodInvocation.proceed(ReflectiveMethodInvocation.java:184)
	at org.springframework.aop.interceptor.ExposeInvocationInterceptor.invoke(ExposeInvocationInterceptor.java:97)
	at org.springframework.aop.framework.ReflectiveMethodInvocation.proceed(ReflectiveMethodInvocation.java:184)
	at org.springframework.aop.framework.JdkDynamicAopProxy.invoke(JdkDynamicAopProxy.java:223)
	at jdk.proxy2/jdk.proxy2.$Proxy164.save(Unknown Source)
	at com.scrapy.demo.service.ScoreService.updateScoreValue(ScoreService.java:74)
	at java.base/jdk.internal.reflect.DirectMethodHandleAccessor.invoke(DirectMethodHandleAccessor.java:103)
	at java.base/java.lang.reflect.Method.invoke(Method.java:580)
	at org.springframework.aop.support.AopUtils.invokeJoinpointUsingReflection(AopUtils.java:355)
	at org.springframework.aop.framework.ReflectiveMethodInvocation.invokeJoinpoint(ReflectiveMethodInvocation.java:196)
	at org.springframework.aop.framework.ReflectiveMethodInvocation.proceed(ReflectiveMethodInvocation.java:163)
	at org.springframework.aop.framework.CglibAopProxy$CglibMethodInvocation.proceed(CglibAopProxy.java:768)
	at org.springframework.transaction.interceptor.TransactionAspectSupport.invokeWithinTransaction(TransactionAspectSupport.java:379)
	at org.springframework.transaction.interceptor.TransactionInterceptor.invoke(TransactionInterceptor.java:119)
	at org.springframework.aop.framework.ReflectiveMethodInvocation.proceed(ReflectiveMethodInvocation.java:184)
	at org.springframework.aop.framework.CglibAopProxy$CglibMethodInvocation.proceed(CglibAopProxy.java:768)
	at org.springframework.aop.framework.CglibAopProxy$DynamicAdvisedInterceptor.intercept(CglibAopProxy.java:720)
	at com.scrapy.demo.service.ScoreService$$SpringCGLIB$$0.updateScoreValue(<generated>)
	at com.scrapy.demo.service.ScoreServiceTest.testUpdateScoreValue(ScoreServiceTest.java:124)
	at java.base/java.lang.reflect.Method.invoke(Method.java:580)
	at java.base/java.util.ArrayList.forEach(ArrayList.java:1596)
	at java.base/java.util.ArrayList.forEach(ArrayList.java:1596)
Caused by: org.hibernate.exception.ConstraintViolationException: could not execute statement [Cannot add or update a child row: a foreign key constraint fails (`student_management`.`score_history`, CONSTRAINT `score_history_ibfk_1` FOREIGN KEY (`score_id`) REFERENCES `score` (`id`) ON DELETE CASCADE)] [insert into score_history (after_value,before_value,score_id,updated_at) values (?,?,?,?)]
	at org.hibernate.exception.internal.SQLExceptionTypeDelegate.convert(SQLExceptionTypeDelegate.java:62)
	at org.hibernate.exception.internal.StandardSQLExceptionConverter.convert(StandardSQLExceptionConverter.java:58)
	at org.hibernate.engine.jdbc.spi.SqlExceptionHelper.convert(SqlExceptionHelper.java:108)
	at org.hibernate.engine.jdbc.internal.ResultSetReturnImpl.executeUpdate(ResultSetReturnImpl.java:197)
	at org.hibernate.id.insert.GetGeneratedKeysDelegate.performMutation(GetGeneratedKeysDelegate.java:116)
	at org.hibernate.engine.jdbc.mutation.internal.MutationExecutorSingleNonBatched.performNonBatchedOperations(MutationExecutorSingleNonBatched.java:47)
	at org.hibernate.engine.jdbc.mutation.internal.AbstractMutationExecutor.execute(AbstractMutationExecutor.java:55)
	at org.hibernate.persister.entity.mutation.InsertCoordinatorStandard.doStaticInserts(InsertCoordinatorStandard.java:194)
	at org.hibernate.persister.entity.mutation.InsertCoordinatorStandard.coordinateInsert(InsertCoordinatorStandard.java:132)
	at org.hibernate.persister.entity.mutation.InsertCoordinatorStandard.insert(InsertCoordinatorStandard.java:95)
	at org.hibernate.action.internal.EntityIdentityInsertAction.execute(EntityIdentityInsertAction.java:85)
	at org.hibernate.engine.spi.ActionQueue.execute(ActionQueue.java:671)
	at org.hibernate.engine.spi.ActionQueue.addResolvedEntityInsertAction(ActionQueue.java:292)
	at org.hibernate.engine.spi.ActionQueue.addInsertAction(ActionQueue.java:273)
	at org.hibernate.engine.spi.ActionQueue.addAction(ActionQueue.java:323)
	at org.hibernate.event.internal.AbstractSaveEventListener.addInsertAction(AbstractSaveEventListener.java:391)
	at org.hibernate.event.internal.AbstractSaveEventListener.performSaveOrReplicate(AbstractSaveEventListener.java:305)
	at org.hibernate.event.internal.AbstractSaveEventListener.performSave(AbstractSaveEventListener.java:224)
	at org.hibernate.event.internal.AbstractSaveEventListener.saveWithGeneratedId(AbstractSaveEventListener.java:137)
	at org.hibernate.event.internal.DefaultPersistEventListener.entityIsTransient(DefaultPersistEventListener.java:175)
	at org.hibernate.event.internal.DefaultPersistEventListener.persist(DefaultPersistEventListener.java:93)
	at org.hibernate.event.internal.DefaultPersistEventListener.onPersist(DefaultPersistEventListener.java:77)
	at org.hibernate.event.internal.DefaultPersistEventListener.onPersist(DefaultPersistEventListener.java:54)
	at org.hibernate.event.service.internal.EventListenerGroupImpl.fireEventOnEachListener(EventListenerGroupImpl.java:127)
	at org.hibernate.internal.SessionImpl.firePersist(SessionImpl.java:757)
	at org.hibernate.internal.SessionImpl.persist(SessionImpl.java:741)
	at java.base/jdk.internal.reflect.DirectMethodHandleAccessor.invoke(DirectMethodHandleAccessor.java:103)
	at java.base/java.lang.reflect.Method.invoke(Method.java:580)
	at org.springframework.orm.jpa.SharedEntityManagerCreator$SharedEntityManagerInvocationHandler.invoke(SharedEntityManagerCreator.java:319)
	at jdk.proxy2/jdk.proxy2.$Proxy153.persist(Unknown Source)
	at org.springframework.data.jpa.repository.support.SimpleJpaRepository.save(SimpleJpaRepository.java:628)
	at java.base/jdk.internal.reflect.DirectMethodHandleAccessor.invoke(DirectMethodHandleAccessor.java:103)
	at java.base/java.lang.reflect.Method.invoke(Method.java:580)
	at org.springframework.aop.support.AopUtils.invokeJoinpointUsingReflection(AopUtils.java:355)
	at org.springframework.data.repository.core.support.RepositoryMethodInvoker$RepositoryFragmentMethodInvoker.lambda$new$0(RepositoryMethodInvoker.java:277)
	at org.springframework.data.repository.core.support.RepositoryMethodInvoker.doInvoke(RepositoryMethodInvoker.java:170)
	at org.springframework.data.repository.core.support.RepositoryMethodInvoker.invoke(RepositoryMethodInvoker.java:158)
	at org.springframework.data.repository.core.support.RepositoryComposition$RepositoryFragments.invoke(RepositoryComposition.java:516)
	at org.springframework.data.repository.core.support.RepositoryComposition.invoke(RepositoryComposition.java:285)
	at org.springframework.data.repository.core.support.RepositoryFactorySupport$ImplementationMethodExecutionInterceptor.invoke(RepositoryFactorySupport.java:628)
	at org.springframework.aop.framework.ReflectiveMethodInvocation.proceed(ReflectiveMethodInvocation.java:184)
	at org.springframework.data.repository.core.support.QueryExecutorMethodInterceptor.doInvoke(QueryExecutorMethodInterceptor.java:173)
	at org.springframework.data.repository.core.support.QueryExecutorMethodInterceptor.invoke(QueryExecutorMethodInterceptor.java:148)
	at org.springframework.aop.framework.ReflectiveMethodInvocation.proceed(ReflectiveMethodInvocation.java:184)
	at org.springframework.data.projection.DefaultMethodInvokingMethodInterceptor.invoke(DefaultMethodInvokingMethodInterceptor.java:70)
	at org.springframework.aop.framework.ReflectiveMethodInvocation.proceed(ReflectiveMethodInvocation.java:184)
	at org.springframework.transaction.interceptor.TransactionAspectSupport.invokeWithinTransaction(TransactionAspectSupport.java:379)
	at org.springframework.transaction.interceptor.TransactionInterceptor.invoke(TransactionInterceptor.java:119)
	at org.springframework.aop.framework.ReflectiveMethodInvocation.proceed(ReflectiveMethodInvocation.java:184)
	at org.springframework.dao.support.PersistenceExceptionTranslationInterceptor.invoke(PersistenceExceptionTranslationInterceptor.java:138)
	... 24 more
Caused by: java.sql.SQLIntegrityConstraintViolationException: Cannot add or update a child row: a foreign key constraint fails (`student_management`.`score_history`, CONSTRAINT `score_history_ibfk_1` FOREIGN KEY (`score_id`) REFERENCES `score` (`id`) ON DELETE CASCADE)
	at com.mysql.cj.jdbc.exceptions.SQLError.createSQLException(SQLError.java:118)
	at com.mysql.cj.jdbc.exceptions.SQLExceptionsMapping.translateException(SQLExceptionsMapping.java:122)
	at com.mysql.cj.jdbc.ClientPreparedStatement.executeInternal(ClientPreparedStatement.java:912)
	at com.mysql.cj.jdbc.ClientPreparedStatement.executeUpdateInternal(ClientPreparedStatement.java:1054)
	at com.mysql.cj.jdbc.ClientPreparedStatement.executeUpdateInternal(ClientPreparedStatement.java:1003)
	at com.mysql.cj.jdbc.ClientPreparedStatement.executeLargeUpdate(ClientPreparedStatement.java:1312)
	at com.mysql.cj.jdbc.ClientPreparedStatement.executeUpdate(ClientPreparedStatement.java:988)
	at com.zaxxer.hikari.pool.ProxyPreparedStatement.executeUpdate(ProxyPreparedStatement.java:61)
	at com.zaxxer.hikari.pool.HikariProxyPreparedStatement.executeUpdate(HikariProxyPreparedStatement.java)
	at org.hibernate.engine.jdbc.internal.ResultSetReturnImpl.executeUpdate(ResultSetReturnImpl.java:194)
	... 70 more

2026-02-11T22:19:01.974+08:00  INFO 22564 --- [scrapy] [           main] t.c.s.AnnotationConfigContextLoaderUtils : Could not detect default configuration classes for test class [com.scrapy.demo.service.StudentServiceTest]: StudentServiceTest does not declare any static, non-private, non-final, nested classes annotated with @Configuration.
2026-02-11T22:19:01.979+08:00  INFO 22564 --- [scrapy] [           main] .b.t.c.SpringBootTestContextBootstrapper : Found @SpringBootConfiguration com.scrapy.demo.ScrapyApplication for test class com.scrapy.demo.service.StudentServiceTest
Hibernate: 
    select
        s1_0.id,
        s1_0.clazz,
        s1_0.major,
        s1_0.name,
        s1_0.student_number 
    from
        students s1_0
Hibernate: 
    insert 
    into
        students
        (clazz, major, name, student_number) 
    values
        (?, ?, ?, ?)
Hibernate: 
    select
        s1_0.id,
        s1_0.clazz,
        s1_0.major,
        s1_0.name,
        s1_0.student_number 
    from
        students s1_0
Hibernate: 
    insert 
    into
        students
        (clazz, major, name, student_number) 
    values
        (?, ?, ?, ?)
Hibernate: 
    select
        s1_0.id,
        s1_0.clazz,
        s1_0.major,
        s1_0.name,
        s1_0.student_number 
    from
        students s1_0
Hibernate: 
    insert 
    into
        students
        (clazz, major, name, student_number) 
    values
        (?, ?, ?, ?)
Hibernate: 
    select
        s1_0.id,
        s1_0.clazz,
        s1_0.major,
        s1_0.name,
        s1_0.student_number 
    from
        students s1_0 
    where
        s1_0.student_number=?
Hibernate: 
    select
        s1_0.id,
        s1_0.clazz,
        s1_0.major,
        s1_0.name,
        s1_0.student_number 
    from
        students s1_0
Hibernate: 
    insert 
    into
        students
        (clazz, major, name, student_number) 
    values
        (?, ?, ?, ?)
Hibernate: 
    select
        s1_0.id,
        s1_0.clazz,
        s1_0.major,
        s1_0.name,
        s1_0.student_number 
    from
        students s1_0 
    where
        s1_0.student_number=?
Hibernate: 
    select
        s1_0.id,
        s1_0.clazz,
        s1_0.major,
        s1_0.name,
        s1_0.student_number 
    from
        students s1_0
Hibernate: 
    insert 
    into
        students
        (clazz, major, name, student_number) 
    values
        (?, ?, ?, ?)
Hibernate: 
    select
        s1_0.id,
        s1_0.clazz,
        s1_0.major,
        s1_0.name,
        s1_0.student_number 
    from
        students s1_0
Hibernate: 
    select
        s1_0.id,
        s1_0.clazz,
        s1_0.major,
        s1_0.name,
        s1_0.student_number 
    from
        students s1_0 
    where
        s1_0.id=?
Hibernate: 
    select
        s1_0.id,
        s1_0.clazz,
        s1_0.major,
        s1_0.name,
        s1_0.student_number 
    from
        students s1_0
Hibernate: 
    insert 
    into
        students
        (clazz, major, name, student_number) 
    values
        (?, ?, ?, ?)
Hibernate: 
    insert 
    into
        students
        (clazz, major, name, student_number) 
    values
        (?, ?, ?, ?)
Hibernate: 
    select
        s1_0.id,
        s1_0.clazz,
        s1_0.major,
        s1_0.name,
        s1_0.student_number 
    from
        students s1_0
Hibernate: 
    select
        s1_0.id,
        s1_0.clazz,
        s1_0.major,
        s1_0.name,
        s1_0.student_number 
    from
        students s1_0
Hibernate: 
    insert 
    into
        students
        (clazz, major, name, student_number) 
    values
        (?, ?, ?, ?)
Hibernate: 
    select
        s1_0.id,
        s1_0.clazz,
        s1_0.major,
        s1_0.name,
        s1_0.student_number 
    from
        students s1_0
Hibernate: 
    insert 
    into
        students
        (clazz, major, name, student_number) 
    values
        (?, ?, ?, ?)
Hibernate: 
    insert 
    into
        students
        (clazz, major, name, student_number) 
    values
        (?, ?, ?, ?)
Hibernate: 
    select
        s1_0.id,
        s1_0.clazz,
        s1_0.major,
        s1_0.name,
        s1_0.student_number 
    from
        students s1_0 
    where
        s1_0.clazz=?
Hibernate: 
    select
        s1_0.id,
        s1_0.clazz,
        s1_0.major,
        s1_0.name,
        s1_0.student_number 
    from
        students s1_0
Hibernate: 
    select
        s1_0.id,
        s1_0.clazz,
        s1_0.major,
        s1_0.name,
        s1_0.student_number 
    from
        students s1_0 
    where
        s1_0.student_number=?
Hibernate: 
    insert 
    into
        students
        (clazz, major, name, student_number) 
    values
        (?, ?, ?, ?)
Hibernate: 
    select
        s1_0.id,
        s1_0.clazz,
        s1_0.major,
        s1_0.name,
        s1_0.student_number 
    from
        students s1_0 
    where
        s1_0.student_number=?
Hibernate: 
    insert 
    into
        students
        (clazz, major, name, student_number) 
    values
        (?, ?, ?, ?)
Hibernate: 
    select
        s1_0.id,
        s1_0.clazz,
        s1_0.major,
        s1_0.name,
        s1_0.student_number 
    from
        students s1_0 
    where
        s1_0.student_number=?
Hibernate: 
    insert 
    into
        students
        (clazz, major, name, student_number) 
    values
        (?, ?, ?, ?)
Hibernate: 
    select
        s1_0.id,
        s1_0.clazz,
        s1_0.major,
        s1_0.name,
        s1_0.student_number 
    from
        students s1_0
Hibernate: 
    select
        s1_0.id,
        s1_0.clazz,
        s1_0.major,
        s1_0.name,
        s1_0.student_number 
    from
        students s1_0
Hibernate: 
    select
        s1_0.id,
        s1_0.clazz,
        s1_0.major,
        s1_0.name,
        s1_0.student_number 
    from
        students s1_0 
    where
        s1_0.id=?
2026-02-11T22:19:02.317+08:00  INFO 22564 --- [scrapy] [           main] t.c.s.AnnotationConfigContextLoaderUtils : Could not detect default configuration classes for test class [com.scrapy.demo.service.UserServiceTest]: UserServiceTest does not declare any static, non-private, non-final, nested classes annotated with @Configuration.
2026-02-11T22:19:02.322+08:00  INFO 22564 --- [scrapy] [           main] .b.t.c.SpringBootTestContextBootstrapper : Found @SpringBootConfiguration com.scrapy.demo.ScrapyApplication for test class com.scrapy.demo.service.UserServiceTest
Hibernate: 
    select
        u1_0.id,
        u1_0.email,
        u1_0.enabled,
        u1_0.password,
        u1_0.phone,
        u1_0.role_id,
        u1_0.username 
    from
        users u1_0
2026-02-11T22:19:02.720+08:00  WARN 22564 --- [scrapy] [           main] o.h.a.i.UnresolvedEntityInsertActions    : HHH000437: Attempting to save one or more entities that have a non-nullable association with an unsaved transient entity. The unsaved transient entity must be saved in an operation prior to saving these dependent entities.
	Unsaved transient entity: ([com.scrapy.demo.domain.Role#<null>])
	Dependent entities: ([[com.scrapy.demo.domain.User#<null>]])
	Non-nullable association(s): ([com.scrapy.demo.domain.User.role])
Hibernate: 
    select
        u1_0.id,
        u1_0.email,
        u1_0.enabled,
        u1_0.password,
        u1_0.phone,
        u1_0.role_id,
        u1_0.username 
    from
        users u1_0
Hibernate: 
    select
        u1_0.id,
        u1_0.email,
        u1_0.enabled,
        u1_0.password,
        u1_0.phone,
        u1_0.role_id,
        u1_0.username 
    from
        users u1_0 
    where
        u1_0.username=?
Hibernate: 
    select
        u1_0.id,
        u1_0.email,
        u1_0.enabled,
        u1_0.password,
        u1_0.phone,
        u1_0.role_id,
        u1_0.username 
    from
        users u1_0
2026-02-11T22:19:03.141+08:00  WARN 22564 --- [scrapy] [           main] o.h.a.i.UnresolvedEntityInsertActions    : HHH000437: Attempting to save one or more entities that have a non-nullable association with an unsaved transient entity. The unsaved transient entity must be saved in an operation prior to saving these dependent entities.
	Unsaved transient entity: ([com.scrapy.demo.domain.Role#<null>])
	Dependent entities: ([[com.scrapy.demo.domain.User#<null>]])
	Non-nullable association(s): ([com.scrapy.demo.domain.User.role])
Hibernate: 
    select
        u1_0.id,
        u1_0.email,
        u1_0.enabled,
        u1_0.password,
        u1_0.phone,
        u1_0.role_id,
        u1_0.username 
    from
        users u1_0
2026-02-11T22:19:03.447+08:00  WARN 22564 --- [scrapy] [           main] o.h.a.i.UnresolvedEntityInsertActions    : HHH000437: Attempting to save one or more entities that have a non-nullable association with an unsaved transient entity. The unsaved transient entity must be saved in an operation prior to saving these dependent entities.
	Unsaved transient entity: ([com.scrapy.demo.domain.Role#<null>])
	Dependent entities: ([[com.scrapy.demo.domain.User#<null>]])
	Non-nullable association(s): ([com.scrapy.demo.domain.User.role])
Hibernate: 
    select
        u1_0.id,
        u1_0.email,
        u1_0.enabled,
        u1_0.password,
        u1_0.phone,
        u1_0.role_id,
        u1_0.username 
    from
        users u1_0
2026-02-11T22:19:03.699+08:00  WARN 22564 --- [scrapy] [           main] o.h.a.i.UnresolvedEntityInsertActions    : HHH000437: Attempting to save one or more entities that have a non-nullable association with an unsaved transient entity. The unsaved transient entity must be saved in an operation prior to saving these dependent entities.
	Unsaved transient entity: ([com.scrapy.demo.domain.Role#<null>])
	Dependent entities: ([[com.scrapy.demo.domain.User#<null>]])
	Non-nullable association(s): ([com.scrapy.demo.domain.User.role])
Hibernate: 
    select
        u1_0.id,
        u1_0.email,
        u1_0.enabled,
        u1_0.password,
        u1_0.phone,
        u1_0.role_id,
        u1_0.username 
    from
        users u1_0
2026-02-11T22:19:03.931+08:00  WARN 22564 --- [scrapy] [           main] o.h.a.i.UnresolvedEntityInsertActions    : HHH000437: Attempting to save one or more entities that have a non-nullable association with an unsaved transient entity. The unsaved transient entity must be saved in an operation prior to saving these dependent entities.
	Unsaved transient entity: ([com.scrapy.demo.domain.Role#<null>])
	Dependent entities: ([[com.scrapy.demo.domain.User#<null>]])
	Non-nullable association(s): ([com.scrapy.demo.domain.User.role])
Hibernate: 
    select
        u1_0.id,
        u1_0.email,
        u1_0.enabled,
        u1_0.password,
        u1_0.phone,
        u1_0.role_id,
        u1_0.username 
    from
        users u1_0
Hibernate: 
    select
        u1_0.id,
        u1_0.email,
        u1_0.enabled,
        u1_0.password,
        u1_0.phone,
        u1_0.role_id,
        u1_0.username 
    from
        users u1_0 
    where
        u1_0.username=?
[ERROR] Tests run: 7, Failures: 0, Errors: 5, Skipped: 0, Time elapsed: 1.647 s <<< FAILURE! -- in com.scrapy.demo.service.UserServiceTest
[ERROR] com.scrapy.demo.service.UserServiceTest.testLoadUserByUsername -- Time elapsed: 0.404 s <<< ERROR!
org.springframework.dao.InvalidDataAccessApiUsageException: org.hibernate.TransientPropertyValueException: Not-null property references a transient value - transient instance must be saved before current operation : com.scrapy.demo.domain.User.role -> com.scrapy.demo.domain.Role
	at org.springframework.orm.jpa.EntityManagerFactoryUtils.convertJpaAccessExceptionIfPossible(EntityManagerFactoryUtils.java:368)
	at org.springframework.orm.jpa.vendor.HibernateJpaDialect.translateExceptionIfPossible(HibernateJpaDialect.java:246)
	at org.springframework.orm.jpa.AbstractEntityManagerFactoryBean.translateExceptionIfPossible(AbstractEntityManagerFactoryBean.java:550)
	at org.springframework.dao.support.ChainedPersistenceExceptionTranslator.translateExceptionIfPossible(ChainedPersistenceExceptionTranslator.java:61)
	at org.springframework.dao.support.DataAccessUtils.translateIfNecessary(DataAccessUtils.java:335)
	at org.springframework.dao.support.PersistenceExceptionTranslationInterceptor.invoke(PersistenceExceptionTranslationInterceptor.java:160)
	at org.springframework.aop.framework.ReflectiveMethodInvocation.proceed(ReflectiveMethodInvocation.java:184)
	at org.springframework.data.jpa.repository.support.CrudMethodMetadataPostProcessor$CrudMethodMetadataPopulatingMethodInterceptor.invoke(CrudMethodMetadataPostProcessor.java:165)
	at org.springframework.aop.framework.ReflectiveMethodInvocation.proceed(ReflectiveMethodInvocation.java:184)
	at org.springframework.aop.interceptor.ExposeInvocationInterceptor.invoke(ExposeInvocationInterceptor.java:97)
	at org.springframework.aop.framework.ReflectiveMethodInvocation.proceed(ReflectiveMethodInvocation.java:184)
	at org.springframework.aop.framework.JdkDynamicAopProxy.invoke(JdkDynamicAopProxy.java:223)
	at jdk.proxy2/jdk.proxy2.$Proxy157.save(Unknown Source)
	at com.scrapy.demo.service.UserService.register(UserService.java:40)
	at java.base/jdk.internal.reflect.DirectMethodHandleAccessor.invoke(DirectMethodHandleAccessor.java:103)
	at java.base/java.lang.reflect.Method.invoke(Method.java:580)
	at org.springframework.aop.support.AopUtils.invokeJoinpointUsingReflection(AopUtils.java:355)
	at org.springframework.aop.framework.ReflectiveMethodInvocation.invokeJoinpoint(ReflectiveMethodInvocation.java:196)
	at org.springframework.aop.framework.ReflectiveMethodInvocation.proceed(ReflectiveMethodInvocation.java:163)
	at org.springframework.aop.framework.CglibAopProxy$CglibMethodInvocation.proceed(CglibAopProxy.java:768)
	at org.springframework.transaction.interceptor.TransactionAspectSupport.invokeWithinTransaction(TransactionAspectSupport.java:379)
	at org.springframework.transaction.interceptor.TransactionInterceptor.invoke(TransactionInterceptor.java:119)
	at org.springframework.aop.framework.ReflectiveMethodInvocation.proceed(ReflectiveMethodInvocation.java:184)
	at org.springframework.aop.framework.CglibAopProxy$CglibMethodInvocation.proceed(CglibAopProxy.java:768)
	at org.springframework.aop.framework.CglibAopProxy$DynamicAdvisedInterceptor.intercept(CglibAopProxy.java:720)
	at com.scrapy.demo.service.UserService$$SpringCGLIB$$0.register(<generated>)
	at com.scrapy.demo.service.UserServiceTest.testLoadUserByUsername(UserServiceTest.java:90)
	at java.base/java.lang.reflect.Method.invoke(Method.java:580)
	at java.base/java.util.ArrayList.forEach(ArrayList.java:1596)
	at java.base/java.util.ArrayList.forEach(ArrayList.java:1596)
Caused by: java.lang.IllegalStateException: org.hibernate.TransientPropertyValueException: Not-null property references a transient value - transient instance must be saved before current operation : com.scrapy.demo.domain.User.role -> com.scrapy.demo.domain.Role
	at org.hibernate.internal.ExceptionConverterImpl.convert(ExceptionConverterImpl.java:157)
	at org.hibernate.internal.ExceptionConverterImpl.convert(ExceptionConverterImpl.java:167)
	at org.hibernate.internal.ExceptionConverterImpl.convert(ExceptionConverterImpl.java:173)
	at org.hibernate.internal.SessionImpl.firePersist(SessionImpl.java:774)
	at org.hibernate.internal.SessionImpl.persist(SessionImpl.java:741)
	at java.base/jdk.internal.reflect.DirectMethodHandleAccessor.invoke(DirectMethodHandleAccessor.java:103)
	at java.base/java.lang.reflect.Method.invoke(Method.java:580)
	at org.springframework.orm.jpa.SharedEntityManagerCreator$SharedEntityManagerInvocationHandler.invoke(SharedEntityManagerCreator.java:319)
	at jdk.proxy2/jdk.proxy2.$Proxy153.persist(Unknown Source)
	at org.springframework.data.jpa.repository.support.SimpleJpaRepository.save(SimpleJpaRepository.java:628)
	at java.base/jdk.internal.reflect.DirectMethodHandleAccessor.invoke(DirectMethodHandleAccessor.java:103)
	at java.base/java.lang.reflect.Method.invoke(Method.java:580)
	at org.springframework.aop.support.AopUtils.invokeJoinpointUsingReflection(AopUtils.java:355)
	at org.springframework.data.repository.core.support.RepositoryMethodInvoker$RepositoryFragmentMethodInvoker.lambda$new$0(RepositoryMethodInvoker.java:277)
	at org.springframework.data.repository.core.support.RepositoryMethodInvoker.doInvoke(RepositoryMethodInvoker.java:170)
	at org.springframework.data.repository.core.support.RepositoryMethodInvoker.invoke(RepositoryMethodInvoker.java:158)
	at org.springframework.data.repository.core.support.RepositoryComposition$RepositoryFragments.invoke(RepositoryComposition.java:516)
	at org.springframework.data.repository.core.support.RepositoryComposition.invoke(RepositoryComposition.java:285)
	at org.springframework.data.repository.core.support.RepositoryFactorySupport$ImplementationMethodExecutionInterceptor.invoke(RepositoryFactorySupport.java:628)
	at org.springframework.aop.framework.ReflectiveMethodInvocation.proceed(ReflectiveMethodInvocation.java:184)
	at org.springframework.data.repository.core.support.QueryExecutorMethodInterceptor.doInvoke(QueryExecutorMethodInterceptor.java:173)
	at org.springframework.data.repository.core.support.QueryExecutorMethodInterceptor.invoke(QueryExecutorMethodInterceptor.java:148)
	at org.springframework.aop.framework.ReflectiveMethodInvocation.proceed(ReflectiveMethodInvocation.java:184)
	at org.springframework.data.projection.DefaultMethodInvokingMethodInterceptor.invoke(DefaultMethodInvokingMethodInterceptor.java:70)
	at org.springframework.aop.framework.ReflectiveMethodInvocation.proceed(ReflectiveMethodInvocation.java:184)
	at org.springframework.transaction.interceptor.TransactionAspectSupport.invokeWithinTransaction(TransactionAspectSupport.java:379)
	at org.springframework.transaction.interceptor.TransactionInterceptor.invoke(TransactionInterceptor.java:119)
	at org.springframework.aop.framework.ReflectiveMethodInvocation.proceed(ReflectiveMethodInvocation.java:184)
	at org.springframework.dao.support.PersistenceExceptionTranslationInterceptor.invoke(PersistenceExceptionTranslationInterceptor.java:138)
	... 24 more
Caused by: org.hibernate.TransientPropertyValueException: Not-null property references a transient value - transient instance must be saved before current operation : com.scrapy.demo.domain.User.role -> com.scrapy.demo.domain.Role
	at org.hibernate.action.internal.UnresolvedEntityInsertActions.checkNoUnresolvedActionsAfterOperation(UnresolvedEntityInsertActions.java:123)
	at org.hibernate.engine.spi.ActionQueue.checkNoUnresolvedActionsAfterOperation(ActionQueue.java:460)
	at org.hibernate.internal.SessionImpl.checkNoUnresolvedActionsAfterOperation(SessionImpl.java:597)
	at org.hibernate.internal.SessionImpl.firePersist(SessionImpl.java:771)
	... 49 more

[ERROR] com.scrapy.demo.service.UserServiceTest.testRegisterUser -- Time elapsed: 0.387 s <<< ERROR!
org.springframework.dao.InvalidDataAccessApiUsageException: org.hibernate.TransientPropertyValueException: Not-null property references a transient value - transient instance must be saved before current operation : com.scrapy.demo.domain.User.role -> com.scrapy.demo.domain.Role
	at org.springframework.orm.jpa.EntityManagerFactoryUtils.convertJpaAccessExceptionIfPossible(EntityManagerFactoryUtils.java:368)
	at org.springframework.orm.jpa.vendor.HibernateJpaDialect.translateExceptionIfPossible(HibernateJpaDialect.java:246)
	at org.springframework.orm.jpa.AbstractEntityManagerFactoryBean.translateExceptionIfPossible(AbstractEntityManagerFactoryBean.java:550)
	at org.springframework.dao.support.ChainedPersistenceExceptionTranslator.translateExceptionIfPossible(ChainedPersistenceExceptionTranslator.java:61)
	at org.springframework.dao.support.DataAccessUtils.translateIfNecessary(DataAccessUtils.java:335)
	at org.springframework.dao.support.PersistenceExceptionTranslationInterceptor.invoke(PersistenceExceptionTranslationInterceptor.java:160)
	at org.springframework.aop.framework.ReflectiveMethodInvocation.proceed(ReflectiveMethodInvocation.java:184)
	at org.springframework.data.jpa.repository.support.CrudMethodMetadataPostProcessor$CrudMethodMetadataPopulatingMethodInterceptor.invoke(CrudMethodMetadataPostProcessor.java:165)
	at org.springframework.aop.framework.ReflectiveMethodInvocation.proceed(ReflectiveMethodInvocation.java:184)
	at org.springframework.aop.interceptor.ExposeInvocationInterceptor.invoke(ExposeInvocationInterceptor.java:97)
	at org.springframework.aop.framework.ReflectiveMethodInvocation.proceed(ReflectiveMethodInvocation.java:184)
	at org.springframework.aop.framework.JdkDynamicAopProxy.invoke(JdkDynamicAopProxy.java:223)
	at jdk.proxy2/jdk.proxy2.$Proxy157.save(Unknown Source)
	at com.scrapy.demo.service.UserService.register(UserService.java:40)
	at java.base/jdk.internal.reflect.DirectMethodHandleAccessor.invoke(DirectMethodHandleAccessor.java:103)
	at java.base/java.lang.reflect.Method.invoke(Method.java:580)
	at org.springframework.aop.support.AopUtils.invokeJoinpointUsingReflection(AopUtils.java:355)
	at org.springframework.aop.framework.ReflectiveMethodInvocation.invokeJoinpoint(ReflectiveMethodInvocation.java:196)
	at org.springframework.aop.framework.ReflectiveMethodInvocation.proceed(ReflectiveMethodInvocation.java:163)
	at org.springframework.aop.framework.CglibAopProxy$CglibMethodInvocation.proceed(CglibAopProxy.java:768)
	at org.springframework.transaction.interceptor.TransactionAspectSupport.invokeWithinTransaction(TransactionAspectSupport.java:379)
	at org.springframework.transaction.interceptor.TransactionInterceptor.invoke(TransactionInterceptor.java:119)
	at org.springframework.aop.framework.ReflectiveMethodInvocation.proceed(ReflectiveMethodInvocation.java:184)
	at org.springframework.aop.framework.CglibAopProxy$CglibMethodInvocation.proceed(CglibAopProxy.java:768)
	at org.springframework.aop.framework.CglibAopProxy$DynamicAdvisedInterceptor.intercept(CglibAopProxy.java:720)
	at com.scrapy.demo.service.UserService$$SpringCGLIB$$0.register(<generated>)
	at com.scrapy.demo.service.UserServiceTest.testRegisterUser(UserServiceTest.java:56)
	at java.base/java.lang.reflect.Method.invoke(Method.java:580)
	at java.base/java.util.ArrayList.forEach(ArrayList.java:1596)
	at java.base/java.util.ArrayList.forEach(ArrayList.java:1596)
Caused by: java.lang.IllegalStateException: org.hibernate.TransientPropertyValueException: Not-null property references a transient value - transient instance must be saved before current operation : com.scrapy.demo.domain.User.role -> com.scrapy.demo.domain.Role
	at org.hibernate.internal.ExceptionConverterImpl.convert(ExceptionConverterImpl.java:157)
	at org.hibernate.internal.ExceptionConverterImpl.convert(ExceptionConverterImpl.java:167)
	at org.hibernate.internal.ExceptionConverterImpl.convert(ExceptionConverterImpl.java:173)
	at org.hibernate.internal.SessionImpl.firePersist(SessionImpl.java:774)
	at org.hibernate.internal.SessionImpl.persist(SessionImpl.java:741)
	at java.base/jdk.internal.reflect.DirectMethodHandleAccessor.invoke(DirectMethodHandleAccessor.java:103)
	at java.base/java.lang.reflect.Method.invoke(Method.java:580)
	at org.springframework.orm.jpa.SharedEntityManagerCreator$SharedEntityManagerInvocationHandler.invoke(SharedEntityManagerCreator.java:319)
	at jdk.proxy2/jdk.proxy2.$Proxy153.persist(Unknown Source)
	at org.springframework.data.jpa.repository.support.SimpleJpaRepository.save(SimpleJpaRepository.java:628)
	at java.base/jdk.internal.reflect.DirectMethodHandleAccessor.invoke(DirectMethodHandleAccessor.java:103)
	at java.base/java.lang.reflect.Method.invoke(Method.java:580)
	at org.springframework.aop.support.AopUtils.invokeJoinpointUsingReflection(AopUtils.java:355)
	at org.springframework.data.repository.core.support.RepositoryMethodInvoker$RepositoryFragmentMethodInvoker.lambda$new$0(RepositoryMethodInvoker.java:277)
	at org.springframework.data.repository.core.support.RepositoryMethodInvoker.doInvoke(RepositoryMethodInvoker.java:170)
	at org.springframework.data.repository.core.support.RepositoryMethodInvoker.invoke(RepositoryMethodInvoker.java:158)
	at org.springframework.data.repository.core.support.RepositoryComposition$RepositoryFragments.invoke(RepositoryComposition.java:516)
	at org.springframework.data.repository.core.support.RepositoryComposition.invoke(RepositoryComposition.java:285)
	at org.springframework.data.repository.core.support.RepositoryFactorySupport$ImplementationMethodExecutionInterceptor.invoke(RepositoryFactorySupport.java:628)
	at org.springframework.aop.framework.ReflectiveMethodInvocation.proceed(ReflectiveMethodInvocation.java:184)
	at org.springframework.data.repository.core.support.QueryExecutorMethodInterceptor.doInvoke(QueryExecutorMethodInterceptor.java:173)
	at org.springframework.data.repository.core.support.QueryExecutorMethodInterceptor.invoke(QueryExecutorMethodInterceptor.java:148)
	at org.springframework.aop.framework.ReflectiveMethodInvocation.proceed(ReflectiveMethodInvocation.java:184)
	at org.springframework.data.projection.DefaultMethodInvokingMethodInterceptor.invoke(DefaultMethodInvokingMethodInterceptor.java:70)
	at org.springframework.aop.framework.ReflectiveMethodInvocation.proceed(ReflectiveMethodInvocation.java:184)
	at org.springframework.transaction.interceptor.TransactionAspectSupport.invokeWithinTransaction(TransactionAspectSupport.java:379)
	at org.springframework.transaction.interceptor.TransactionInterceptor.invoke(TransactionInterceptor.java:119)
	at org.springframework.aop.framework.ReflectiveMethodInvocation.proceed(ReflectiveMethodInvocation.java:184)
	at org.springframework.dao.support.PersistenceExceptionTranslationInterceptor.invoke(PersistenceExceptionTranslationInterceptor.java:138)
	... 24 more
Caused by: org.hibernate.TransientPropertyValueException: Not-null property references a transient value - transient instance must be saved before current operation : com.scrapy.demo.domain.User.role -> com.scrapy.demo.domain.Role
	at org.hibernate.action.internal.UnresolvedEntityInsertActions.checkNoUnresolvedActionsAfterOperation(UnresolvedEntityInsertActions.java:123)
	at org.hibernate.engine.spi.ActionQueue.checkNoUnresolvedActionsAfterOperation(ActionQueue.java:460)
	at org.hibernate.internal.SessionImpl.checkNoUnresolvedActionsAfterOperation(SessionImpl.java:597)
	at org.hibernate.internal.SessionImpl.firePersist(SessionImpl.java:771)
	... 49 more

[ERROR] com.scrapy.demo.service.UserServiceTest.testListAllUsers -- Time elapsed: 0.299 s <<< ERROR!
org.springframework.dao.InvalidDataAccessApiUsageException: org.hibernate.TransientPropertyValueException: Not-null property references a transient value - transient instance must be saved before current operation : com.scrapy.demo.domain.User.role -> com.scrapy.demo.domain.Role
	at org.springframework.orm.jpa.EntityManagerFactoryUtils.convertJpaAccessExceptionIfPossible(EntityManagerFactoryUtils.java:368)
	at org.springframework.orm.jpa.vendor.HibernateJpaDialect.translateExceptionIfPossible(HibernateJpaDialect.java:246)
	at org.springframework.orm.jpa.AbstractEntityManagerFactoryBean.translateExceptionIfPossible(AbstractEntityManagerFactoryBean.java:550)
	at org.springframework.dao.support.ChainedPersistenceExceptionTranslator.translateExceptionIfPossible(ChainedPersistenceExceptionTranslator.java:61)
	at org.springframework.dao.support.DataAccessUtils.translateIfNecessary(DataAccessUtils.java:335)
	at org.springframework.dao.support.PersistenceExceptionTranslationInterceptor.invoke(PersistenceExceptionTranslationInterceptor.java:160)
	at org.springframework.aop.framework.ReflectiveMethodInvocation.proceed(ReflectiveMethodInvocation.java:184)
	at org.springframework.data.jpa.repository.support.CrudMethodMetadataPostProcessor$CrudMethodMetadataPopulatingMethodInterceptor.invoke(CrudMethodMetadataPostProcessor.java:165)
	at org.springframework.aop.framework.ReflectiveMethodInvocation.proceed(ReflectiveMethodInvocation.java:184)
	at org.springframework.aop.interceptor.ExposeInvocationInterceptor.invoke(ExposeInvocationInterceptor.java:97)
	at org.springframework.aop.framework.ReflectiveMethodInvocation.proceed(ReflectiveMethodInvocation.java:184)
	at org.springframework.aop.framework.JdkDynamicAopProxy.invoke(JdkDynamicAopProxy.java:223)
	at jdk.proxy2/jdk.proxy2.$Proxy157.save(Unknown Source)
	at com.scrapy.demo.service.UserService.register(UserService.java:40)
	at java.base/jdk.internal.reflect.DirectMethodHandleAccessor.invoke(DirectMethodHandleAccessor.java:103)
	at java.base/java.lang.reflect.Method.invoke(Method.java:580)
	at org.springframework.aop.support.AopUtils.invokeJoinpointUsingReflection(AopUtils.java:355)
	at org.springframework.aop.framework.ReflectiveMethodInvocation.invokeJoinpoint(ReflectiveMethodInvocation.java:196)
	at org.springframework.aop.framework.ReflectiveMethodInvocation.proceed(ReflectiveMethodInvocation.java:163)
	at org.springframework.aop.framework.CglibAopProxy$CglibMethodInvocation.proceed(CglibAopProxy.java:768)
	at org.springframework.transaction.interceptor.TransactionAspectSupport.invokeWithinTransaction(TransactionAspectSupport.java:379)
	at org.springframework.transaction.interceptor.TransactionInterceptor.invoke(TransactionInterceptor.java:119)
	at org.springframework.aop.framework.ReflectiveMethodInvocation.proceed(ReflectiveMethodInvocation.java:184)
	at org.springframework.aop.framework.CglibAopProxy$CglibMethodInvocation.proceed(CglibAopProxy.java:768)
	at org.springframework.aop.framework.CglibAopProxy$DynamicAdvisedInterceptor.intercept(CglibAopProxy.java:720)
	at com.scrapy.demo.service.UserService$$SpringCGLIB$$0.register(<generated>)
	at com.scrapy.demo.service.UserServiceTest.testListAllUsers(UserServiceTest.java:110)
	at java.base/java.lang.reflect.Method.invoke(Method.java:580)
	at java.base/java.util.ArrayList.forEach(ArrayList.java:1596)
	at java.base/java.util.ArrayList.forEach(ArrayList.java:1596)
Caused by: java.lang.IllegalStateException: org.hibernate.TransientPropertyValueException: Not-null property references a transient value - transient instance must be saved before current operation : com.scrapy.demo.domain.User.role -> com.scrapy.demo.domain.Role
	at org.hibernate.internal.ExceptionConverterImpl.convert(ExceptionConverterImpl.java:157)
	at org.hibernate.internal.ExceptionConverterImpl.convert(ExceptionConverterImpl.java:167)
	at org.hibernate.internal.ExceptionConverterImpl.convert(ExceptionConverterImpl.java:173)
	at org.hibernate.internal.SessionImpl.firePersist(SessionImpl.java:774)
	at org.hibernate.internal.SessionImpl.persist(SessionImpl.java:741)
	at java.base/jdk.internal.reflect.DirectMethodHandleAccessor.invoke(DirectMethodHandleAccessor.java:103)
	at java.base/java.lang.reflect.Method.invoke(Method.java:580)
	at org.springframework.orm.jpa.SharedEntityManagerCreator$SharedEntityManagerInvocationHandler.invoke(SharedEntityManagerCreator.java:319)
	at jdk.proxy2/jdk.proxy2.$Proxy153.persist(Unknown Source)
	at org.springframework.data.jpa.repository.support.SimpleJpaRepository.save(SimpleJpaRepository.java:628)
	at java.base/jdk.internal.reflect.DirectMethodHandleAccessor.invoke(DirectMethodHandleAccessor.java:103)
	at java.base/java.lang.reflect.Method.invoke(Method.java:580)
	at org.springframework.aop.support.AopUtils.invokeJoinpointUsingReflection(AopUtils.java:355)
	at org.springframework.data.repository.core.support.RepositoryMethodInvoker$RepositoryFragmentMethodInvoker.lambda$new$0(RepositoryMethodInvoker.java:277)
	at org.springframework.data.repository.core.support.RepositoryMethodInvoker.doInvoke(RepositoryMethodInvoker.java:170)
	at org.springframework.data.repository.core.support.RepositoryMethodInvoker.invoke(RepositoryMethodInvoker.java:158)
	at org.springframework.data.repository.core.support.RepositoryComposition$RepositoryFragments.invoke(RepositoryComposition.java:516)
	at org.springframework.data.repository.core.support.RepositoryComposition.invoke(RepositoryComposition.java:285)
	at org.springframework.data.repository.core.support.RepositoryFactorySupport$ImplementationMethodExecutionInterceptor.invoke(RepositoryFactorySupport.java:628)
	at org.springframework.aop.framework.ReflectiveMethodInvocation.proceed(ReflectiveMethodInvocation.java:184)
	at org.springframework.data.repository.core.support.QueryExecutorMethodInterceptor.doInvoke(QueryExecutorMethodInterceptor.java:173)
	at org.springframework.data.repository.core.support.QueryExecutorMethodInterceptor.invoke(QueryExecutorMethodInterceptor.java:148)
	at org.springframework.aop.framework.ReflectiveMethodInvocation.proceed(ReflectiveMethodInvocation.java:184)
	at org.springframework.data.projection.DefaultMethodInvokingMethodInterceptor.invoke(DefaultMethodInvokingMethodInterceptor.java:70)
	at org.springframework.aop.framework.ReflectiveMethodInvocation.proceed(ReflectiveMethodInvocation.java:184)
	at org.springframework.transaction.interceptor.TransactionAspectSupport.invokeWithinTransaction(TransactionAspectSupport.java:379)
	at org.springframework.transaction.interceptor.TransactionInterceptor.invoke(TransactionInterceptor.java:119)
	at org.springframework.aop.framework.ReflectiveMethodInvocation.proceed(ReflectiveMethodInvocation.java:184)
	at org.springframework.dao.support.PersistenceExceptionTranslationInterceptor.invoke(PersistenceExceptionTranslationInterceptor.java:138)
	... 24 more
Caused by: org.hibernate.TransientPropertyValueException: Not-null property references a transient value - transient instance must be saved before current operation : com.scrapy.demo.domain.User.role -> com.scrapy.demo.domain.Role
	at org.hibernate.action.internal.UnresolvedEntityInsertActions.checkNoUnresolvedActionsAfterOperation(UnresolvedEntityInsertActions.java:123)
	at org.hibernate.engine.spi.ActionQueue.checkNoUnresolvedActionsAfterOperation(ActionQueue.java:460)
	at org.hibernate.internal.SessionImpl.checkNoUnresolvedActionsAfterOperation(SessionImpl.java:597)
	at org.hibernate.internal.SessionImpl.firePersist(SessionImpl.java:771)
	... 49 more

[ERROR] com.scrapy.demo.service.UserServiceTest.testPasswordEncryption -- Time elapsed: 0.247 s <<< ERROR!
org.springframework.dao.InvalidDataAccessApiUsageException: org.hibernate.TransientPropertyValueException: Not-null property references a transient value - transient instance must be saved before current operation : com.scrapy.demo.domain.User.role -> com.scrapy.demo.domain.Role
	at org.springframework.orm.jpa.EntityManagerFactoryUtils.convertJpaAccessExceptionIfPossible(EntityManagerFactoryUtils.java:368)
	at org.springframework.orm.jpa.vendor.HibernateJpaDialect.translateExceptionIfPossible(HibernateJpaDialect.java:246)
	at org.springframework.orm.jpa.AbstractEntityManagerFactoryBean.translateExceptionIfPossible(AbstractEntityManagerFactoryBean.java:550)
	at org.springframework.dao.support.ChainedPersistenceExceptionTranslator.translateExceptionIfPossible(ChainedPersistenceExceptionTranslator.java:61)
	at org.springframework.dao.support.DataAccessUtils.translateIfNecessary(DataAccessUtils.java:335)
	at org.springframework.dao.support.PersistenceExceptionTranslationInterceptor.invoke(PersistenceExceptionTranslationInterceptor.java:160)
	at org.springframework.aop.framework.ReflectiveMethodInvocation.proceed(ReflectiveMethodInvocation.java:184)
	at org.springframework.data.jpa.repository.support.CrudMethodMetadataPostProcessor$CrudMethodMetadataPopulatingMethodInterceptor.invoke(CrudMethodMetadataPostProcessor.java:165)
	at org.springframework.aop.framework.ReflectiveMethodInvocation.proceed(ReflectiveMethodInvocation.java:184)
	at org.springframework.aop.interceptor.ExposeInvocationInterceptor.invoke(ExposeInvocationInterceptor.java:97)
	at org.springframework.aop.framework.ReflectiveMethodInvocation.proceed(ReflectiveMethodInvocation.java:184)
	at org.springframework.aop.framework.JdkDynamicAopProxy.invoke(JdkDynamicAopProxy.java:223)
	at jdk.proxy2/jdk.proxy2.$Proxy157.save(Unknown Source)
	at com.scrapy.demo.service.UserService.register(UserService.java:40)
	at java.base/jdk.internal.reflect.DirectMethodHandleAccessor.invoke(DirectMethodHandleAccessor.java:103)
	at java.base/java.lang.reflect.Method.invoke(Method.java:580)
	at org.springframework.aop.support.AopUtils.invokeJoinpointUsingReflection(AopUtils.java:355)
	at org.springframework.aop.framework.ReflectiveMethodInvocation.invokeJoinpoint(ReflectiveMethodInvocation.java:196)
	at org.springframework.aop.framework.ReflectiveMethodInvocation.proceed(ReflectiveMethodInvocation.java:163)
	at org.springframework.aop.framework.CglibAopProxy$CglibMethodInvocation.proceed(CglibAopProxy.java:768)
	at org.springframework.transaction.interceptor.TransactionAspectSupport.invokeWithinTransaction(TransactionAspectSupport.java:379)
	at org.springframework.transaction.interceptor.TransactionInterceptor.invoke(TransactionInterceptor.java:119)
	at org.springframework.aop.framework.ReflectiveMethodInvocation.proceed(ReflectiveMethodInvocation.java:184)
	at org.springframework.aop.framework.CglibAopProxy$CglibMethodInvocation.proceed(CglibAopProxy.java:768)
	at org.springframework.aop.framework.CglibAopProxy$DynamicAdvisedInterceptor.intercept(CglibAopProxy.java:720)
	at com.scrapy.demo.service.UserService$$SpringCGLIB$$0.register(<generated>)
	at com.scrapy.demo.service.UserServiceTest.testPasswordEncryption(UserServiceTest.java:128)
	at java.base/java.lang.reflect.Method.invoke(Method.java:580)
	at java.base/java.util.ArrayList.forEach(ArrayList.java:1596)
	at java.base/java.util.ArrayList.forEach(ArrayList.java:1596)
Caused by: java.lang.IllegalStateException: org.hibernate.TransientPropertyValueException: Not-null property references a transient value - transient instance must be saved before current operation : com.scrapy.demo.domain.User.role -> com.scrapy.demo.domain.Role
	at org.hibernate.internal.ExceptionConverterImpl.convert(ExceptionConverterImpl.java:157)
	at org.hibernate.internal.ExceptionConverterImpl.convert(ExceptionConverterImpl.java:167)
	at org.hibernate.internal.ExceptionConverterImpl.convert(ExceptionConverterImpl.java:173)
	at org.hibernate.internal.SessionImpl.firePersist(SessionImpl.java:774)
	at org.hibernate.internal.SessionImpl.persist(SessionImpl.java:741)
	at java.base/jdk.internal.reflect.DirectMethodHandleAccessor.invoke(DirectMethodHandleAccessor.java:103)
	at java.base/java.lang.reflect.Method.invoke(Method.java:580)
	at org.springframework.orm.jpa.SharedEntityManagerCreator$SharedEntityManagerInvocationHandler.invoke(SharedEntityManagerCreator.java:319)
	at jdk.proxy2/jdk.proxy2.$Proxy153.persist(Unknown Source)
	at org.springframework.data.jpa.repository.support.SimpleJpaRepository.save(SimpleJpaRepository.java:628)
	at java.base/jdk.internal.reflect.DirectMethodHandleAccessor.invoke(DirectMethodHandleAccessor.java:103)
	at java.base/java.lang.reflect.Method.invoke(Method.java:580)
	at org.springframework.aop.support.AopUtils.invokeJoinpointUsingReflection(AopUtils.java:355)
	at org.springframework.data.repository.core.support.RepositoryMethodInvoker$RepositoryFragmentMethodInvoker.lambda$new$0(RepositoryMethodInvoker.java:277)
	at org.springframework.data.repository.core.support.RepositoryMethodInvoker.doInvoke(RepositoryMethodInvoker.java:170)
	at org.springframework.data.repository.core.support.RepositoryMethodInvoker.invoke(RepositoryMethodInvoker.java:158)
	at org.springframework.data.repository.core.support.RepositoryComposition$RepositoryFragments.invoke(RepositoryComposition.java:516)
	at org.springframework.data.repository.core.support.RepositoryComposition.invoke(RepositoryComposition.java:285)
	at org.springframework.data.repository.core.support.RepositoryFactorySupport$ImplementationMethodExecutionInterceptor.invoke(RepositoryFactorySupport.java:628)
	at org.springframework.aop.framework.ReflectiveMethodInvocation.proceed(ReflectiveMethodInvocation.java:184)
	at org.springframework.data.repository.core.support.QueryExecutorMethodInterceptor.doInvoke(QueryExecutorMethodInterceptor.java:173)
	at org.springframework.data.repository.core.support.QueryExecutorMethodInterceptor.invoke(QueryExecutorMethodInterceptor.java:148)
	at org.springframework.aop.framework.ReflectiveMethodInvocation.proceed(ReflectiveMethodInvocation.java:184)
	at org.springframework.data.projection.DefaultMethodInvokingMethodInterceptor.invoke(DefaultMethodInvokingMethodInterceptor.java:70)
	at org.springframework.aop.framework.ReflectiveMethodInvocation.proceed(ReflectiveMethodInvocation.java:184)
	at org.springframework.transaction.interceptor.TransactionAspectSupport.invokeWithinTransaction(TransactionAspectSupport.java:379)
	at org.springframework.transaction.interceptor.TransactionInterceptor.invoke(TransactionInterceptor.java:119)
	at org.springframework.aop.framework.ReflectiveMethodInvocation.proceed(ReflectiveMethodInvocation.java:184)
	at org.springframework.dao.support.PersistenceExceptionTranslationInterceptor.invoke(PersistenceExceptionTranslationInterceptor.java:138)
	... 24 more
Caused by: org.hibernate.TransientPropertyValueException: Not-null property references a transient value - transient instance must be saved before current operation : com.scrapy.demo.domain.User.role -> com.scrapy.demo.domain.Role
	at org.hibernate.action.internal.UnresolvedEntityInsertActions.checkNoUnresolvedActionsAfterOperation(UnresolvedEntityInsertActions.java:123)
	at org.hibernate.engine.spi.ActionQueue.checkNoUnresolvedActionsAfterOperation(ActionQueue.java:460)
	at org.hibernate.internal.SessionImpl.checkNoUnresolvedActionsAfterOperation(SessionImpl.java:597)
	at org.hibernate.internal.SessionImpl.firePersist(SessionImpl.java:771)
	... 49 more

[ERROR] com.scrapy.demo.service.UserServiceTest.testFindByUsername -- Time elapsed: 0.229 s <<< ERROR!
org.springframework.dao.InvalidDataAccessApiUsageException: org.hibernate.TransientPropertyValueException: Not-null property references a transient value - transient instance must be saved before current operation : com.scrapy.demo.domain.User.role -> com.scrapy.demo.domain.Role
	at org.springframework.orm.jpa.EntityManagerFactoryUtils.convertJpaAccessExceptionIfPossible(EntityManagerFactoryUtils.java:368)
	at org.springframework.orm.jpa.vendor.HibernateJpaDialect.translateExceptionIfPossible(HibernateJpaDialect.java:246)
	at org.springframework.orm.jpa.AbstractEntityManagerFactoryBean.translateExceptionIfPossible(AbstractEntityManagerFactoryBean.java:550)
	at org.springframework.dao.support.ChainedPersistenceExceptionTranslator.translateExceptionIfPossible(ChainedPersistenceExceptionTranslator.java:61)
	at org.springframework.dao.support.DataAccessUtils.translateIfNecessary(DataAccessUtils.java:335)
	at org.springframework.dao.support.PersistenceExceptionTranslationInterceptor.invoke(PersistenceExceptionTranslationInterceptor.java:160)
	at org.springframework.aop.framework.ReflectiveMethodInvocation.proceed(ReflectiveMethodInvocation.java:184)
	at org.springframework.data.jpa.repository.support.CrudMethodMetadataPostProcessor$CrudMethodMetadataPopulatingMethodInterceptor.invoke(CrudMethodMetadataPostProcessor.java:165)
	at org.springframework.aop.framework.ReflectiveMethodInvocation.proceed(ReflectiveMethodInvocation.java:184)
	at org.springframework.aop.interceptor.ExposeInvocationInterceptor.invoke(ExposeInvocationInterceptor.java:97)
	at org.springframework.aop.framework.ReflectiveMethodInvocation.proceed(ReflectiveMethodInvocation.java:184)
	at org.springframework.aop.framework.JdkDynamicAopProxy.invoke(JdkDynamicAopProxy.java:223)
	at jdk.proxy2/jdk.proxy2.$Proxy157.save(Unknown Source)
	at com.scrapy.demo.service.UserService.register(UserService.java:40)
	at java.base/jdk.internal.reflect.DirectMethodHandleAccessor.invoke(DirectMethodHandleAccessor.java:103)
	at java.base/java.lang.reflect.Method.invoke(Method.java:580)
	at org.springframework.aop.support.AopUtils.invokeJoinpointUsingReflection(AopUtils.java:355)
	at org.springframework.aop.framework.ReflectiveMethodInvocation.invokeJoinpoint(ReflectiveMethodInvocation.java:196)
	at org.springframework.aop.framework.ReflectiveMethodInvocation.proceed(ReflectiveMethodInvocation.java:163)
	at org.springframework.aop.framework.CglibAopProxy$CglibMethodInvocation.proceed(CglibAopProxy.java:768)
	at org.springframework.transaction.interceptor.TransactionAspectSupport.invokeWithinTransaction(TransactionAspectSupport.java:379)
	at org.springframework.transaction.interceptor.TransactionInterceptor.invoke(TransactionInterceptor.java:119)
	at org.springframework.aop.framework.ReflectiveMethodInvocation.proceed(ReflectiveMethodInvocation.java:184)
	at org.springframework.aop.framework.CglibAopProxy$CglibMethodInvocation.proceed(CglibAopProxy.java:768)
	at org.springframework.aop.framework.CglibAopProxy$DynamicAdvisedInterceptor.intercept(CglibAopProxy.java:720)
	at com.scrapy.demo.service.UserService$$SpringCGLIB$$0.register(<generated>)
	at com.scrapy.demo.service.UserServiceTest.testFindByUsername(UserServiceTest.java:69)
	at java.base/java.lang.reflect.Method.invoke(Method.java:580)
	at java.base/java.util.ArrayList.forEach(ArrayList.java:1596)
	at java.base/java.util.ArrayList.forEach(ArrayList.java:1596)
Caused by: java.lang.IllegalStateException: org.hibernate.TransientPropertyValueException: Not-null property references a transient value - transient instance must be saved before current operation : com.scrapy.demo.domain.User.role -> com.scrapy.demo.domain.Role
	at org.hibernate.internal.ExceptionConverterImpl.convert(ExceptionConverterImpl.java:157)
	at org.hibernate.internal.ExceptionConverterImpl.convert(ExceptionConverterImpl.java:167)
	at org.hibernate.internal.ExceptionConverterImpl.convert(ExceptionConverterImpl.java:173)
	at org.hibernate.internal.SessionImpl.firePersist(SessionImpl.java:774)
	at org.hibernate.internal.SessionImpl.persist(SessionImpl.java:741)
	at java.base/jdk.internal.reflect.DirectMethodHandleAccessor.invoke(DirectMethodHandleAccessor.java:103)
	at java.base/java.lang.reflect.Method.invoke(Method.java:580)
	at org.springframework.orm.jpa.SharedEntityManagerCreator$SharedEntityManagerInvocationHandler.invoke(SharedEntityManagerCreator.java:319)
	at jdk.proxy2/jdk.proxy2.$Proxy153.persist(Unknown Source)
	at org.springframework.data.jpa.repository.support.SimpleJpaRepository.save(SimpleJpaRepository.java:628)
	at java.base/jdk.internal.reflect.DirectMethodHandleAccessor.invoke(DirectMethodHandleAccessor.java:103)
	at java.base/java.lang.reflect.Method.invoke(Method.java:580)
	at org.springframework.aop.support.AopUtils.invokeJoinpointUsingReflection(AopUtils.java:355)
	at org.springframework.data.repository.core.support.RepositoryMethodInvoker$RepositoryFragmentMethodInvoker.lambda$new$0(RepositoryMethodInvoker.java:277)
	at org.springframework.data.repository.core.support.RepositoryMethodInvoker.doInvoke(RepositoryMethodInvoker.java:170)
	at org.springframework.data.repository.core.support.RepositoryMethodInvoker.invoke(RepositoryMethodInvoker.java:158)
	at org.springframework.data.repository.core.support.RepositoryComposition$RepositoryFragments.invoke(RepositoryComposition.java:516)
	at org.springframework.data.repository.core.support.RepositoryComposition.invoke(RepositoryComposition.java:285)
	at org.springframework.data.repository.core.support.RepositoryFactorySupport$ImplementationMethodExecutionInterceptor.invoke(RepositoryFactorySupport.java:628)
	at org.springframework.aop.framework.ReflectiveMethodInvocation.proceed(ReflectiveMethodInvocation.java:184)
	at org.springframework.data.repository.core.support.QueryExecutorMethodInterceptor.doInvoke(QueryExecutorMethodInterceptor.java:173)
	at org.springframework.data.repository.core.support.QueryExecutorMethodInterceptor.invoke(QueryExecutorMethodInterceptor.java:148)
	at org.springframework.aop.framework.ReflectiveMethodInvocation.proceed(ReflectiveMethodInvocation.java:184)
	at org.springframework.data.projection.DefaultMethodInvokingMethodInterceptor.invoke(DefaultMethodInvokingMethodInterceptor.java:70)
	at org.springframework.aop.framework.ReflectiveMethodInvocation.proceed(ReflectiveMethodInvocation.java:184)
	at org.springframework.transaction.interceptor.TransactionAspectSupport.invokeWithinTransaction(TransactionAspectSupport.java:379)
	at org.springframework.transaction.interceptor.TransactionInterceptor.invoke(TransactionInterceptor.java:119)
	at org.springframework.aop.framework.ReflectiveMethodInvocation.proceed(ReflectiveMethodInvocation.java:184)
	at org.springframework.dao.support.PersistenceExceptionTranslationInterceptor.invoke(PersistenceExceptionTranslationInterceptor.java:138)
	... 24 more
Caused by: org.hibernate.TransientPropertyValueException: Not-null property references a transient value - transient instance must be saved before current operation : com.scrapy.demo.domain.User.role -> com.scrapy.demo.domain.Role
	at org.hibernate.action.internal.UnresolvedEntityInsertActions.checkNoUnresolvedActionsAfterOperation(UnresolvedEntityInsertActions.java:123)
	at org.hibernate.engine.spi.ActionQueue.checkNoUnresolvedActionsAfterOperation(ActionQueue.java:460)
	at org.hibernate.internal.SessionImpl.checkNoUnresolvedActionsAfterOperation(SessionImpl.java:597)
	at org.hibernate.internal.SessionImpl.firePersist(SessionImpl.java:771)
	... 49 more

[ERROR] Failures: 
[ERROR]   CourseControllerTest.testCreateCourse:107 Status expected:<200> but was:<401>
[ERROR]   CourseControllerTest.testCreateCourseValidationError:157 Status expected:<400> but was:<401>
[ERROR]   CourseControllerTest.testDeleteCourse:137 Status expected:<204> but was:<401>
[ERROR]   CourseControllerTest.testDeleteCourseNotFound:143 Status expected:<404> but was:<401>
[ERROR]   CourseControllerTest.testGetCourseById:65 Status expected:<200> but was:<401>
[ERROR]   CourseControllerTest.testGetCourseByIdNotFound:73 Status expected:<404> but was:<401>
[ERROR]   CourseControllerTest.testGetCourseByName:81 Status expected:<200> but was:<401>
[ERROR]   CourseControllerTest.testGetCoursesByTeacher:96 Status expected:<200> but was:<401>
[ERROR]   CourseControllerTest.testListCourses:55 Status expected:<200> but was:<401>
[ERROR]   CourseControllerTest.testUpdateCourse:127 Status expected:<200> but was:<401>
[ERROR]   ScoreAnalysisControllerTest.testGetClassAnalysis:106 Status expected:<200> but was:<401>
[ERROR]   ScoreAnalysisControllerTest.testGetCourseAnalysis:89 Status expected:<200> but was:<401>
[ERROR]   ScoreAnalysisControllerTest.testGetOverallAnalysis:76 Status expected:<200> but was:<401>
[ERROR]   ScoreAnalysisControllerTest.testGetPassRates:114 Status expected:<200> but was:<401>
[ERROR]   ScoreAnalysisControllerTest.testGetStudentAnalysis:98 Status expected:<200> but was:<401>
[ERROR]   ScoreAnalysisControllerTest.testGetStudentRankings:121 Status expected:<200> but was:<401>
[ERROR]   ScoreControllerTest.testCreateScore:128 Status expected:<200> but was:<401>
[ERROR]   ScoreControllerTest.testDeleteScore:149 Status expected:<204> but was:<401>
[ERROR]   ScoreControllerTest.testDeleteScoreNotFound:155 Status expected:<404> but was:<401>
[ERROR]   ScoreControllerTest.testGetScoreById:93 Status expected:<200> but was:<401>
[ERROR]   ScoreControllerTest.testGetScoreByIdNotFound:100 Status expected:<404> but was:<401>
[ERROR]   ScoreControllerTest.testGetScoresByCourse:117 Status expected:<200> but was:<401>
[ERROR]   ScoreControllerTest.testGetScoresByStudent:108 Status expected:<200> but was:<401>
[ERROR]   ScoreControllerTest.testListScores:83 Status expected:<200> but was:<401>
[ERROR]   ScoreControllerTest.testUpdateScore:140 Status expected:<200> but was:<401>
[ERROR]   StudentControllerTest.testCreateStudent:110 Status expected:<200> but was:<401>
[ERROR]   StudentControllerTest.testCreateStudentValidationError:160 Status expected:<400> but was:<401>
[ERROR]   StudentControllerTest.testDeleteStudent:141 Status expected:<204> but was:<401>
[ERROR]   StudentControllerTest.testDeleteStudentNotFound:147 Status expected:<404> but was:<401>
[ERROR]   StudentControllerTest.testGetStudentById:67 Status expected:<200> but was:<401>
[ERROR]   StudentControllerTest.testGetStudentByIdNotFound:75 Status expected:<404> but was:<401>
[ERROR]   StudentControllerTest.testGetStudentByStudentNumber:83 Status expected:<200> but was:<401>
[ERROR]   StudentControllerTest.testGetStudentsByClass:99 Status expected:<200> but was:<401>
[ERROR]   StudentControllerTest.testListStudents:57 Status expected:<200> but was:<401>
[ERROR]   StudentControllerTest.testUpdateStudent:131 Status expected:<200> but was:<401>
[ERROR] Errors: 
[ERROR]   CourseServiceTest.testCreditValidation:136 ? ConstraintViolation Validation failed for classes [com.scrapy.demo.domain.Course] during persist time for groups [jakarta.validation.groups.Default, ]
List of constraint violations:[
	ConstraintViolationImpl{interpolatedMessage='学分不能低于0.5', propertyPath=credit, rootBeanClass=class com.scrapy.demo.domain.Course, messageTemplate='学分不能低于0.5'}
]
[ERROR]   ScoreServiceTest.testScoreValidation:166 ? ConstraintViolation Validation failed for classes [com.scrapy.demo.domain.Score] during persist time for groups [jakarta.validation.groups.Default, ]
List of constraint violations:[
	ConstraintViolationImpl{interpolatedMessage='成绩不能为空小于0', propertyPath=value, rootBeanClass=class com.scrapy.demo.domain.Score, messageTemplate='成绩不能为空小于0'}
]
[ERROR]   ScoreServiceTest.testUpdateScoreValue:124 ? DataIntegrityViolation could not execute statement [Cannot add or update a child row: a foreign key constraint fails (`student_management`.`score_history`, CONSTRAINT `score_history_ibfk_1` FOREIGN KEY (`score_id`) REFERENCES `score` (`id`) ON DELETE CASCADE)] [insert into score_history (after_value,before_value,score_id,updated_at) values (?,?,?,?)]; SQL [insert into score_history (after_value,before_value,score_id,updated_at) values (?,?,?,?)]; constraint [null]
[ERROR]   UserServiceTest.testFindByUsername:69 ? InvalidDataAccessApiUsage org.hibernate.TransientPropertyValueException: Not-null property references a transient value - transient instance must be saved before current operation : com.scrapy.demo.domain.User.role -> com.scrapy.demo.domain.Role
[ERROR]   UserServiceTest.testListAllUsers:110 ? InvalidDataAccessApiUsage org.hibernate.TransientPropertyValueException: Not-null property references a transient value - transient instance must be saved before current operation : com.scrapy.demo.domain.User.role -> com.scrapy.demo.domain.Role
[ERROR]   UserServiceTest.testLoadUserByUsername:90 ? InvalidDataAccessApiUsage org.hibernate.TransientPropertyValueException: Not-null property references a transient value - transient instance must be saved before current operation : com.scrapy.demo.domain.User.role -> com.scrapy.demo.domain.Role
[ERROR]   UserServiceTest.testPasswordEncryption:128 ? InvalidDataAccessApiUsage org.hibernate.TransientPropertyValueException: Not-null property references a transient value - transient instance must be saved before current operation : com.scrapy.demo.domain.User.role -> com.scrapy.demo.domain.Role
[ERROR]   UserServiceTest.testRegisterUser:56 ? InvalidDataAccessApiUsage org.hibernate.TransientPropertyValueException: Not-null property references a transient value - transient instance must be saved before current operation : com.scrapy.demo.domain.User.role -> com.scrapy.demo.domain.Role
[ERROR] Tests run: 90, Failures: 35, Errors: 8, Skipped: 0
[ERROR] Failed to execute goal org.apache.maven.plugins:maven-surefire-plugin:3.2.5:test (default-test) on project demo: There are test failures.
[ERROR] 
[ERROR] Please refer to D:\begin\code\java_project\demo\target\surefire-reports for the individual test results.
[ERROR] Please refer to dump files (if any exist) [date].dump, [date]-jvmRun[N].dump and [date].dumpstream.
[ERROR] -> [Help 1]
[ERROR] 
[ERROR] To see the full stack trace of the errors, re-run Maven with the -e switch.
[ERROR] Re-run Maven using the -X switch to enable full debug logging.
[ERROR] 
[ERROR] For more information about the errors and possible solutions, please read the following articles:
[ERROR] [Help 1] http://cwiki.apache.org/confluence/display/MAVEN/MojoFailureException
